Java HotSpot(TM) 64-Bit Server VM (25.251-b08) for bsd-amd64 JRE (1.8.0_251-b08), built on Mar 12 2020 02:36:37 by "java_re" with gcc 4.2.1 (Based on Apple Inc. build 5658) (LLVM build 2336.11.00)
Memory: 4k page, physical 33554432k(1328156k free)

/proc/meminfo:

CommandLine flags: -XX:InitialHeapSize=536870912 -XX:MaxHeapSize=536870912 -XX:MaxNewSize=178958336 -XX:MaxTenuringThreshold=6 -XX:NewSize=178958336 -XX:OldPLABSize=16 -XX:OldSize=357912576 -XX:+PrintGC -XX:+PrintGCDateStamps -XX:+PrintGCDetails -XX:+PrintGCTimeStamps -XX:+UseCompressedClassPointers -XX:+UseCompressedOops -XX:+UseConcMarkSweepGC -XX:+UseParNewGC 
2020-10-27T22:23:39.086-0800: 0.585: [GC (Allocation Failure) 2020-10-27T22:23:39.086-0800: 0.585: [ParNew: 139776K->7074K(157248K), 0.0065397 secs] 139776K->7074K(506816K), 0.0066531 secs] [Times: user=0.03 sys=0.00, real=0.01 secs] 
2020-10-27T22:23:39.385-0800: 0.885: [GC (Allocation Failure) 2020-10-27T22:23:39.385-0800: 0.885: [ParNew: 146850K->12935K(157248K), 0.0070026 secs] 146850K->12935K(506816K), 0.0070921 secs] [Times: user=0.03 sys=0.01, real=0.01 secs] 
2020-10-27T22:23:39.392-0800: 0.892: [GC (CMS Initial Mark) [1 CMS-initial-mark: 0K(349568K)] 13401K(506816K), 0.0009035 secs] [Times: user=0.01 sys=0.00, real=0.00 secs] 
2020-10-27T22:23:39.393-0800: 0.893: [CMS-concurrent-mark-start]
2020-10-27T22:23:39.393-0800: 0.893: [CMS-concurrent-mark: 0.000/0.000 secs] [Times: user=0.00 sys=0.00, real=0.00 secs] 
2020-10-27T22:23:39.393-0800: 0.893: [CMS-concurrent-preclean-start]
2020-10-27T22:23:39.394-0800: 0.894: [CMS-concurrent-preclean: 0.001/0.001 secs] [Times: user=0.00 sys=0.00, real=0.00 secs] 
2020-10-27T22:23:39.394-0800: 0.894: [CMS-concurrent-abortable-preclean-start]
2020-10-27T22:23:39.670-0800: 1.170: [CMS-concurrent-abortable-preclean: 0.170/0.276 secs] [Times: user=1.50 sys=0.03, real=0.28 secs] 
2020-10-27T22:23:39.670-0800: 1.170: [GC (CMS Final Remark) [YG occupancy: 95423 K (157248 K)]2020-10-27T22:23:39.670-0800: 1.170: [Rescan (parallel) , 0.0043208 secs]2020-10-27T22:23:39.675-0800: 1.174: [weak refs processing, 0.0000231 secs]2020-10-27T22:23:39.675-0800: 1.174: [class unloading, 0.0028633 secs]2020-10-27T22:23:39.678-0800: 1.177: [scrub symbol table, 0.0017540 secs]2020-10-27T22:23:39.679-0800: 1.179: [scrub string table, 0.0002739 secs][1 CMS-remark: 0K(349568K)] 95423K(506816K), 0.0100079 secs] [Times: user=0.05 sys=0.00, real=0.01 secs] 
2020-10-27T22:23:39.680-0800: 1.180: [CMS-concurrent-sweep-start]
2020-10-27T22:23:39.680-0800: 1.180: [CMS-concurrent-sweep: 0.000/0.000 secs] [Times: user=0.00 sys=0.00, real=0.00 secs] 
2020-10-27T22:23:39.680-0800: 1.180: [CMS-concurrent-reset-start]
2020-10-27T22:23:39.683-0800: 1.182: [CMS-concurrent-reset: 0.002/0.002 secs] [Times: user=0.01 sys=0.00, real=0.00 secs] 
2020-10-27T22:23:39.910-0800: 1.409: [GC (Allocation Failure) 2020-10-27T22:23:39.910-0800: 1.409: [ParNew: 152711K->10176K(157248K), 0.0150360 secs] 152711K->13426K(506816K), 0.0152009 secs] [Times: user=0.07 sys=0.01, real=0.01 secs] 
2020-10-27T22:23:40.427-0800: 1.927: [GC (Allocation Failure) 2020-10-27T22:23:40.427-0800: 1.927: [ParNew: 149952K->17261K(157248K), 0.0079498 secs] 153202K->20511K(506816K), 0.0080356 secs] [Times: user=0.05 sys=0.00, real=0.01 secs] 
2020-10-27T22:23:40.779-0800: 2.279: [GC (Allocation Failure) 2020-10-27T22:23:40.779-0800: 2.279: [ParNew: 157037K->11206K(157248K), 0.0154451 secs] 160287K->26521K(506816K), 0.0155387 secs] [Times: user=0.08 sys=0.01, real=0.02 secs] 
2020-10-27T22:23:47.973-0800: 9.472: [GC (Allocation Failure) 2020-10-27T22:23:47.973-0800: 9.472: [ParNew: 150982K->10453K(157248K), 0.0049174 secs] 166297K->25768K(506816K), 0.0050270 secs] [Times: user=0.03 sys=0.00, real=0.00 secs] 
2020-10-27T22:23:48.512-0800: 10.011: [GC (Allocation Failure) 2020-10-27T22:23:48.512-0800: 10.011: [ParNew: 150229K->11647K(157248K), 0.0043321 secs] 165544K->26962K(506816K), 0.0044426 secs] [Times: user=0.03 sys=0.00, real=0.00 secs] 
2020-10-27T22:23:48.974-0800: 10.473: [GC (Allocation Failure) 2020-10-27T22:23:48.974-0800: 10.473: [ParNew: 151423K->12296K(157248K), 0.0041249 secs] 166738K->27611K(506816K), 0.0042363 secs] [Times: user=0.02 sys=0.00, real=0.00 secs] 
2020-10-27T22:23:49.423-0800: 10.922: [GC (Allocation Failure) 2020-10-27T22:23:49.423-0800: 10.922: [ParNew: 152072K->11617K(157248K), 0.0041452 secs] 167387K->26932K(506816K), 0.0042810 secs] [Times: user=0.03 sys=0.00, real=0.00 secs] 
2020-10-27T22:23:49.849-0800: 11.348: [GC (Allocation Failure) 2020-10-27T22:23:49.849-0800: 11.348: [ParNew: 151393K->11636K(157248K), 0.0046447 secs] 166708K->26951K(506816K), 0.0047401 secs] [Times: user=0.03 sys=0.00, real=0.01 secs] 
2020-10-27T22:23:50.259-0800: 11.758: [GC (Allocation Failure) 2020-10-27T22:23:50.259-0800: 11.758: [ParNew: 151412K->9840K(157248K), 0.0047327 secs] 166727K->27398K(506816K), 0.0048450 secs] [Times: user=0.03 sys=0.00, real=0.01 secs] 
2020-10-27T22:23:50.634-0800: 12.134: [GC (Allocation Failure) 2020-10-27T22:23:50.634-0800: 12.134: [ParNew: 149616K->4173K(157248K), 0.0053442 secs] 167174K->27380K(506816K), 0.0054336 secs] [Times: user=0.03 sys=0.01, real=0.01 secs] 
2020-10-27T22:23:50.983-0800: 12.483: [GC (Allocation Failure) 2020-10-27T22:23:50.983-0800: 12.483: [ParNew: 143949K->1113K(157248K), 0.0036417 secs] 167156K->24415K(506816K), 0.0037322 secs] [Times: user=0.02 sys=0.00, real=0.00 secs] 
2020-10-27T22:23:51.318-0800: 12.818: [GC (Allocation Failure) 2020-10-27T22:23:51.318-0800: 12.818: [ParNew: 140889K->313K(157248K), 0.0039685 secs] 164191K->23623K(506816K), 0.0040826 secs] [Times: user=0.03 sys=0.00, real=0.01 secs] 
2020-10-27T22:23:51.622-0800: 13.122: [GC (Allocation Failure) 2020-10-27T22:23:51.622-0800: 13.122: [ParNew: 140089K->209K(157248K), 0.0033449 secs] 163399K->23523K(506816K), 0.0034328 secs] [Times: user=0.02 sys=0.00, real=0.00 secs] 
2020-10-27T22:23:51.908-0800: 13.407: [GC (Allocation Failure) 2020-10-27T22:23:51.908-0800: 13.407: [ParNew: 139985K->198K(157248K), 0.0028688 secs] 163299K->23513K(506816K), 0.0029547 secs] [Times: user=0.02 sys=0.00, real=0.01 secs] 
2020-10-27T22:23:52.170-0800: 13.669: [GC (Allocation Failure) 2020-10-27T22:23:52.170-0800: 13.669: [ParNew: 139974K->166K(157248K), 0.0034376 secs] 163289K->23484K(506816K), 0.0035440 secs] [Times: user=0.03 sys=0.00, real=0.00 secs] 
2020-10-27T22:23:52.408-0800: 13.908: [GC (Allocation Failure) 2020-10-27T22:23:52.408-0800: 13.908: [ParNew: 139942K->208K(157248K), 0.0033639 secs] 163260K->23533K(506816K), 0.0034481 secs] [Times: user=0.02 sys=0.00, real=0.01 secs] 
2020-10-27T22:23:52.609-0800: 14.108: [GC (Allocation Failure) 2020-10-27T22:23:52.609-0800: 14.108: [ParNew: 139984K->443K(157248K), 0.0036379 secs] 163309K->23772K(506816K), 0.0037281 secs] [Times: user=0.03 sys=0.00, real=0.01 secs] 
2020-10-27T22:23:52.805-0800: 14.305: [GC (Allocation Failure) 2020-10-27T22:23:52.806-0800: 14.305: [ParNew: 140219K->560K(157248K), 0.0036178 secs] 163548K->23890K(506816K), 0.0037083 secs] [Times: user=0.03 sys=0.00, real=0.00 secs] 
2020-10-27T22:23:52.968-0800: 14.468: [GC (Allocation Failure) 2020-10-27T22:23:52.968-0800: 14.468: [ParNew: 140336K->512K(157248K), 0.0036052 secs] 163666K->23850K(506816K), 0.0037100 secs] [Times: user=0.03 sys=0.00, real=0.01 secs] 
2020-10-27T22:23:53.125-0800: 14.624: [GC (Allocation Failure) 2020-10-27T22:23:53.125-0800: 14.624: [ParNew: 140244K->536K(157248K), 0.0036595 secs] 163582K->23883K(506816K), 0.0037560 secs] [Times: user=0.03 sys=0.00, real=0.00 secs] 
2020-10-27T22:23:53.268-0800: 14.768: [GC (Allocation Failure) 2020-10-27T22:23:53.268-0800: 14.768: [ParNew: 140312K->488K(157248K), 0.0052530 secs] 163659K->23837K(506816K), 0.0053514 secs] [Times: user=0.03 sys=0.00, real=0.01 secs] 
2020-10-27T22:23:53.400-0800: 14.899: [GC (Allocation Failure) 2020-10-27T22:23:53.400-0800: 14.899: [ParNew: 140264K->457K(157248K), 0.0036880 secs] 163613K->23830K(506816K), 0.0037802 secs] [Times: user=0.02 sys=0.00, real=0.00 secs] 
2020-10-27T22:23:53.535-0800: 15.035: [GC (Allocation Failure) 2020-10-27T22:23:53.535-0800: 15.035: [ParNew: 140233K->300K(157248K), 0.0037719 secs] 163606K->23896K(506816K), 0.0038761 secs] [Times: user=0.03 sys=0.00, real=0.00 secs] 
2020-10-27T22:23:53.666-0800: 15.166: [GC (Allocation Failure) 2020-10-27T22:23:53.666-0800: 15.166: [ParNew: 140076K->163K(157248K), 0.0036020 secs] 163672K->23776K(506816K), 0.0036769 secs] [Times: user=0.03 sys=0.00, real=0.01 secs] 
2020-10-27T22:23:53.800-0800: 15.299: [GC (Allocation Failure) 2020-10-27T22:23:53.800-0800: 15.299: [ParNew: 139939K->117K(157248K), 0.0038209 secs] 163552K->23738K(506816K), 0.0039055 secs] [Times: user=0.03 sys=0.00, real=0.00 secs] 
2020-10-27T22:23:53.932-0800: 15.431: [GC (Allocation Failure) 2020-10-27T22:23:53.932-0800: 15.431: [ParNew: 139893K->128K(157248K), 0.0034708 secs] 163514K->23750K(506816K), 0.0035480 secs] [Times: user=0.02 sys=0.00, real=0.00 secs] 
2020-10-27T22:23:54.065-0800: 15.564: [GC (Allocation Failure) 2020-10-27T22:23:54.065-0800: 15.564: [ParNew: 139904K->160K(157248K), 0.0036660 secs] 163526K->23782K(506816K), 0.0037382 secs] [Times: user=0.03 sys=0.00, real=0.00 secs] 
2020-10-27T22:23:54.192-0800: 15.691: [GC (Allocation Failure) 2020-10-27T22:23:54.192-0800: 15.691: [ParNew: 139936K->139K(157248K), 0.0033850 secs] 163558K->23762K(506816K), 0.0034679 secs] [Times: user=0.02 sys=0.00, real=0.00 secs] 
2020-10-27T22:23:54.316-0800: 15.816: [GC (Allocation Failure) 2020-10-27T22:23:54.316-0800: 15.816: [ParNew: 139915K->134K(157248K), 0.0035840 secs] 163538K->23757K(506816K), 0.0036742 secs] [Times: user=0.03 sys=0.00, real=0.01 secs] 
2020-10-27T22:23:54.439-0800: 15.938: [GC (Allocation Failure) 2020-10-27T22:23:54.439-0800: 15.938: [ParNew: 139910K->132K(157248K), 0.0035337 secs] 163533K->23755K(506816K), 0.0036364 secs] [Times: user=0.03 sys=0.00, real=0.01 secs] 
2020-10-27T22:23:54.569-0800: 16.068: [GC (Allocation Failure) 2020-10-27T22:23:54.569-0800: 16.068: [ParNew: 139904K->119K(157248K), 0.0034199 secs] 163527K->23742K(506816K), 0.0035088 secs] [Times: user=0.02 sys=0.00, real=0.01 secs] 
2020-10-27T22:23:54.696-0800: 16.196: [GC (Allocation Failure) 2020-10-27T22:23:54.696-0800: 16.196: [ParNew: 139895K->138K(157248K), 0.0039045 secs] 163518K->23762K(506816K), 0.0039940 secs] [Times: user=0.03 sys=0.00, real=0.01 secs] 
2020-10-27T22:23:54.821-0800: 16.321: [GC (Allocation Failure) 2020-10-27T22:23:54.821-0800: 16.321: [ParNew: 139910K->119K(157248K), 0.0036785 secs] 163533K->23743K(506816K), 0.0037678 secs] [Times: user=0.02 sys=0.01, real=0.00 secs] 
2020-10-27T22:23:54.959-0800: 16.458: [GC (Allocation Failure) 2020-10-27T22:23:54.959-0800: 16.459: [ParNew: 139895K->123K(157248K), 0.0043049 secs] 163519K->23747K(506816K), 0.0044071 secs] [Times: user=0.02 sys=0.00, real=0.01 secs] 
2020-10-27T22:23:55.097-0800: 16.596: [GC (Allocation Failure) 2020-10-27T22:23:55.097-0800: 16.596: [ParNew: 139899K->137K(157248K), 0.0037309 secs] 163523K->23761K(506816K), 0.0038164 secs] [Times: user=0.03 sys=0.00, real=0.01 secs] 
2020-10-27T22:23:55.235-0800: 16.734: [GC (Allocation Failure) 2020-10-27T22:23:55.235-0800: 16.734: [ParNew: 139913K->109K(157248K), 0.0035800 secs] 163537K->23733K(506816K), 0.0036685 secs] [Times: user=0.03 sys=0.00, real=0.00 secs] 
2020-10-27T22:23:55.357-0800: 16.856: [GC (Allocation Failure) 2020-10-27T22:23:55.357-0800: 16.856: [ParNew: 139885K->124K(157248K), 0.0035331 secs] 163509K->23748K(506816K), 0.0036310 secs] [Times: user=0.03 sys=0.00, real=0.01 secs] 
2020-10-27T22:23:55.475-0800: 16.975: [GC (Allocation Failure) 2020-10-27T22:23:55.475-0800: 16.975: [ParNew: 139900K->100K(157248K), 0.0035703 secs] 163524K->23724K(506816K), 0.0036612 secs] [Times: user=0.02 sys=0.00, real=0.00 secs] 
2020-10-27T22:23:55.602-0800: 17.101: [GC (Allocation Failure) 2020-10-27T22:23:55.602-0800: 17.101: [ParNew: 139876K->135K(157248K), 0.0034053 secs] 163500K->23760K(506816K), 0.0034850 secs] [Times: user=0.02 sys=0.00, real=0.00 secs] 
2020-10-27T22:23:55.734-0800: 17.233: [GC (Allocation Failure) 2020-10-27T22:23:55.734-0800: 17.233: [ParNew: 139911K->115K(157248K), 0.0035113 secs] 163536K->23740K(506816K), 0.0035961 secs] [Times: user=0.02 sys=0.00, real=0.00 secs] 
2020-10-27T22:23:55.850-0800: 17.350: [GC (Allocation Failure) 2020-10-27T22:23:55.850-0800: 17.350: [ParNew: 139891K->132K(157248K), 0.0033806 secs] 163516K->23757K(506816K), 0.0034997 secs] [Times: user=0.03 sys=0.00, real=0.00 secs] 
2020-10-27T22:23:55.971-0800: 17.470: [GC (Allocation Failure) 2020-10-27T22:23:55.971-0800: 17.470: [ParNew: 139908K->192K(157248K), 0.0037929 secs] 163533K->23817K(506816K), 0.0038828 secs] [Times: user=0.03 sys=0.00, real=0.00 secs] 
2020-10-27T22:23:56.104-0800: 17.603: [GC (Allocation Failure) 2020-10-27T22:23:56.104-0800: 17.604: [ParNew: 139968K->137K(157248K), 0.0035122 secs] 163593K->23762K(506816K), 0.0036029 secs] [Times: user=0.03 sys=0.00, real=0.00 secs] 
2020-10-27T22:23:56.243-0800: 17.742: [GC (Allocation Failure) 2020-10-27T22:23:56.243-0800: 17.743: [ParNew: 139913K->125K(157248K), 0.0034552 secs] 163538K->23750K(506816K), 0.0035355 secs] [Times: user=0.02 sys=0.00, real=0.00 secs] 
2020-10-27T22:23:56.382-0800: 17.881: [GC (Allocation Failure) 2020-10-27T22:23:56.382-0800: 17.881: [ParNew: 139901K->128K(157248K), 0.0035434 secs] 163526K->23753K(506816K), 0.0036324 secs] [Times: user=0.03 sys=0.00, real=0.00 secs] 
2020-10-27T22:23:56.492-0800: 17.991: [GC (Allocation Failure) 2020-10-27T22:23:56.492-0800: 17.991: [ParNew: 139904K->146K(157248K), 0.0036175 secs] 163529K->23772K(506816K), 0.0037121 secs] [Times: user=0.02 sys=0.00, real=0.00 secs] 
2020-10-27T22:23:56.621-0800: 18.120: [GC (Allocation Failure) 2020-10-27T22:23:56.621-0800: 18.120: [ParNew: 139922K->116K(157248K), 0.0036422 secs] 163548K->23747K(506816K), 0.0037331 secs] [Times: user=0.03 sys=0.00, real=0.00 secs] 
2020-10-27T22:23:56.751-0800: 18.250: [GC (Allocation Failure) 2020-10-27T22:23:56.751-0800: 18.250: [ParNew: 139892K->132K(157248K), 0.0036990 secs] 163523K->23763K(506816K), 0.0037858 secs] [Times: user=0.02 sys=0.00, real=0.00 secs] 
2020-10-27T22:23:56.865-0800: 18.365: [GC (Allocation Failure) 2020-10-27T22:23:56.865-0800: 18.365: [ParNew: 139908K->149K(157248K), 0.0033230 secs] 163539K->23780K(506816K), 0.0034030 secs] [Times: user=0.02 sys=0.00, real=0.00 secs] 
2020-10-27T22:23:56.993-0800: 18.493: [GC (Allocation Failure) 2020-10-27T22:23:56.993-0800: 18.493: [ParNew: 139925K->127K(157248K), 0.0033670 secs] 163556K->23758K(506816K), 0.0034458 secs] [Times: user=0.02 sys=0.00, real=0.00 secs] 
2020-10-27T22:23:57.110-0800: 18.610: [GC (Allocation Failure) 2020-10-27T22:23:57.111-0800: 18.610: [ParNew: 139903K->130K(157248K), 0.0032827 secs] 163534K->23761K(506816K), 0.0033677 secs] [Times: user=0.02 sys=0.00, real=0.00 secs] 
2020-10-27T22:23:57.263-0800: 18.762: [GC (Allocation Failure) 2020-10-27T22:23:57.263-0800: 18.762: [ParNew: 139906K->120K(157248K), 0.0038682 secs] 163537K->23751K(506816K), 0.0039516 secs] [Times: user=0.03 sys=0.00, real=0.00 secs] 
2020-10-27T22:23:57.386-0800: 18.885: [GC (Allocation Failure) 2020-10-27T22:23:57.386-0800: 18.885: [ParNew: 139896K->98K(157248K), 0.0036455 secs] 163527K->23730K(506816K), 0.0037201 secs] [Times: user=0.03 sys=0.00, real=0.01 secs] 
2020-10-27T22:23:57.509-0800: 19.009: [GC (Allocation Failure) 2020-10-27T22:23:57.509-0800: 19.009: [ParNew: 139874K->132K(157248K), 0.0033482 secs] 163506K->23764K(506816K), 0.0034764 secs] [Times: user=0.02 sys=0.01, real=0.01 secs] 
2020-10-27T22:23:57.638-0800: 19.138: [GC (Allocation Failure) 2020-10-27T22:23:57.638-0800: 19.138: [ParNew: 139908K->95K(157248K), 0.0034300 secs] 163540K->23728K(506816K), 0.0035322 secs] [Times: user=0.03 sys=0.00, real=0.01 secs] 
2020-10-27T22:23:57.756-0800: 19.256: [GC (Allocation Failure) 2020-10-27T22:23:57.756-0800: 19.256: [ParNew: 139871K->136K(157248K), 0.0032931 secs] 163504K->23768K(506816K), 0.0033831 secs] [Times: user=0.02 sys=0.00, real=0.01 secs] 
2020-10-27T22:23:57.880-0800: 19.379: [GC (Allocation Failure) 2020-10-27T22:23:57.880-0800: 19.379: [ParNew: 139912K->99K(157248K), 0.0031888 secs] 163544K->23731K(506816K), 0.0032723 secs] [Times: user=0.02 sys=0.00, real=0.00 secs] 
2020-10-27T22:23:58.002-0800: 19.501: [GC (Allocation Failure) 2020-10-27T22:23:58.002-0800: 19.501: [ParNew: 139875K->129K(157248K), 0.0034900 secs] 163507K->23761K(506816K), 0.0035961 secs] [Times: user=0.02 sys=0.00, real=0.00 secs] 
2020-10-27T22:23:58.131-0800: 19.630: [GC (Allocation Failure) 2020-10-27T22:23:58.131-0800: 19.630: [ParNew: 139905K->132K(157248K), 0.0033769 secs] 163537K->23765K(506816K), 0.0034560 secs] [Times: user=0.02 sys=0.01, real=0.00 secs] 
2020-10-27T22:23:58.247-0800: 19.747: [GC (Allocation Failure) 2020-10-27T22:23:58.247-0800: 19.747: [ParNew: 139908K->85K(157248K), 0.0033733 secs] 163541K->23717K(506816K), 0.0034565 secs] [Times: user=0.03 sys=0.00, real=0.01 secs] 
2020-10-27T22:23:58.365-0800: 19.864: [GC (Allocation Failure) 2020-10-27T22:23:58.365-0800: 19.864: [ParNew: 139861K->119K(157248K), 0.0035164 secs] 163493K->23753K(506816K), 0.0036180 secs] [Times: user=0.02 sys=0.00, real=0.00 secs] 
2020-10-27T22:23:58.470-0800: 19.969: [GC (Allocation Failure) 2020-10-27T22:23:58.470-0800: 19.969: [ParNew: 139895K->112K(157248K), 0.0031921 secs] 163529K->23747K(506816K), 0.0032863 secs] [Times: user=0.02 sys=0.00, real=0.00 secs] 
2020-10-27T22:23:58.596-0800: 20.096: [GC (Allocation Failure) 2020-10-27T22:23:58.596-0800: 20.096: [ParNew: 139888K->82K(157248K), 0.0042665 secs] 163523K->23719K(506816K), 0.0043448 secs] [Times: user=0.03 sys=0.00, real=0.01 secs] 
2020-10-27T22:23:58.705-0800: 20.204: [GC (Allocation Failure) 2020-10-27T22:23:58.705-0800: 20.205: [ParNew: 139858K->125K(157248K), 0.0031143 secs] 163495K->23762K(506816K), 0.0032044 secs] [Times: user=0.02 sys=0.00, real=0.00 secs] 
2020-10-27T22:23:58.905-0800: 20.404: [GC (Allocation Failure) 2020-10-27T22:23:58.905-0800: 20.404: [ParNew: 139901K->106K(157248K), 0.0029893 secs] 163538K->23744K(506816K), 0.0031011 secs] [Times: user=0.02 sys=0.00, real=0.00 secs] 
2020-10-27T22:23:59.025-0800: 20.524: [GC (Allocation Failure) 2020-10-27T22:23:59.025-0800: 20.524: [ParNew: 139882K->91K(157248K), 0.0031411 secs] 163520K->23729K(506816K), 0.0032554 secs] [Times: user=0.02 sys=0.00, real=0.00 secs] 
2020-10-27T22:23:59.148-0800: 20.648: [GC (Allocation Failure) 2020-10-27T22:23:59.148-0800: 20.648: [ParNew: 139867K->127K(157248K), 0.0031899 secs] 163505K->23764K(506816K), 0.0032789 secs] [Times: user=0.02 sys=0.00, real=0.01 secs] 
2020-10-27T22:23:59.277-0800: 20.776: [GC (Allocation Failure) 2020-10-27T22:23:59.277-0800: 20.776: [ParNew: 139903K->102K(157248K), 0.0032527 secs] 163540K->23739K(506816K), 0.0033337 secs] [Times: user=0.02 sys=0.00, real=0.01 secs] 
2020-10-27T22:23:59.403-0800: 20.902: [GC (Allocation Failure) 2020-10-27T22:23:59.403-0800: 20.902: [ParNew: 139878K->129K(157248K), 0.0034604 secs] 163515K->23766K(506816K), 0.0035439 secs] [Times: user=0.02 sys=0.00, real=0.00 secs] 
2020-10-27T22:23:59.521-0800: 21.020: [GC (Allocation Failure) 2020-10-27T22:23:59.521-0800: 21.021: [ParNew: 139905K->161K(157248K), 0.0034668 secs] 163542K->23798K(506816K), 0.0035742 secs] [Times: user=0.02 sys=0.00, real=0.00 secs] 
2020-10-27T22:23:59.633-0800: 21.133: [GC (Allocation Failure) 2020-10-27T22:23:59.633-0800: 21.133: [ParNew: 139937K->150K(157248K), 0.0033696 secs] 163574K->23788K(506816K), 0.0034677 secs] [Times: user=0.02 sys=0.00, real=0.00 secs] 
2020-10-27T22:23:59.758-0800: 21.258: [GC (Allocation Failure) 2020-10-27T22:23:59.758-0800: 21.258: [ParNew: 139926K->127K(157248K), 0.0032054 secs] 163564K->23764K(506816K), 0.0032874 secs] [Times: user=0.02 sys=0.00, real=0.01 secs] 
2020-10-27T22:23:59.879-0800: 21.378: [GC (Allocation Failure) 2020-10-27T22:23:59.879-0800: 21.379: [ParNew: 139903K->142K(157248K), 0.0033475 secs] 163540K->23779K(506816K), 0.0035490 secs] [Times: user=0.02 sys=0.00, real=0.01 secs] 
2020-10-27T22:23:59.994-0800: 21.493: [GC (Allocation Failure) 2020-10-27T22:23:59.994-0800: 21.493: [ParNew: 139918K->138K(157248K), 0.0028890 secs] 163555K->23777K(506816K), 0.0029733 secs] [Times: user=0.01 sys=0.00, real=0.00 secs] 
2020-10-27T22:24:00.116-0800: 21.615: [GC (Allocation Failure) 2020-10-27T22:24:00.116-0800: 21.615: [ParNew: 139914K->155K(157248K), 0.0034362 secs] 163553K->23797K(506816K), 0.0035415 secs] [Times: user=0.02 sys=0.00, real=0.00 secs] 
2020-10-27T22:24:00.234-0800: 21.733: [GC (Allocation Failure) 2020-10-27T22:24:00.234-0800: 21.733: [ParNew: 139931K->173K(157248K), 0.0029470 secs] 163573K->23815K(506816K), 0.0030675 secs] [Times: user=0.02 sys=0.00, real=0.00 secs] 
2020-10-27T22:24:00.346-0800: 21.846: [GC (Allocation Failure) 2020-10-27T22:24:00.346-0800: 21.846: [ParNew: 139949K->168K(157248K), 0.0032487 secs] 163591K->23815K(506816K), 0.0033302 secs] [Times: user=0.02 sys=0.00, real=0.01 secs] 
2020-10-27T22:24:00.466-0800: 21.965: [GC (Allocation Failure) 2020-10-27T22:24:00.466-0800: 21.965: [ParNew: 139944K->116K(157248K), 0.0034531 secs] 163591K->23767K(506816K), 0.0035376 secs] [Times: user=0.02 sys=0.00, real=0.00 secs] 
2020-10-27T22:24:00.580-0800: 22.080: [GC (Allocation Failure) 2020-10-27T22:24:00.580-0800: 22.080: [ParNew: 139892K->140K(157248K), 0.0039327 secs] 163543K->23796K(506816K), 0.0040244 secs] [Times: user=0.02 sys=0.00, real=0.00 secs] 
2020-10-27T22:24:00.695-0800: 22.195: [GC (Allocation Failure) 2020-10-27T22:24:00.695-0800: 22.195: [ParNew: 139916K->102K(157248K), 0.0035515 secs] 163572K->23764K(506816K), 0.0036333 secs] [Times: user=0.02 sys=0.00, real=0.00 secs] 
2020-10-27T22:24:00.811-0800: 22.310: [GC (Allocation Failure) 2020-10-27T22:24:00.811-0800: 22.310: [ParNew: 139878K->105K(157248K), 0.0032728 secs] 163540K->23768K(506816K), 0.0033588 secs] [Times: user=0.03 sys=0.00, real=0.00 secs] 
2020-10-27T22:24:00.915-0800: 22.415: [GC (Allocation Failure) 2020-10-27T22:24:00.915-0800: 22.415: [ParNew: 139881K->131K(157248K), 0.0033948 secs] 163544K->23795K(506816K), 0.0034754 secs] [Times: user=0.03 sys=0.00, real=0.00 secs] 
2020-10-27T22:24:01.013-0800: 22.513: [GC (Allocation Failure) 2020-10-27T22:24:01.013-0800: 22.513: [ParNew: 139907K->118K(157248K), 0.0037060 secs] 163571K->23786K(506816K), 0.0038420 secs] [Times: user=0.02 sys=0.00, real=0.00 secs] 
2020-10-27T22:24:01.114-0800: 22.613: [GC (Allocation Failure) 2020-10-27T22:24:01.114-0800: 22.613: [ParNew: 139894K->109K(157248K), 0.0042092 secs] 163562K->23778K(506816K), 0.0044074 secs] [Times: user=0.03 sys=0.00, real=0.00 secs] 
2020-10-27T22:24:01.218-0800: 22.717: [GC (Allocation Failure) 2020-10-27T22:24:01.218-0800: 22.717: [ParNew: 139845K->111K(157248K), 0.0030857 secs] 163513K->23780K(506816K), 0.0032376 secs] [Times: user=0.02 sys=0.00, real=0.01 secs] 
2020-10-27T22:24:01.315-0800: 22.814: [GC (Allocation Failure) 2020-10-27T22:24:01.315-0800: 22.814: [ParNew: 139887K->116K(157248K), 0.0033777 secs] 163556K->23785K(506816K), 0.0035059 secs] [Times: user=0.02 sys=0.00, real=0.00 secs] 
2020-10-27T22:24:01.412-0800: 22.912: [GC (Allocation Failure) 2020-10-27T22:24:01.412-0800: 22.912: [ParNew: 139892K->100K(157248K), 0.0033830 secs] 163561K->23769K(506816K), 0.0034644 secs] [Times: user=0.03 sys=0.00, real=0.00 secs] 
2020-10-27T22:24:01.509-0800: 23.009: [GC (Allocation Failure) 2020-10-27T22:24:01.509-0800: 23.009: [ParNew: 139876K->118K(157248K), 0.0031751 secs] 163545K->23787K(506816K), 0.0033102 secs] [Times: user=0.02 sys=0.00, real=0.01 secs] 
2020-10-27T22:24:01.607-0800: 23.106: [GC (Allocation Failure) 2020-10-27T22:24:01.607-0800: 23.106: [ParNew: 139894K->111K(157248K), 0.0031030 secs] 163563K->23780K(506816K), 0.0032250 secs] [Times: user=0.02 sys=0.00, real=0.01 secs] 
2020-10-27T22:24:01.712-0800: 23.211: [GC (Allocation Failure) 2020-10-27T22:24:01.712-0800: 23.211: [ParNew: 139887K->104K(157248K), 0.0030234 secs] 163556K->23774K(506816K), 0.0031067 secs] [Times: user=0.02 sys=0.00, real=0.00 secs] 
2020-10-27T22:24:01.808-0800: 23.307: [GC (Allocation Failure) 2020-10-27T22:24:01.808-0800: 23.307: [ParNew: 139880K->90K(157248K), 0.0031086 secs] 163550K->23760K(506816K), 0.0032468 secs] [Times: user=0.03 sys=0.00, real=0.01 secs] 
2020-10-27T22:24:01.907-0800: 23.406: [GC (Allocation Failure) 2020-10-27T22:24:01.907-0800: 23.406: [ParNew: 139866K->146K(157248K), 0.0031098 secs] 163536K->23815K(506816K), 0.0031962 secs] [Times: user=0.02 sys=0.00, real=0.01 secs] 
2020-10-27T22:24:02.004-0800: 23.503: [GC (Allocation Failure) 2020-10-27T22:24:02.004-0800: 23.503: [ParNew: 139922K->127K(157248K), 0.0031552 secs] 163591K->23796K(506816K), 0.0033150 secs] [Times: user=0.02 sys=0.00, real=0.00 secs] 
2020-10-27T22:24:02.103-0800: 23.602: [GC (Allocation Failure) 2020-10-27T22:24:02.103-0800: 23.602: [ParNew: 139903K->93K(157248K), 0.0031449 secs] 163572K->23763K(506816K), 0.0032300 secs] [Times: user=0.02 sys=0.00, real=0.00 secs] 
2020-10-27T22:24:02.200-0800: 23.700: [GC (Allocation Failure) 2020-10-27T22:24:02.200-0800: 23.700: [ParNew: 139869K->96K(157248K), 0.0035905 secs] 163539K->23765K(506816K), 0.0036887 secs] [Times: user=0.02 sys=0.00, real=0.00 secs] 
2020-10-27T22:24:02.298-0800: 23.797: [GC (Allocation Failure) 2020-10-27T22:24:02.298-0800: 23.797: [ParNew: 139872K->126K(157248K), 0.0041422 secs] 163541K->23796K(506816K), 0.0042313 secs] [Times: user=0.02 sys=0.00, real=0.01 secs] 
2020-10-27T22:24:02.397-0800: 23.896: [GC (Allocation Failure) 2020-10-27T22:24:02.397-0800: 23.896: [ParNew: 139902K->121K(157248K), 0.0030011 secs] 163572K->23791K(506816K), 0.0030885 secs] [Times: user=0.02 sys=0.00, real=0.01 secs] 
2020-10-27T22:24:02.493-0800: 23.992: [GC (Allocation Failure) 2020-10-27T22:24:02.493-0800: 23.992: [ParNew: 139897K->79K(157248K), 0.0030913 secs] 163567K->23750K(506816K), 0.0032099 secs] [Times: user=0.02 sys=0.00, real=0.00 secs] 
2020-10-27T22:24:02.589-0800: 24.088: [GC (Allocation Failure) 2020-10-27T22:24:02.589-0800: 24.088: [ParNew: 139855K->93K(157248K), 0.0031345 secs] 163526K->23763K(506816K), 0.0032881 secs] [Times: user=0.02 sys=0.00, real=0.01 secs] 
2020-10-27T22:24:02.691-0800: 24.191: [GC (Allocation Failure) 2020-10-27T22:24:02.691-0800: 24.191: [ParNew: 139869K->97K(157248K), 0.0032516 secs] 163539K->23767K(506816K), 0.0034009 secs] [Times: user=0.02 sys=0.00, real=0.00 secs] 
2020-10-27T22:24:02.787-0800: 24.286: [GC (Allocation Failure) 2020-10-27T22:24:02.787-0800: 24.286: [ParNew: 139873K->107K(157248K), 0.0031655 secs] 163543K->23777K(506816K), 0.0032866 secs] [Times: user=0.02 sys=0.00, real=0.01 secs] 
2020-10-27T22:24:02.884-0800: 24.384: [GC (Allocation Failure) 2020-10-27T22:24:02.884-0800: 24.384: [ParNew: 139883K->118K(157248K), 0.0029761 secs] 163553K->23789K(506816K), 0.0030600 secs] [Times: user=0.01 sys=0.00, real=0.00 secs] 
2020-10-27T22:24:02.981-0800: 24.480: [GC (Allocation Failure) 2020-10-27T22:24:02.981-0800: 24.480: [ParNew: 139894K->108K(157248K), 0.0028929 secs] 163565K->23779K(506816K), 0.0030533 secs] [Times: user=0.01 sys=0.00, real=0.00 secs] 
2020-10-27T22:24:03.079-0800: 24.579: [GC (Allocation Failure) 2020-10-27T22:24:03.079-0800: 24.579: [ParNew: 139884K->145K(157248K), 0.0031055 secs] 163555K->23816K(506816K), 0.0033066 secs] [Times: user=0.02 sys=0.00, real=0.01 secs] 
2020-10-27T22:24:03.175-0800: 24.675: [GC (Allocation Failure) 2020-10-27T22:24:03.175-0800: 24.675: [ParNew: 139921K->103K(157248K), 0.0029375 secs] 163592K->23774K(506816K), 0.0030483 secs] [Times: user=0.02 sys=0.00, real=0.00 secs] 
2020-10-27T22:24:03.271-0800: 24.771: [GC (Allocation Failure) 2020-10-27T22:24:03.271-0800: 24.771: [ParNew: 139879K->108K(157248K), 0.0034559 secs] 163550K->23778K(506816K), 0.0036674 secs] [Times: user=0.02 sys=0.00, real=0.00 secs] 
2020-10-27T22:24:03.368-0800: 24.868: [GC (Allocation Failure) 2020-10-27T22:24:03.368-0800: 24.868: [ParNew: 139884K->138K(157248K), 0.0036215 secs] 163554K->23808K(506816K), 0.0037115 secs] [Times: user=0.02 sys=0.00, real=0.01 secs] 
2020-10-27T22:24:03.467-0800: 24.967: [GC (Allocation Failure) 2020-10-27T22:24:03.467-0800: 24.967: [ParNew: 139914K->117K(157248K), 0.0032114 secs] 163584K->23787K(506816K), 0.0033294 secs] [Times: user=0.02 sys=0.00, real=0.01 secs] 
2020-10-27T22:24:03.566-0800: 25.065: [GC (Allocation Failure) 2020-10-27T22:24:03.566-0800: 25.065: [ParNew: 139893K->124K(157248K), 0.0031376 secs] 163563K->23794K(506816K), 0.0032578 secs] [Times: user=0.01 sys=0.00, real=0.00 secs] 
2020-10-27T22:24:03.661-0800: 25.160: [GC (Allocation Failure) 2020-10-27T22:24:03.661-0800: 25.161: [ParNew: 139900K->127K(157248K), 0.0031619 secs] 163570K->23798K(506816K), 0.0032895 secs] [Times: user=0.02 sys=0.00, real=0.00 secs] 
2020-10-27T22:24:03.762-0800: 25.261: [GC (Allocation Failure) 2020-10-27T22:24:03.762-0800: 25.261: [ParNew: 139903K->127K(157248K), 0.0030410 secs] 163574K->23798K(506816K), 0.0031505 secs] [Times: user=0.02 sys=0.00, real=0.00 secs] 
2020-10-27T22:24:03.859-0800: 25.358: [GC (Allocation Failure) 2020-10-27T22:24:03.859-0800: 25.358: [ParNew: 139903K->142K(157248K), 0.0032774 secs] 163574K->23813K(506816K), 0.0033582 secs] [Times: user=0.03 sys=0.00, real=0.01 secs] 
2020-10-27T22:24:03.957-0800: 25.456: [GC (Allocation Failure) 2020-10-27T22:24:03.957-0800: 25.456: [ParNew: 139918K->105K(157248K), 0.0030296 secs] 163589K->23776K(506816K), 0.0031214 secs] [Times: user=0.01 sys=0.00, real=0.01 secs] 
2020-10-27T22:24:04.056-0800: 25.555: [GC (Allocation Failure) 2020-10-27T22:24:04.056-0800: 25.555: [ParNew: 139881K->79K(157248K), 0.0031163 secs] 163552K->23749K(506816K), 0.0031969 secs] [Times: user=0.02 sys=0.00, real=0.00 secs] 
2020-10-27T22:24:04.155-0800: 25.654: [GC (Allocation Failure) 2020-10-27T22:24:04.155-0800: 25.654: [ParNew: 139854K->96K(157248K), 0.0031039 secs] 163524K->23766K(506816K), 0.0031940 secs] [Times: user=0.02 sys=0.00, real=0.00 secs] 
2020-10-27T22:24:04.250-0800: 25.749: [GC (Allocation Failure) 2020-10-27T22:24:04.250-0800: 25.749: [ParNew: 139872K->113K(157248K), 0.0030434 secs] 163542K->23784K(506816K), 0.0031440 secs] [Times: user=0.02 sys=0.00, real=0.00 secs] 
2020-10-27T22:24:04.348-0800: 25.848: [GC (Allocation Failure) 2020-10-27T22:24:04.349-0800: 25.848: [ParNew: 139889K->129K(157248K), 0.0031243 secs] 163560K->23800K(506816K), 0.0032237 secs] [Times: user=0.02 sys=0.00, real=0.01 secs] 
2020-10-27T22:24:04.444-0800: 25.944: [GC (Allocation Failure) 2020-10-27T22:24:04.444-0800: 25.944: [ParNew: 139905K->84K(157248K), 0.0031355 secs] 163576K->23755K(506816K), 0.0032392 secs] [Times: user=0.02 sys=0.00, real=0.00 secs] 
2020-10-27T22:24:04.541-0800: 26.041: [GC (Allocation Failure) 2020-10-27T22:24:04.541-0800: 26.041: [ParNew: 139860K->122K(157248K), 0.0030797 secs] 163531K->23793K(506816K), 0.0031591 secs] [Times: user=0.02 sys=0.00, real=0.00 secs] 
2020-10-27T22:24:04.641-0800: 26.141: [GC (Allocation Failure) 2020-10-27T22:24:04.641-0800: 26.141: [ParNew: 139898K->133K(157248K), 0.0030885 secs] 163569K->23804K(506816K), 0.0031823 secs] [Times: user=0.03 sys=0.00, real=0.00 secs] 
2020-10-27T22:24:04.741-0800: 26.240: [GC (Allocation Failure) 2020-10-27T22:24:04.741-0800: 26.240: [ParNew: 139909K->148K(157248K), 0.0031028 secs] 163580K->23819K(506816K), 0.0031977 secs] [Times: user=0.02 sys=0.00, real=0.00 secs] 
2020-10-27T22:24:04.839-0800: 26.338: [GC (Allocation Failure) 2020-10-27T22:24:04.839-0800: 26.338: [ParNew: 139924K->117K(157248K), 0.0030328 secs] 163595K->23788K(506816K), 0.0031295 secs] [Times: user=0.03 sys=0.00, real=0.01 secs] 
2020-10-27T22:24:04.949-0800: 26.448: [GC (Allocation Failure) 2020-10-27T22:24:04.949-0800: 26.448: [ParNew: 139893K->100K(157248K), 0.0040492 secs] 163564K->23771K(506816K), 0.0041313 secs] [Times: user=0.02 sys=0.00, real=0.01 secs] 
2020-10-27T22:24:05.052-0800: 26.551: [GC (Allocation Failure) 2020-10-27T22:24:05.052-0800: 26.551: [ParNew: 139876K->124K(157248K), 0.0030839 secs] 163547K->23795K(506816K), 0.0031730 secs] [Times: user=0.02 sys=0.00, real=0.00 secs] 
2020-10-27T22:24:05.156-0800: 26.655: [GC (Allocation Failure) 2020-10-27T22:24:05.156-0800: 26.655: [ParNew: 139900K->125K(157248K), 0.0035977 secs] 163571K->23797K(506816K), 0.0036793 secs] [Times: user=0.02 sys=0.00, real=0.00 secs] 
2020-10-27T22:24:05.258-0800: 26.757: [GC (Allocation Failure) 2020-10-27T22:24:05.258-0800: 26.757: [ParNew: 139901K->95K(157248K), 0.0034562 secs] 163573K->23767K(506816K), 0.0035433 secs] [Times: user=0.02 sys=0.00, real=0.01 secs] 
2020-10-27T22:24:05.360-0800: 26.859: [GC (Allocation Failure) 2020-10-27T22:24:05.360-0800: 26.859: [ParNew: 139871K->118K(157248K), 0.0032427 secs] 163543K->23790K(506816K), 0.0033269 secs] [Times: user=0.02 sys=0.00, real=0.00 secs] 
2020-10-27T22:24:05.464-0800: 26.963: [GC (Allocation Failure) 2020-10-27T22:24:05.464-0800: 26.963: [ParNew: 139894K->120K(157248K), 0.0032318 secs] 163566K->23792K(506816K), 0.0033254 secs] [Times: user=0.02 sys=0.00, real=0.00 secs] 
2020-10-27T22:24:05.565-0800: 27.064: [GC (Allocation Failure) 2020-10-27T22:24:05.565-0800: 27.064: [ParNew: 139896K->113K(157248K), 0.0032188 secs] 163568K->23786K(506816K), 0.0033048 secs] [Times: user=0.02 sys=0.01, real=0.00 secs] 
2020-10-27T22:24:05.668-0800: 27.167: [GC (Allocation Failure) 2020-10-27T22:24:05.668-0800: 27.168: [ParNew: 139889K->120K(157248K), 0.0029017 secs] 163562K->23792K(506816K), 0.0029908 secs] [Times: user=0.02 sys=0.00, real=0.01 secs] 
2020-10-27T22:24:05.772-0800: 27.272: [GC (Allocation Failure) 2020-10-27T22:24:05.772-0800: 27.272: [ParNew: 139896K->114K(157248K), 0.0031234 secs] 163568K->23787K(506816K), 0.0032128 secs] [Times: user=0.02 sys=0.00, real=0.00 secs] 
2020-10-27T22:24:05.874-0800: 27.374: [GC (Allocation Failure) 2020-10-27T22:24:05.874-0800: 27.374: [ParNew: 139890K->90K(157248K), 0.0033793 secs] 163563K->23763K(506816K), 0.0034686 secs] [Times: user=0.02 sys=0.00, real=0.00 secs] 
2020-10-27T22:24:05.983-0800: 27.483: [GC (Allocation Failure) 2020-10-27T22:24:05.984-0800: 27.483: [ParNew: 139866K->110K(157248K), 0.0025727 secs] 163539K->23783K(506816K), 0.0026582 secs] [Times: user=0.01 sys=0.00, real=0.00 secs] 
2020-10-27T22:24:06.087-0800: 27.586: [GC (Allocation Failure) 2020-10-27T22:24:06.087-0800: 27.586: [ParNew: 139886K->121K(157248K), 0.0031982 secs] 163559K->23794K(506816K), 0.0032777 secs] [Times: user=0.02 sys=0.00, real=0.01 secs] 
2020-10-27T22:24:06.189-0800: 27.689: [GC (Allocation Failure) 2020-10-27T22:24:06.189-0800: 27.689: [ParNew: 139897K->124K(157248K), 0.0033656 secs] 163570K->23797K(506816K), 0.0034607 secs] [Times: user=0.02 sys=0.00, real=0.01 secs] 
2020-10-27T22:24:06.293-0800: 27.793: [GC (Allocation Failure) 2020-10-27T22:24:06.293-0800: 27.793: [ParNew: 139900K->101K(157248K), 0.0031551 secs] 163573K->23774K(506816K), 0.0032482 secs] [Times: user=0.03 sys=0.00, real=0.00 secs] 
2020-10-27T22:24:06.397-0800: 27.896: [GC (Allocation Failure) 2020-10-27T22:24:06.397-0800: 27.896: [ParNew: 139877K->126K(157248K), 0.0033762 secs] 163550K->23800K(506816K), 0.0034607 secs] [Times: user=0.02 sys=0.00, real=0.01 secs] 
2020-10-27T22:24:06.499-0800: 27.998: [GC (Allocation Failure) 2020-10-27T22:24:06.499-0800: 27.998: [ParNew: 139902K->123K(157248K), 0.0032084 secs] 163576K->23797K(506816K), 0.0032935 secs] [Times: user=0.03 sys=0.00, real=0.01 secs] 
2020-10-27T22:24:06.602-0800: 28.101: [GC (Allocation Failure) 2020-10-27T22:24:06.602-0800: 28.101: [ParNew: 139899K->82K(157248K), 0.0032226 secs] 163573K->23756K(506816K), 0.0033167 secs] [Times: user=0.02 sys=0.00, real=0.00 secs] 
2020-10-27T22:24:06.731-0800: 28.231: [GC (Allocation Failure) 2020-10-27T22:24:06.731-0800: 28.231: [ParNew: 139858K->80K(157248K), 0.0029874 secs] 163532K->23754K(506816K), 0.0030731 secs] [Times: user=0.02 sys=0.00, real=0.00 secs] 
2020-10-27T22:24:06.836-0800: 28.335: [GC (Allocation Failure) 2020-10-27T22:24:06.836-0800: 28.336: [ParNew: 139856K->106K(157248K), 0.0033647 secs] 163530K->23781K(506816K), 0.0034457 secs] [Times: user=0.02 sys=0.00, real=0.01 secs] 
2020-10-27T22:24:06.942-0800: 28.441: [GC (Allocation Failure) 2020-10-27T22:24:06.942-0800: 28.441: [ParNew: 139882K->108K(157248K), 0.0031691 secs] 163557K->23782K(506816K), 0.0032942 secs] [Times: user=0.02 sys=0.00, real=0.00 secs] 
2020-10-27T22:24:07.043-0800: 28.543: [GC (Allocation Failure) 2020-10-27T22:24:07.044-0800: 28.543: [ParNew: 139884K->116K(157248K), 0.0034171 secs] 163558K->23791K(506816K), 0.0034998 secs] [Times: user=0.02 sys=0.00, real=0.00 secs] 
2020-10-27T22:24:07.148-0800: 28.647: [GC (Allocation Failure) 2020-10-27T22:24:07.148-0800: 28.647: [ParNew: 139892K->121K(157248K), 0.0031044 secs] 163567K->23796K(506816K), 0.0032073 secs] [Times: user=0.02 sys=0.00, real=0.01 secs] 
2020-10-27T22:24:07.251-0800: 28.750: [GC (Allocation Failure) 2020-10-27T22:24:07.251-0800: 28.750: [ParNew: 139897K->80K(157248K), 0.0033580 secs] 163572K->23754K(506816K), 0.0034524 secs] [Times: user=0.02 sys=0.00, real=0.00 secs] 
2020-10-27T22:24:07.352-0800: 28.851: [GC (Allocation Failure) 2020-10-27T22:24:07.352-0800: 28.851: [ParNew: 139856K->106K(157248K), 0.0039821 secs] 163530K->23780K(506816K), 0.0040639 secs] [Times: user=0.03 sys=0.00, real=0.00 secs] 
2020-10-27T22:24:07.455-0800: 28.954: [GC (Allocation Failure) 2020-10-27T22:24:07.455-0800: 28.954: [ParNew: 139882K->114K(157248K), 0.0031173 secs] 163556K->23789K(506816K), 0.0032025 secs] [Times: user=0.02 sys=0.00, real=0.00 secs] 
2020-10-27T22:24:07.557-0800: 29.056: [GC (Allocation Failure) 2020-10-27T22:24:07.557-0800: 29.056: [ParNew: 139890K->144K(157248K), 0.0026934 secs] 163565K->23818K(506816K), 0.0027792 secs] [Times: user=0.02 sys=0.00, real=0.01 secs] 
2020-10-27T22:24:07.659-0800: 29.158: [GC (Allocation Failure) 2020-10-27T22:24:07.659-0800: 29.158: [ParNew: 139920K->117K(157248K), 0.0032493 secs] 163594K->23791K(506816K), 0.0034101 secs] [Times: user=0.02 sys=0.00, real=0.01 secs] 
2020-10-27T22:24:07.766-0800: 29.265: [GC (Allocation Failure) 2020-10-27T22:24:07.766-0800: 29.266: [ParNew: 139893K->116K(157248K), 0.0031410 secs] 163567K->23791K(506816K), 0.0032371 secs] [Times: user=0.02 sys=0.01, real=0.00 secs] 
2020-10-27T22:24:07.868-0800: 29.368: [GC (Allocation Failure) 2020-10-27T22:24:07.868-0800: 29.368: [ParNew: 139892K->116K(157248K), 0.0031723 secs] 163567K->23791K(506816K), 0.0032603 secs] [Times: user=0.02 sys=0.00, real=0.01 secs] 
2020-10-27T22:24:07.972-0800: 29.472: [GC (Allocation Failure) 2020-10-27T22:24:07.972-0800: 29.472: [ParNew: 139892K->99K(157248K), 0.0035141 secs] 163567K->23773K(506816K), 0.0035948 secs] [Times: user=0.02 sys=0.00, real=0.00 secs] 
2020-10-27T22:24:08.077-0800: 29.576: [GC (Allocation Failure) 2020-10-27T22:24:08.077-0800: 29.576: [ParNew: 139875K->129K(157248K), 0.0031315 secs] 163549K->23804K(506816K), 0.0032152 secs] [Times: user=0.02 sys=0.00, real=0.01 secs] 
2020-10-27T22:24:08.180-0800: 29.680: [GC (Allocation Failure) 2020-10-27T22:24:08.180-0800: 29.680: [ParNew: 139905K->138K(157248K), 0.0033266 secs] 163580K->23813K(506816K), 0.0034083 secs] [Times: user=0.02 sys=0.00, real=0.00 secs] 
2020-10-27T22:24:08.281-0800: 29.781: [GC (Allocation Failure) 2020-10-27T22:24:08.281-0800: 29.781: [ParNew: 139914K->138K(157248K), 0.0033682 secs] 163589K->23813K(506816K), 0.0034569 secs] [Times: user=0.02 sys=0.00, real=0.00 secs] 
2020-10-27T22:24:08.386-0800: 29.885: [GC (Allocation Failure) 2020-10-27T22:24:08.386-0800: 29.885: [ParNew: 139908K->143K(157248K), 0.0034086 secs] 163583K->23818K(506816K), 0.0034963 secs] [Times: user=0.02 sys=0.00, real=0.00 secs] 
2020-10-27T22:24:08.488-0800: 29.987: [GC (Allocation Failure) 2020-10-27T22:24:08.488-0800: 29.987: [ParNew: 139919K->159K(157248K), 0.0031716 secs] 163594K->23834K(506816K), 0.0032482 secs] [Times: user=0.02 sys=0.00, real=0.01 secs] 
2020-10-27T22:24:08.590-0800: 30.089: [GC (Allocation Failure) 2020-10-27T22:24:08.590-0800: 30.089: [ParNew: 139935K->90K(157248K), 0.0030824 secs] 163610K->23765K(506816K), 0.0031728 secs] [Times: user=0.02 sys=0.00, real=0.00 secs] 
2020-10-27T22:24:08.693-0800: 30.192: [GC (Allocation Failure) 2020-10-27T22:24:08.693-0800: 30.192: [ParNew: 139866K->98K(157248K), 0.0041309 secs] 163541K->23773K(506816K), 0.0042171 secs] [Times: user=0.03 sys=0.00, real=0.00 secs] 
2020-10-27T22:24:08.796-0800: 30.295: [GC (Allocation Failure) 2020-10-27T22:24:08.796-0800: 30.295: [ParNew: 139874K->121K(157248K), 0.0033178 secs] 163549K->23796K(506816K), 0.0033992 secs] [Times: user=0.03 sys=0.00, real=0.00 secs] 
2020-10-27T22:24:08.898-0800: 30.398: [GC (Allocation Failure) 2020-10-27T22:24:08.898-0800: 30.398: [ParNew: 139897K->122K(157248K), 0.0031902 secs] 163572K->23797K(506816K), 0.0032721 secs] [Times: user=0.03 sys=0.00, real=0.01 secs] 
2020-10-27T22:24:09.000-0800: 30.499: [GC (Allocation Failure) 2020-10-27T22:24:09.000-0800: 30.500: [ParNew: 139898K->118K(157248K), 0.0036855 secs] 163573K->23793K(506816K), 0.0038121 secs] [Times: user=0.02 sys=0.00, real=0.00 secs] 
2020-10-27T22:24:09.103-0800: 30.602: [GC (Allocation Failure) 2020-10-27T22:24:09.103-0800: 30.602: [ParNew: 139894K->116K(157248K), 0.0038514 secs] 163569K->23791K(506816K), 0.0039325 secs] [Times: user=0.02 sys=0.00, real=0.00 secs] 
2020-10-27T22:24:09.207-0800: 30.707: [GC (Allocation Failure) 2020-10-27T22:24:09.207-0800: 30.707: [ParNew: 139892K->115K(157248K), 0.0030459 secs] 163567K->23790K(506816K), 0.0031437 secs] [Times: user=0.02 sys=0.00, real=0.01 secs] 
2020-10-27T22:24:09.310-0800: 30.809: [GC (Allocation Failure) 2020-10-27T22:24:09.310-0800: 30.809: [ParNew: 139891K->99K(157248K), 0.0040071 secs] 163566K->23774K(506816K), 0.0040882 secs] [Times: user=0.03 sys=0.00, real=0.00 secs] 
2020-10-27T22:24:09.412-0800: 30.911: [GC (Allocation Failure) 2020-10-27T22:24:09.412-0800: 30.911: [ParNew: 139875K->124K(157248K), 0.0029118 secs] 163550K->23799K(506816K), 0.0029938 secs] [Times: user=0.02 sys=0.00, real=0.00 secs] 
2020-10-27T22:24:09.513-0800: 31.013: [GC (Allocation Failure) 2020-10-27T22:24:09.513-0800: 31.013: [ParNew: 139900K->128K(157248K), 0.0029672 secs] 163575K->23803K(506816K), 0.0030490 secs] [Times: user=0.02 sys=0.00, real=0.00 secs] 
2020-10-27T22:24:09.617-0800: 31.117: [GC (Allocation Failure) 2020-10-27T22:24:09.618-0800: 31.117: [ParNew: 139904K->121K(157248K), 0.0030814 secs] 163579K->23796K(506816K), 0.0031717 secs] [Times: user=0.02 sys=0.01, real=0.01 secs] 
2020-10-27T22:24:09.718-0800: 31.218: [GC (Allocation Failure) 2020-10-27T22:24:09.718-0800: 31.218: [ParNew: 139897K->100K(157248K), 0.0031481 secs] 163572K->23775K(506816K), 0.0032349 secs] [Times: user=0.02 sys=0.00, real=0.01 secs] 
2020-10-27T22:24:09.819-0800: 31.319: [GC (Allocation Failure) 2020-10-27T22:24:09.819-0800: 31.319: [ParNew: 139876K->117K(157248K), 0.0029545 secs] 163551K->23792K(506816K), 0.0030412 secs] [Times: user=0.03 sys=0.00, real=0.01 secs] 
2020-10-27T22:24:09.924-0800: 31.423: [GC (Allocation Failure) 2020-10-27T22:24:09.924-0800: 31.423: [ParNew: 139893K->116K(157248K), 0.0032480 secs] 163568K->23791K(506816K), 0.0033475 secs] [Times: user=0.02 sys=0.00, real=0.00 secs] 
2020-10-27T22:24:10.030-0800: 31.529: [GC (Allocation Failure) 2020-10-27T22:24:10.030-0800: 31.529: [ParNew: 139892K->125K(157248K), 0.0029842 secs] 163567K->23802K(506816K), 0.0030679 secs] [Times: user=0.02 sys=0.00, real=0.00 secs] 
2020-10-27T22:24:10.137-0800: 31.636: [GC (Allocation Failure) 2020-10-27T22:24:10.137-0800: 31.636: [ParNew: 139898K->82K(157248K), 0.0029872 secs] 163575K->23758K(506816K), 0.0030680 secs] [Times: user=0.02 sys=0.00, real=0.01 secs] 
2020-10-27T22:24:10.242-0800: 31.741: [GC (Allocation Failure) 2020-10-27T22:24:10.242-0800: 31.741: [ParNew: 139858K->114K(157248K), 0.0032404 secs] 163534K->23790K(506816K), 0.0033259 secs] [Times: user=0.02 sys=0.00, real=0.00 secs] 
2020-10-27T22:24:10.366-0800: 31.865: [GC (Allocation Failure) 2020-10-27T22:24:10.366-0800: 31.865: [ParNew: 139890K->125K(157248K), 0.0032527 secs] 163566K->23801K(506816K), 0.0033410 secs] [Times: user=0.02 sys=0.00, real=0.01 secs] 
2020-10-27T22:24:10.473-0800: 31.973: [GC (Allocation Failure) 2020-10-27T22:24:10.473-0800: 31.973: [ParNew: 139901K->120K(157248K), 0.0034783 secs] 163577K->23796K(506816K), 0.0035621 secs] [Times: user=0.02 sys=0.01, real=0.00 secs] 
2020-10-27T22:24:10.577-0800: 32.077: [GC (Allocation Failure) 2020-10-27T22:24:10.577-0800: 32.077: [ParNew: 139896K->126K(157248K), 0.0032266 secs] 163572K->23802K(506816K), 0.0033097 secs] [Times: user=0.02 sys=0.00, real=0.01 secs] 
2020-10-27T22:24:10.686-0800: 32.186: [GC (Allocation Failure) 2020-10-27T22:24:10.686-0800: 32.186: [ParNew: 139902K->110K(157248K), 0.0035997 secs] 163578K->23787K(506816K), 0.0036901 secs] [Times: user=0.02 sys=0.00, real=0.01 secs] 
2020-10-27T22:24:10.804-0800: 32.303: [GC (Allocation Failure) 2020-10-27T22:24:10.804-0800: 32.303: [ParNew: 139886K->121K(157248K), 0.0031756 secs] 163563K->23798K(506816K), 0.0032602 secs] [Times: user=0.02 sys=0.00, real=0.00 secs] 
2020-10-27T22:24:10.911-0800: 32.410: [GC (Allocation Failure) 2020-10-27T22:24:10.911-0800: 32.410: [ParNew: 139897K->149K(157248K), 0.0033450 secs] 163574K->23825K(506816K), 0.0034380 secs] [Times: user=0.02 sys=0.00, real=0.00 secs] 
2020-10-27T22:24:11.017-0800: 32.517: [GC (Allocation Failure) 2020-10-27T22:24:11.017-0800: 32.517: [ParNew: 139925K->134K(157248K), 0.0032743 secs] 163601K->23810K(506816K), 0.0033759 secs] [Times: user=0.02 sys=0.00, real=0.01 secs] 
2020-10-27T22:24:11.125-0800: 32.624: [GC (Allocation Failure) 2020-10-27T22:24:11.125-0800: 32.624: [ParNew: 139910K->130K(157248K), 0.0033943 secs] 163586K->23808K(506816K), 0.0034771 secs] [Times: user=0.02 sys=0.00, real=0.00 secs] 
2020-10-27T22:24:11.232-0800: 32.731: [GC (Allocation Failure) 2020-10-27T22:24:11.232-0800: 32.731: [ParNew: 139906K->88K(157248K), 0.0033698 secs] 163584K->23766K(506816K), 0.0034813 secs] [Times: user=0.02 sys=0.00, real=0.00 secs] 
2020-10-27T22:24:11.343-0800: 32.842: [GC (Allocation Failure) 2020-10-27T22:24:11.343-0800: 32.842: [ParNew: 139859K->130K(157248K), 0.0032106 secs] 163537K->23808K(506816K), 0.0032940 secs] [Times: user=0.03 sys=0.00, real=0.00 secs] 
2020-10-27T22:24:11.448-0800: 32.947: [GC (Allocation Failure) 2020-10-27T22:24:11.448-0800: 32.947: [ParNew: 139906K->110K(157248K), 0.0032656 secs] 163584K->23789K(506816K), 0.0033495 secs] [Times: user=0.03 sys=0.00, real=0.01 secs] 
2020-10-27T22:24:11.552-0800: 33.051: [GC (Allocation Failure) 2020-10-27T22:24:11.552-0800: 33.051: [ParNew: 139886K->100K(157248K), 0.0028778 secs] 163565K->23779K(506816K), 0.0029680 secs] [Times: user=0.01 sys=0.00, real=0.00 secs] 
2020-10-27T22:24:11.658-0800: 33.157: [GC (Allocation Failure) 2020-10-27T22:24:11.658-0800: 33.157: [ParNew: 139876K->128K(157248K), 0.0033466 secs] 163555K->23806K(506816K), 0.0034433 secs] [Times: user=0.02 sys=0.00, real=0.01 secs] 
2020-10-27T22:24:11.768-0800: 33.267: [GC (Allocation Failure) 2020-10-27T22:24:11.768-0800: 33.267: [ParNew: 139904K->109K(157248K), 0.0036970 secs] 163582K->23788K(506816K), 0.0037927 secs] [Times: user=0.03 sys=0.00, real=0.01 secs] 
2020-10-27T22:24:11.870-0800: 33.369: [GC (Allocation Failure) 2020-10-27T22:24:11.870-0800: 33.369: [ParNew: 139885K->135K(157248K), 0.0032081 secs] 163564K->23814K(506816K), 0.0032915 secs] [Times: user=0.02 sys=0.00, real=0.00 secs] 
2020-10-27T22:24:11.975-0800: 33.474: [GC (Allocation Failure) 2020-10-27T22:24:11.975-0800: 33.474: [ParNew: 139911K->114K(157248K), 0.0031332 secs] 163590K->23792K(506816K), 0.0032179 secs] [Times: user=0.02 sys=0.00, real=0.00 secs] 
2020-10-27T22:24:12.079-0800: 33.578: [GC (Allocation Failure) 2020-10-27T22:24:12.079-0800: 33.578: [ParNew: 139890K->102K(157248K), 0.0030717 secs] 163568K->23781K(506816K), 0.0031549 secs] [Times: user=0.02 sys=0.00, real=0.01 secs] 
2020-10-27T22:24:12.185-0800: 33.684: [GC (Allocation Failure) 2020-10-27T22:24:12.185-0800: 33.684: [ParNew: 139878K->125K(157248K), 0.0031031 secs] 163557K->23804K(506816K), 0.0031853 secs] [Times: user=0.02 sys=0.00, real=0.00 secs] 
2020-10-27T22:24:12.290-0800: 33.789: [GC (Allocation Failure) 2020-10-27T22:24:12.290-0800: 33.789: [ParNew: 139901K->109K(157248K), 0.0030949 secs] 163580K->23789K(506816K), 0.0031868 secs] [Times: user=0.02 sys=0.00, real=0.00 secs] 
2020-10-27T22:24:12.393-0800: 33.893: [GC (Allocation Failure) 2020-10-27T22:24:12.393-0800: 33.893: [ParNew: 139885K->111K(157248K), 0.0033749 secs] 163565K->23790K(506816K), 0.0034801 secs] [Times: user=0.02 sys=0.00, real=0.00 secs] 
2020-10-27T22:24:12.498-0800: 33.997: [GC (Allocation Failure) 2020-10-27T22:24:12.498-0800: 33.997: [ParNew: 139887K->147K(157248K), 0.0031588 secs] 163566K->23827K(506816K), 0.0032492 secs] [Times: user=0.02 sys=0.00, real=0.01 secs] 
2020-10-27T22:24:12.603-0800: 34.103: [GC (Allocation Failure) 2020-10-27T22:24:12.604-0800: 34.103: [ParNew: 139923K->128K(157248K), 0.0031747 secs] 163603K->23807K(506816K), 0.0032877 secs] [Times: user=0.02 sys=0.00, real=0.00 secs] 
2020-10-27T22:24:12.713-0800: 34.212: [GC (Allocation Failure) 2020-10-27T22:24:12.713-0800: 34.212: [ParNew: 139904K->130K(157248K), 0.0033741 secs] 163583K->23811K(506816K), 0.0034611 secs] [Times: user=0.02 sys=0.00, real=0.00 secs] 
2020-10-27T22:24:12.821-0800: 34.320: [GC (Allocation Failure) 2020-10-27T22:24:12.821-0800: 34.320: [ParNew: 139906K->112K(157248K), 0.0031498 secs] 163587K->23793K(506816K), 0.0032341 secs] [Times: user=0.02 sys=0.00, real=0.00 secs] 
2020-10-27T22:24:12.925-0800: 34.424: [GC (Allocation Failure) 2020-10-27T22:24:12.925-0800: 34.424: [ParNew: 139888K->139K(157248K), 0.0032607 secs] 163569K->23819K(506816K), 0.0033500 secs] [Times: user=0.02 sys=0.00, real=0.00 secs] 
2020-10-27T22:24:13.029-0800: 34.529: [GC (Allocation Failure) 2020-10-27T22:24:13.029-0800: 34.529: [ParNew: 139915K->133K(157248K), 0.0033192 secs] 163595K->23814K(506816K), 0.0034197 secs] [Times: user=0.02 sys=0.00, real=0.01 secs] 
2020-10-27T22:24:13.136-0800: 34.635: [GC (Allocation Failure) 2020-10-27T22:24:13.136-0800: 34.635: [ParNew: 139909K->106K(157248K), 0.0032480 secs] 163590K->23787K(506816K), 0.0033510 secs] [Times: user=0.02 sys=0.00, real=0.00 secs] 
2020-10-27T22:24:13.241-0800: 34.740: [GC (Allocation Failure) 2020-10-27T22:24:13.241-0800: 34.740: [ParNew: 139877K->87K(157248K), 0.0030602 secs] 163558K->23768K(506816K), 0.0031482 secs] [Times: user=0.02 sys=0.00, real=0.00 secs] 
2020-10-27T22:24:13.344-0800: 34.844: [GC (Allocation Failure) 2020-10-27T22:24:13.344-0800: 34.844: [ParNew: 139863K->131K(157248K), 0.0034216 secs] 163544K->23812K(506816K), 0.0035051 secs] [Times: user=0.02 sys=0.00, real=0.00 secs] 
2020-10-27T22:24:13.482-0800: 34.981: [GC (Allocation Failure) 2020-10-27T22:24:13.482-0800: 34.981: [ParNew: 139907K->119K(157248K), 0.0038975 secs] 163588K->23801K(506816K), 0.0040479 secs] [Times: user=0.02 sys=0.00, real=0.00 secs] 
2020-10-27T22:24:13.608-0800: 35.107: [GC (Allocation Failure) 2020-10-27T22:24:13.608-0800: 35.107: [ParNew: 139895K->97K(157248K), 0.0033181 secs] 163577K->23778K(506816K), 0.0034885 secs] [Times: user=0.02 sys=0.00, real=0.01 secs] 
2020-10-27T22:24:13.719-0800: 35.219: [GC (Allocation Failure) 2020-10-27T22:24:13.719-0800: 35.219: [ParNew: 139872K->89K(157248K), 0.0033644 secs] 163554K->23771K(506816K), 0.0034547 secs] [Times: user=0.02 sys=0.00, real=0.01 secs] 
2020-10-27T22:24:13.827-0800: 35.326: [GC (Allocation Failure) 2020-10-27T22:24:13.827-0800: 35.326: [ParNew: 139860K->122K(157248K), 0.0033865 secs] 163542K->23804K(506816K), 0.0034702 secs] [Times: user=0.02 sys=0.01, real=0.01 secs] 
2020-10-27T22:24:13.935-0800: 35.435: [GC (Allocation Failure) 2020-10-27T22:24:13.936-0800: 35.435: [ParNew: 139898K->127K(157248K), 0.0031920 secs] 163580K->23809K(506816K), 0.0032797 secs] [Times: user=0.02 sys=0.00, real=0.00 secs] 
2020-10-27T22:24:14.042-0800: 35.542: [GC (Allocation Failure) 2020-10-27T22:24:14.042-0800: 35.542: [ParNew: 139903K->133K(157248K), 0.0029520 secs] 163585K->23815K(506816K), 0.0030373 secs] [Times: user=0.02 sys=0.00, real=0.00 secs] 
2020-10-27T22:24:14.152-0800: 35.652: [GC (Allocation Failure) 2020-10-27T22:24:14.152-0800: 35.652: [ParNew: 139909K->99K(157248K), 0.0031494 secs] 163591K->23781K(506816K), 0.0032537 secs] [Times: user=0.02 sys=0.00, real=0.00 secs] 
2020-10-27T22:24:14.259-0800: 35.759: [GC (Allocation Failure) 2020-10-27T22:24:14.259-0800: 35.759: [ParNew: 139875K->140K(157248K), 0.0032245 secs] 163557K->23823K(506816K), 0.0033063 secs] [Times: user=0.02 sys=0.00, real=0.01 secs] 
2020-10-27T22:24:14.365-0800: 35.865: [GC (Allocation Failure) 2020-10-27T22:24:14.365-0800: 35.865: [ParNew: 139916K->91K(157248K), 0.0031325 secs] 163599K->23773K(506816K), 0.0032654 secs] [Times: user=0.02 sys=0.00, real=0.00 secs] 
2020-10-27T22:24:14.478-0800: 35.977: [GC (Allocation Failure) 2020-10-27T22:24:14.478-0800: 35.977: [ParNew: 139867K->86K(157248K), 0.0034129 secs] 163549K->23769K(506816K), 0.0035180 secs] [Times: user=0.02 sys=0.00, real=0.01 secs] 
2020-10-27T22:24:14.585-0800: 36.084: [GC (Allocation Failure) 2020-10-27T22:24:14.585-0800: 36.084: [ParNew: 139862K->142K(157248K), 0.0033891 secs] 163545K->23825K(506816K), 0.0034785 secs] [Times: user=0.02 sys=0.00, real=0.00 secs] 
2020-10-27T22:24:14.690-0800: 36.189: [GC (Allocation Failure) 2020-10-27T22:24:14.690-0800: 36.190: [ParNew: 139918K->132K(157248K), 0.0032224 secs] 163601K->23815K(506816K), 0.0033117 secs] [Times: user=0.02 sys=0.00, real=0.00 secs] 
2020-10-27T22:24:14.796-0800: 36.295: [GC (Allocation Failure) 2020-10-27T22:24:14.796-0800: 36.295: [ParNew: 139908K->123K(157248K), 0.0030866 secs] 163591K->23806K(506816K), 0.0031689 secs] [Times: user=0.02 sys=0.00, real=0.00 secs] 
2020-10-27T22:24:14.902-0800: 36.401: [GC (Allocation Failure) 2020-10-27T22:24:14.902-0800: 36.401: [ParNew: 139899K->108K(157248K), 0.0031422 secs] 163582K->23791K(506816K), 0.0032243 secs] [Times: user=0.02 sys=0.00, real=0.00 secs] 
2020-10-27T22:24:15.008-0800: 36.507: [GC (Allocation Failure) 2020-10-27T22:24:15.008-0800: 36.507: [ParNew: 139884K->109K(157248K), 0.0034202 secs] 163567K->23792K(506816K), 0.0035077 secs] [Times: user=0.02 sys=0.00, real=0.01 secs] 
2020-10-27T22:24:15.116-0800: 36.615: [GC (Allocation Failure) 2020-10-27T22:24:15.116-0800: 36.615: [ParNew: 139885K->109K(157248K), 0.0031386 secs] 163568K->23792K(506816K), 0.0032225 secs] [Times: user=0.02 sys=0.00, real=0.00 secs] 
2020-10-27T22:24:15.222-0800: 36.721: [GC (Allocation Failure) 2020-10-27T22:24:15.222-0800: 36.721: [ParNew: 139885K->97K(157248K), 0.0032299 secs] 163568K->23780K(506816K), 0.0033475 secs] [Times: user=0.02 sys=0.00, real=0.00 secs] 
2020-10-27T22:24:15.329-0800: 36.828: [GC (Allocation Failure) 2020-10-27T22:24:15.329-0800: 36.828: [ParNew: 139873K->111K(157248K), 0.0031395 secs] 163556K->23794K(506816K), 0.0032280 secs] [Times: user=0.02 sys=0.00, real=0.01 secs] 
2020-10-27T22:24:15.442-0800: 36.941: [GC (Allocation Failure) 2020-10-27T22:24:15.442-0800: 36.941: [ParNew: 139887K->107K(157248K), 0.0029489 secs] 163570K->23790K(506816K), 0.0030269 secs] [Times: user=0.02 sys=0.00, real=0.00 secs] 
2020-10-27T22:24:15.547-0800: 37.046: [GC (Allocation Failure) 2020-10-27T22:24:15.547-0800: 37.046: [ParNew: 139883K->101K(157248K), 0.0032395 secs] 163566K->23784K(506816K), 0.0033424 secs] [Times: user=0.02 sys=0.00, real=0.01 secs] 
2020-10-27T22:24:15.655-0800: 37.154: [GC (Allocation Failure) 2020-10-27T22:24:15.655-0800: 37.154: [ParNew: 139877K->110K(157248K), 0.0032384 secs] 163560K->23794K(506816K), 0.0033206 secs] [Times: user=0.03 sys=0.00, real=0.00 secs] 
2020-10-27T22:24:15.762-0800: 37.261: [GC (Allocation Failure) 2020-10-27T22:24:15.762-0800: 37.261: [ParNew: 139886K->106K(157248K), 0.0032953 secs] 163570K->23789K(506816K), 0.0033793 secs] [Times: user=0.02 sys=0.00, real=0.00 secs] 
2020-10-27T22:24:15.868-0800: 37.367: [GC (Allocation Failure) 2020-10-27T22:24:15.868-0800: 37.367: [ParNew: 139882K->115K(157248K), 0.0032586 secs] 163565K->23798K(506816K), 0.0033599 secs] [Times: user=0.02 sys=0.00, real=0.01 secs] 
2020-10-27T22:24:15.976-0800: 37.475: [GC (Allocation Failure) 2020-10-27T22:24:15.976-0800: 37.475: [ParNew: 139888K->111K(157248K), 0.0032017 secs] 163572K->23794K(506816K), 0.0032887 secs] [Times: user=0.02 sys=0.00, real=0.00 secs] 
2020-10-27T22:24:16.082-0800: 37.581: [GC (Allocation Failure) 2020-10-27T22:24:16.082-0800: 37.581: [ParNew: 139887K->111K(157248K), 0.0031280 secs] 163570K->23794K(506816K), 0.0032368 secs] [Times: user=0.03 sys=0.00, real=0.00 secs] 
2020-10-27T22:24:16.190-0800: 37.689: [GC (Allocation Failure) 2020-10-27T22:24:16.190-0800: 37.689: [ParNew: 139887K->131K(157248K), 0.0037316 secs] 163570K->23814K(506816K), 0.0038161 secs] [Times: user=0.02 sys=0.00, real=0.00 secs] 
2020-10-27T22:24:16.298-0800: 37.797: [GC (Allocation Failure) 2020-10-27T22:24:16.298-0800: 37.797: [ParNew: 139907K->96K(157248K), 0.0030806 secs] 163590K->23780K(506816K), 0.0031671 secs] [Times: user=0.02 sys=0.00, real=0.01 secs] 
2020-10-27T22:24:16.405-0800: 37.904: [GC (Allocation Failure) 2020-10-27T22:24:16.405-0800: 37.904: [ParNew: 139872K->112K(157248K), 0.0031576 secs] 163556K->23795K(506816K), 0.0032595 secs] [Times: user=0.02 sys=0.00, real=0.00 secs] 
2020-10-27T22:24:16.513-0800: 38.012: [GC (Allocation Failure) 2020-10-27T22:24:16.513-0800: 38.012: [ParNew: 139888K->106K(157248K), 0.0032623 secs] 163571K->23789K(506816K), 0.0033780 secs] [Times: user=0.02 sys=0.00, real=0.00 secs] 
2020-10-27T22:24:16.621-0800: 38.120: [GC (Allocation Failure) 2020-10-27T22:24:16.621-0800: 38.120: [ParNew: 139882K->97K(157248K), 0.0033420 secs] 163565K->23781K(506816K), 0.0034376 secs] [Times: user=0.03 sys=0.00, real=0.00 secs] 
2020-10-27T22:24:16.726-0800: 38.225: [GC (Allocation Failure) 2020-10-27T22:24:16.726-0800: 38.225: [ParNew: 139873K->119K(157248K), 0.0032536 secs] 163557K->23802K(506816K), 0.0033628 secs] [Times: user=0.02 sys=0.00, real=0.00 secs] 
2020-10-27T22:24:16.832-0800: 38.331: [GC (Allocation Failure) 2020-10-27T22:24:16.832-0800: 38.331: [ParNew: 139895K->96K(157248K), 0.0031158 secs] 163578K->23779K(506816K), 0.0032133 secs] [Times: user=0.02 sys=0.00, real=0.00 secs] 
2020-10-27T22:24:16.936-0800: 38.436: [GC (Allocation Failure) 2020-10-27T22:24:16.936-0800: 38.436: [ParNew: 139870K->131K(157248K), 0.0038473 secs] 163553K->23814K(506816K), 0.0039421 secs] [Times: user=0.03 sys=0.00, real=0.01 secs] 
2020-10-27T22:24:17.044-0800: 38.543: [GC (Allocation Failure) 2020-10-27T22:24:17.044-0800: 38.543: [ParNew: 139907K->110K(157248K), 0.0032790 secs] 163590K->23794K(506816K), 0.0033659 secs] [Times: user=0.02 sys=0.00, real=0.00 secs] 
2020-10-27T22:24:17.152-0800: 38.651: [GC (Allocation Failure) 2020-10-27T22:24:17.152-0800: 38.651: [ParNew: 139886K->107K(157248K), 0.0033725 secs] 163570K->23790K(506816K), 0.0034671 secs] [Times: user=0.02 sys=0.00, real=0.00 secs] 
2020-10-27T22:24:17.258-0800: 38.757: [GC (Allocation Failure) 2020-10-27T22:24:17.258-0800: 38.757: [ParNew: 139883K->106K(157248K), 0.0028330 secs] 163566K->23789K(506816K), 0.0029152 secs] [Times: user=0.02 sys=0.00, real=0.01 secs] 
2020-10-27T22:24:17.385-0800: 38.884: [GC (Allocation Failure) 2020-10-27T22:24:17.385-0800: 38.884: [ParNew: 139882K->104K(157248K), 0.0036090 secs] 163565K->23787K(506816K), 0.0037199 secs] [Times: user=0.02 sys=0.00, real=0.00 secs] 
2020-10-27T22:24:17.517-0800: 39.016: [GC (Allocation Failure) 2020-10-27T22:24:17.517-0800: 39.016: [ParNew: 139880K->138K(157248K), 0.0033231 secs] 163563K->23821K(506816K), 0.0034165 secs] [Times: user=0.02 sys=0.00, real=0.01 secs] 
2020-10-27T22:24:17.642-0800: 39.141: [GC (Allocation Failure) 2020-10-27T22:24:17.642-0800: 39.141: [ParNew: 139914K->106K(157248K), 0.0034800 secs] 163597K->23790K(506816K), 0.0035610 secs] [Times: user=0.02 sys=0.00, real=0.00 secs] 
2020-10-27T22:24:17.748-0800: 39.247: [GC (Allocation Failure) 2020-10-27T22:24:17.748-0800: 39.247: [ParNew: 139882K->108K(157248K), 0.0032355 secs] 163566K->23792K(506816K), 0.0033283 secs] [Times: user=0.02 sys=0.00, real=0.01 secs] 
2020-10-27T22:24:17.852-0800: 39.352: [GC (Allocation Failure) 2020-10-27T22:24:17.853-0800: 39.352: [ParNew: 139884K->115K(157248K), 0.0032581 secs] 163568K->23799K(506816K), 0.0033536 secs] [Times: user=0.02 sys=0.00, real=0.00 secs] 
2020-10-27T22:24:17.960-0800: 39.459: [GC (Allocation Failure) 2020-10-27T22:24:17.960-0800: 39.459: [ParNew: 139891K->123K(157248K), 0.0032117 secs] 163575K->23806K(506816K), 0.0032910 secs] [Times: user=0.03 sys=0.00, real=0.00 secs] 
2020-10-27T22:24:18.068-0800: 39.567: [GC (Allocation Failure) 2020-10-27T22:24:18.068-0800: 39.567: [ParNew: 139899K->129K(157248K), 0.0032084 secs] 163582K->23812K(506816K), 0.0033052 secs] [Times: user=0.02 sys=0.00, real=0.01 secs] 
2020-10-27T22:24:18.177-0800: 39.676: [GC (Allocation Failure) 2020-10-27T22:24:18.177-0800: 39.677: [ParNew: 139905K->103K(157248K), 0.0034085 secs] 163588K->23787K(506816K), 0.0035019 secs] [Times: user=0.02 sys=0.00, real=0.01 secs] 
2020-10-27T22:24:18.288-0800: 39.787: [GC (Allocation Failure) 2020-10-27T22:24:18.288-0800: 39.787: [ParNew: 139879K->108K(157248K), 0.0042161 secs] 163563K->23792K(506816K), 0.0043248 secs] [Times: user=0.03 sys=0.00, real=0.01 secs] 
2020-10-27T22:24:18.398-0800: 39.897: [GC (Allocation Failure) 2020-10-27T22:24:18.398-0800: 39.898: [ParNew: 139884K->115K(157248K), 0.0035415 secs] 163568K->23799K(506816K), 0.0036233 secs] [Times: user=0.03 sys=0.00, real=0.01 secs] 
2020-10-27T22:24:18.505-0800: 40.005: [GC (Allocation Failure) 2020-10-27T22:24:18.505-0800: 40.005: [ParNew: 139891K->109K(157248K), 0.0037075 secs] 163575K->23793K(506816K), 0.0038010 secs] [Times: user=0.02 sys=0.00, real=0.00 secs] 
2020-10-27T22:24:18.614-0800: 40.113: [GC (Allocation Failure) 2020-10-27T22:24:18.614-0800: 40.113: [ParNew: 139885K->80K(157248K), 0.0033957 secs] 163569K->23764K(506816K), 0.0034937 secs] [Times: user=0.03 sys=0.00, real=0.00 secs] 
2020-10-27T22:24:18.725-0800: 40.225: [GC (Allocation Failure) 2020-10-27T22:24:18.726-0800: 40.225: [ParNew: 139856K->113K(157248K), 0.0035415 secs] 163540K->23798K(506816K), 0.0036354 secs] [Times: user=0.02 sys=0.00, real=0.00 secs] 
2020-10-27T22:24:18.837-0800: 40.336: [GC (Allocation Failure) 2020-10-27T22:24:18.837-0800: 40.336: [ParNew: 139889K->125K(157248K), 0.0036831 secs] 163574K->23810K(506816K), 0.0037674 secs] [Times: user=0.03 sys=0.00, real=0.01 secs] 
2020-10-27T22:24:18.945-0800: 40.444: [GC (Allocation Failure) 2020-10-27T22:24:18.945-0800: 40.444: [ParNew: 139901K->113K(157248K), 0.0033194 secs] 163586K->23797K(506816K), 0.0034106 secs] [Times: user=0.02 sys=0.00, real=0.00 secs] 
2020-10-27T22:24:19.053-0800: 40.552: [GC (Allocation Failure) 2020-10-27T22:24:19.053-0800: 40.552: [ParNew: 139889K->138K(157248K), 0.0032402 secs] 163573K->23822K(506816K), 0.0033751 secs] [Times: user=0.02 sys=0.00, real=0.00 secs] 
2020-10-27T22:24:19.161-0800: 40.660: [GC (Allocation Failure) 2020-10-27T22:24:19.161-0800: 40.660: [ParNew: 139914K->140K(157248K), 0.0034844 secs] 163598K->23825K(506816K), 0.0035765 secs] [Times: user=0.02 sys=0.00, real=0.00 secs] 
2020-10-27T22:24:19.270-0800: 40.770: [GC (Allocation Failure) 2020-10-27T22:24:19.270-0800: 40.770: [ParNew: 139916K->100K(157248K), 0.0033281 secs] 163601K->23784K(506816K), 0.0034104 secs] [Times: user=0.02 sys=0.00, real=0.00 secs] 
2020-10-27T22:24:19.378-0800: 40.877: [GC (Allocation Failure) 2020-10-27T22:24:19.378-0800: 40.877: [ParNew: 139876K->118K(157248K), 0.0032383 secs] 163560K->23802K(506816K), 0.0033287 secs] [Times: user=0.02 sys=0.00, real=0.01 secs] 
2020-10-27T22:24:19.487-0800: 40.987: [GC (Allocation Failure) 2020-10-27T22:24:19.487-0800: 40.987: [ParNew: 139894K->98K(157248K), 0.0035313 secs] 163578K->23782K(506816K), 0.0036180 secs] [Times: user=0.02 sys=0.01, real=0.01 secs] 
2020-10-27T22:24:19.598-0800: 41.097: [GC (Allocation Failure) 2020-10-27T22:24:19.598-0800: 41.097: [ParNew: 139874K->113K(157248K), 0.0035991 secs] 163558K->23797K(506816K), 0.0036978 secs] [Times: user=0.03 sys=0.00, real=0.01 secs] 
2020-10-27T22:24:19.705-0800: 41.204: [GC (Allocation Failure) 2020-10-27T22:24:19.705-0800: 41.204: [ParNew: 139889K->125K(157248K), 0.0036486 secs] 163573K->23809K(506816K), 0.0037409 secs] [Times: user=0.03 sys=0.00, real=0.00 secs] 
2020-10-27T22:24:19.812-0800: 41.311: [GC (Allocation Failure) 2020-10-27T22:24:19.812-0800: 41.312: [ParNew: 139901K->97K(157248K), 0.0034777 secs] 163585K->23782K(506816K), 0.0035658 secs] [Times: user=0.03 sys=0.00, real=0.00 secs] 
2020-10-27T22:24:19.919-0800: 41.418: [GC (Allocation Failure) 2020-10-27T22:24:19.919-0800: 41.418: [ParNew: 139873K->106K(157248K), 0.0032380 secs] 163558K->23792K(506816K), 0.0033572 secs] [Times: user=0.02 sys=0.00, real=0.01 secs] 
2020-10-27T22:24:20.025-0800: 41.524: [GC (Allocation Failure) 2020-10-27T22:24:20.025-0800: 41.524: [ParNew: 139882K->131K(157248K), 0.0030509 secs] 163568K->23817K(506816K), 0.0031398 secs] [Times: user=0.02 sys=0.00, real=0.00 secs] 
2020-10-27T22:24:20.138-0800: 41.637: [GC (Allocation Failure) 2020-10-27T22:24:20.138-0800: 41.637: [ParNew: 139907K->122K(157248K), 0.0041839 secs] 163593K->23807K(506816K), 0.0043048 secs] [Times: user=0.02 sys=0.00, real=0.01 secs] 
2020-10-27T22:24:20.269-0800: 41.768: [GC (Allocation Failure) 2020-10-27T22:24:20.269-0800: 41.768: [ParNew: 139898K->128K(157248K), 0.0033601 secs] 163583K->23814K(506816K), 0.0034529 secs] [Times: user=0.02 sys=0.00, real=0.01 secs] 
2020-10-27T22:24:20.679-0800: 42.178: [GC (Allocation Failure) 2020-10-27T22:24:20.679-0800: 42.178: [ParNew: 139904K->114K(157248K), 0.0036030 secs] 163590K->23799K(506816K), 0.0036920 secs] [Times: user=0.02 sys=0.00, real=0.01 secs] 
2020-10-27T22:24:20.795-0800: 42.294: [GC (Allocation Failure) 2020-10-27T22:24:20.795-0800: 42.294: [ParNew: 139890K->105K(157248K), 0.0035450 secs] 163575K->23790K(506816K), 0.0036316 secs] [Times: user=0.02 sys=0.00, real=0.00 secs] 
2020-10-27T22:24:20.924-0800: 42.423: [GC (Allocation Failure) 2020-10-27T22:24:20.924-0800: 42.423: [ParNew: 139881K->113K(157248K), 0.0032747 secs] 163566K->23798K(506816K), 0.0033630 secs] [Times: user=0.02 sys=0.00, real=0.00 secs] 
2020-10-27T22:24:21.035-0800: 42.534: [GC (Allocation Failure) 2020-10-27T22:24:21.035-0800: 42.534: [ParNew: 139889K->101K(157248K), 0.0032275 secs] 163574K->23787K(506816K), 0.0033103 secs] [Times: user=0.02 sys=0.00, real=0.00 secs] 
2020-10-27T22:24:21.143-0800: 42.642: [GC (Allocation Failure) 2020-10-27T22:24:21.143-0800: 42.642: [ParNew: 139877K->95K(157248K), 0.0032117 secs] 163563K->23780K(506816K), 0.0032963 secs] [Times: user=0.02 sys=0.00, real=0.00 secs] 
2020-10-27T22:24:21.249-0800: 42.748: [GC (Allocation Failure) 2020-10-27T22:24:21.249-0800: 42.748: [ParNew: 139871K->100K(157248K), 0.0034003 secs] 163556K->23785K(506816K), 0.0034992 secs] [Times: user=0.02 sys=0.00, real=0.01 secs] 
2020-10-27T22:24:21.363-0800: 42.862: [GC (Allocation Failure) 2020-10-27T22:24:21.363-0800: 42.862: [ParNew: 139876K->142K(157248K), 0.0040886 secs] 163561K->23827K(506816K), 0.0042143 secs] [Times: user=0.02 sys=0.00, real=0.00 secs] 
2020-10-27T22:24:21.488-0800: 42.987: [GC (Allocation Failure) 2020-10-27T22:24:21.488-0800: 42.987: [ParNew: 139918K->128K(157248K), 0.0037653 secs] 163603K->23814K(506816K), 0.0038730 secs] [Times: user=0.02 sys=0.00, real=0.01 secs] 
2020-10-27T22:24:21.834-0800: 43.334: [GC (Allocation Failure) 2020-10-27T22:24:21.835-0800: 43.334: [ParNew: 139898K->113K(157248K), 0.0030627 secs] 163583K->23798K(506816K), 0.0031433 secs] [Times: user=0.02 sys=0.00, real=0.00 secs] 
2020-10-27T22:24:21.944-0800: 43.444: [GC (Allocation Failure) 2020-10-27T22:24:21.944-0800: 43.444: [ParNew: 139889K->119K(157248K), 0.0035107 secs] 163574K->23805K(506816K), 0.0036016 secs] [Times: user=0.02 sys=0.01, real=0.00 secs] 
2020-10-27T22:24:22.060-0800: 43.559: [GC (Allocation Failure) 2020-10-27T22:24:22.060-0800: 43.559: [ParNew: 139895K->126K(157248K), 0.0038995 secs] 163581K->23811K(506816K), 0.0040174 secs] [Times: user=0.02 sys=0.00, real=0.00 secs] 
2020-10-27T22:24:22.190-0800: 43.689: [GC (Allocation Failure) 2020-10-27T22:24:22.190-0800: 43.689: [ParNew: 139902K->123K(157248K), 0.0034370 secs] 163587K->23809K(506816K), 0.0035204 secs] [Times: user=0.03 sys=0.00, real=0.00 secs] 
2020-10-27T22:24:22.300-0800: 43.799: [GC (Allocation Failure) 2020-10-27T22:24:22.300-0800: 43.799: [ParNew: 139899K->134K(157248K), 0.0032754 secs] 163585K->23820K(506816K), 0.0033642 secs] [Times: user=0.03 sys=0.00, real=0.00 secs] 
2020-10-27T22:24:22.406-0800: 43.905: [GC (Allocation Failure) 2020-10-27T22:24:22.406-0800: 43.905: [ParNew: 139910K->125K(157248K), 0.0034572 secs] 163596K->23811K(506816K), 0.0036250 secs] [Times: user=0.02 sys=0.00, real=0.00 secs] 
2020-10-27T22:24:22.512-0800: 44.011: [GC (Allocation Failure) 2020-10-27T22:24:22.512-0800: 44.011: [ParNew: 139901K->108K(157248K), 0.0029613 secs] 163587K->23794K(506816K), 0.0030513 secs] [Times: user=0.01 sys=0.00, real=0.00 secs] 
2020-10-27T22:24:22.619-0800: 44.118: [GC (Allocation Failure) 2020-10-27T22:24:22.619-0800: 44.118: [ParNew: 139884K->92K(157248K), 0.0032164 secs] 163570K->23778K(506816K), 0.0033126 secs] [Times: user=0.02 sys=0.00, real=0.01 secs] 
2020-10-27T22:24:22.728-0800: 44.227: [GC (Allocation Failure) 2020-10-27T22:24:22.728-0800: 44.227: [ParNew: 139868K->108K(157248K), 0.0032767 secs] 163554K->23794K(506816K), 0.0033772 secs] [Times: user=0.02 sys=0.00, real=0.01 secs] 
2020-10-27T22:24:23.065-0800: 44.564: [GC (Allocation Failure) 2020-10-27T22:24:23.065-0800: 44.564: [ParNew: 139884K->101K(157248K), 0.0034123 secs] 163570K->23787K(506816K), 0.0035086 secs] [Times: user=0.02 sys=0.00, real=0.00 secs] 
2020-10-27T22:24:23.167-0800: 44.666: [GC (Allocation Failure) 2020-10-27T22:24:23.167-0800: 44.666: [ParNew: 139877K->100K(157248K), 0.0035709 secs] 163563K->23787K(506816K), 0.0036667 secs] [Times: user=0.02 sys=0.00, real=0.01 secs] 
2020-10-27T22:24:23.275-0800: 44.774: [GC (Allocation Failure) 2020-10-27T22:24:23.275-0800: 44.774: [ParNew: 139876K->130K(157248K), 0.0034172 secs] 163563K->23817K(506816K), 0.0034958 secs] [Times: user=0.02 sys=0.00, real=0.00 secs] 
2020-10-27T22:24:23.393-0800: 44.892: [GC (Allocation Failure) 2020-10-27T22:24:23.393-0800: 44.892: [ParNew: 139906K->103K(157248K), 0.0036514 secs] 163593K->23789K(506816K), 0.0037409 secs] [Times: user=0.02 sys=0.00, real=0.00 secs] 
2020-10-27T22:24:23.518-0800: 45.017: [GC (Allocation Failure) 2020-10-27T22:24:23.518-0800: 45.017: [ParNew: 139879K->121K(157248K), 0.0036437 secs] 163565K->23807K(506816K), 0.0037307 secs] [Times: user=0.02 sys=0.00, real=0.01 secs] 
2020-10-27T22:24:23.631-0800: 45.130: [GC (Allocation Failure) 2020-10-27T22:24:23.631-0800: 45.130: [ParNew: 139897K->123K(157248K), 0.0039115 secs] 163583K->23810K(506816K), 0.0040155 secs] [Times: user=0.03 sys=0.00, real=0.00 secs] 
2020-10-27T22:24:23.746-0800: 45.245: [GC (Allocation Failure) 2020-10-27T22:24:23.746-0800: 45.245: [ParNew: 139899K->122K(157248K), 0.0036622 secs] 163586K->23809K(506816K), 0.0037687 secs] [Times: user=0.02 sys=0.00, real=0.00 secs] 
2020-10-27T22:24:23.868-0800: 45.368: [GC (Allocation Failure) 2020-10-27T22:24:23.869-0800: 45.368: [ParNew: 139898K->119K(157248K), 0.0035302 secs] 163585K->23806K(506816K), 0.0036197 secs] [Times: user=0.02 sys=0.00, real=0.01 secs] 
2020-10-27T22:24:23.986-0800: 45.485: [GC (Allocation Failure) 2020-10-27T22:24:23.986-0800: 45.485: [ParNew: 139895K->129K(157248K), 0.0032739 secs] 163582K->23816K(506816K), 0.0033555 secs] [Times: user=0.02 sys=0.00, real=0.00 secs] 
2020-10-27T22:24:25.293-0800: 46.792: [GC (Allocation Failure) 2020-10-27T22:24:25.293-0800: 46.792: [ParNew: 139905K->83K(157248K), 0.0033381 secs] 163592K->23770K(506816K), 0.0034245 secs] [Times: user=0.02 sys=0.00, real=0.00 secs] 
2020-10-27T22:24:25.399-0800: 46.898: [GC (Allocation Failure) 2020-10-27T22:24:25.399-0800: 46.898: [ParNew: 139859K->120K(157248K), 0.0033049 secs] 163546K->23807K(506816K), 0.0033996 secs] [Times: user=0.02 sys=0.01, real=0.01 secs] 
2020-10-27T22:24:25.511-0800: 47.010: [GC (Allocation Failure) 2020-10-27T22:24:25.511-0800: 47.010: [ParNew: 139896K->117K(157248K), 0.0035703 secs] 163583K->23804K(506816K), 0.0036772 secs] [Times: user=0.03 sys=0.00, real=0.00 secs] 
2020-10-27T22:24:25.619-0800: 47.118: [GC (Allocation Failure) 2020-10-27T22:24:25.619-0800: 47.118: [ParNew: 139893K->88K(157248K), 0.0033154 secs] 163580K->23775K(506816K), 0.0034005 secs] [Times: user=0.03 sys=0.00, real=0.01 secs] 
2020-10-27T22:24:25.724-0800: 47.223: [GC (Allocation Failure) 2020-10-27T22:24:25.724-0800: 47.223: [ParNew: 139864K->101K(157248K), 0.0030792 secs] 163551K->23788K(506816K), 0.0031576 secs] [Times: user=0.02 sys=0.00, real=0.00 secs] 
2020-10-27T22:24:25.834-0800: 47.334: [GC (Allocation Failure) 2020-10-27T22:24:25.835-0800: 47.334: [ParNew: 139877K->132K(157248K), 0.0034069 secs] 163564K->23819K(506816K), 0.0035114 secs] [Times: user=0.02 sys=0.00, real=0.00 secs] 
2020-10-27T22:24:25.948-0800: 47.447: [GC (Allocation Failure) 2020-10-27T22:24:25.948-0800: 47.447: [ParNew: 139903K->106K(157248K), 0.0033336 secs] 163591K->23793K(506816K), 0.0034268 secs] [Times: user=0.03 sys=0.00, real=0.01 secs] 
2020-10-27T22:24:26.056-0800: 47.555: [GC (Allocation Failure) 2020-10-27T22:24:26.056-0800: 47.555: [ParNew: 139882K->82K(157248K), 0.0032355 secs] 163569K->23769K(506816K), 0.0033257 secs] [Times: user=0.02 sys=0.00, real=0.00 secs] 
2020-10-27T22:24:26.167-0800: 47.666: [GC (Allocation Failure) 2020-10-27T22:24:26.167-0800: 47.666: [ParNew: 139858K->139K(157248K), 0.0033677 secs] 163545K->23826K(506816K), 0.0034513 secs] [Times: user=0.02 sys=0.00, real=0.01 secs] 
2020-10-27T22:24:27.168-0800: 48.667: [GC (Allocation Failure) 2020-10-27T22:24:27.168-0800: 48.667: [ParNew: 139915K->114K(157248K), 0.0039292 secs] 163602K->23801K(506816K), 0.0040518 secs] [Times: user=0.02 sys=0.00, real=0.01 secs] 
2020-10-27T22:24:27.282-0800: 48.781: [GC (Allocation Failure) 2020-10-27T22:24:27.282-0800: 48.781: [ParNew: 139890K->118K(157248K), 0.0035852 secs] 163577K->23806K(506816K), 0.0038400 secs] [Times: user=0.01 sys=0.00, real=0.00 secs] 
2020-10-27T22:24:27.398-0800: 48.898: [GC (Allocation Failure) 2020-10-27T22:24:27.399-0800: 48.898: [ParNew: 139894K->122K(157248K), 0.0032132 secs] 163582K->23810K(506816K), 0.0032951 secs] [Times: user=0.03 sys=0.00, real=0.01 secs] 
2020-10-27T22:24:27.509-0800: 49.008: [GC (Allocation Failure) 2020-10-27T22:24:27.509-0800: 49.008: [ParNew: 139898K->118K(157248K), 0.0045015 secs] 163586K->23806K(506816K), 0.0045979 secs] [Times: user=0.03 sys=0.00, real=0.01 secs] 
2020-10-27T22:24:27.620-0800: 49.119: [GC (Allocation Failure) 2020-10-27T22:24:27.620-0800: 49.119: [ParNew: 139894K->109K(157248K), 0.0032942 secs] 163582K->23797K(506816K), 0.0033832 secs] [Times: user=0.02 sys=0.00, real=0.00 secs] 
2020-10-27T22:24:27.733-0800: 49.232: [GC (Allocation Failure) 2020-10-27T22:24:27.733-0800: 49.232: [ParNew: 139885K->141K(157248K), 0.0035034 secs] 163573K->23829K(506816K), 0.0035911 secs] [Times: user=0.02 sys=0.00, real=0.00 secs] 
2020-10-27T22:24:27.844-0800: 49.343: [GC (Allocation Failure) 2020-10-27T22:24:27.844-0800: 49.343: [ParNew: 139917K->115K(157248K), 0.0044043 secs] 163605K->23803K(506816K), 0.0045036 secs] [Times: user=0.02 sys=0.00, real=0.00 secs] 
2020-10-27T22:24:27.984-0800: 49.483: [GC (Allocation Failure) 2020-10-27T22:24:27.984-0800: 49.483: [ParNew: 139891K->123K(157248K), 0.0042869 secs] 163579K->23811K(506816K), 0.0044032 secs] [Times: user=0.02 sys=0.00, real=0.00 secs] 
2020-10-27T22:24:28.106-0800: 49.605: [GC (Allocation Failure) 2020-10-27T22:24:28.106-0800: 49.605: [ParNew: 139899K->92K(157248K), 0.0041681 secs] 163587K->23780K(506816K), 0.0042778 secs] [Times: user=0.02 sys=0.00, real=0.01 secs] 
2020-10-27T22:24:28.222-0800: 49.721: [GC (Allocation Failure) 2020-10-27T22:24:28.222-0800: 49.721: [ParNew: 139868K->116K(157248K), 0.0038811 secs] 163556K->23805K(506816K), 0.0040245 secs] [Times: user=0.02 sys=0.00, real=0.00 secs] 
2020-10-27T22:24:28.334-0800: 49.833: [GC (Allocation Failure) 2020-10-27T22:24:28.334-0800: 49.833: [ParNew: 139892K->152K(157248K), 0.0036464 secs] 163581K->23841K(506816K), 0.0037444 secs] [Times: user=0.03 sys=0.00, real=0.00 secs] 
2020-10-27T22:24:28.447-0800: 49.946: [GC (Allocation Failure) 2020-10-27T22:24:28.447-0800: 49.946: [ParNew: 139928K->121K(157248K), 0.0033061 secs] 163617K->23810K(506816K), 0.0033893 secs] [Times: user=0.02 sys=0.00, real=0.01 secs] 
2020-10-27T22:24:28.562-0800: 50.061: [GC (Allocation Failure) 2020-10-27T22:24:28.562-0800: 50.061: [ParNew: 139897K->101K(157248K), 0.0032029 secs] 163586K->23791K(506816K), 0.0032881 secs] [Times: user=0.02 sys=0.01, real=0.00 secs] 
2020-10-27T22:24:28.687-0800: 50.186: [GC (Allocation Failure) 2020-10-27T22:24:28.687-0800: 50.186: [ParNew: 139877K->130K(157248K), 0.0043470 secs] 163567K->23819K(506816K), 0.0044777 secs] [Times: user=0.02 sys=0.00, real=0.01 secs] 
2020-10-27T22:24:28.816-0800: 50.315: [GC (Allocation Failure) 2020-10-27T22:24:28.816-0800: 50.315: [ParNew: 139906K->105K(157248K), 0.0036802 secs] 163595K->23794K(506816K), 0.0038051 secs] [Times: user=0.02 sys=0.00, real=0.01 secs] 
2020-10-27T22:24:28.939-0800: 50.438: [GC (Allocation Failure) 2020-10-27T22:24:28.939-0800: 50.438: [ParNew: 139881K->100K(157248K), 0.0029058 secs] 163570K->23789K(506816K), 0.0029989 secs] [Times: user=0.01 sys=0.00, real=0.01 secs] 
2020-10-27T22:24:29.051-0800: 50.550: [GC (Allocation Failure) 2020-10-27T22:24:29.051-0800: 50.550: [ParNew: 139876K->118K(157248K), 0.0030599 secs] 163565K->23807K(506816K), 0.0031448 secs] [Times: user=0.01 sys=0.00, real=0.00 secs] 
2020-10-27T22:24:30.235-0800: 51.734: [GC (Allocation Failure) 2020-10-27T22:24:30.235-0800: 51.734: [ParNew: 139894K->119K(157248K), 0.0031056 secs] 163583K->23809K(506816K), 0.0032125 secs] [Times: user=0.02 sys=0.01, real=0.00 secs] 
2020-10-27T22:24:30.337-0800: 51.836: [GC (Allocation Failure) 2020-10-27T22:24:30.337-0800: 51.836: [ParNew: 139895K->93K(157248K), 0.0030698 secs] 163585K->23782K(506816K), 0.0031600 secs] [Times: user=0.02 sys=0.00, real=0.01 secs] 
2020-10-27T22:24:30.440-0800: 51.939: [GC (Allocation Failure) 2020-10-27T22:24:30.440-0800: 51.939: [ParNew: 139869K->124K(157248K), 0.0030544 secs] 163558K->23814K(506816K), 0.0032085 secs] [Times: user=0.02 sys=0.00, real=0.00 secs] 
2020-10-27T22:24:30.545-0800: 52.044: [GC (Allocation Failure) 2020-10-27T22:24:30.545-0800: 52.045: [ParNew: 139900K->104K(157248K), 0.0032859 secs] 163590K->23793K(506816K), 0.0033780 secs] [Times: user=0.02 sys=0.00, real=0.00 secs] 
2020-10-27T22:24:30.651-0800: 52.150: [GC (Allocation Failure) 2020-10-27T22:24:30.651-0800: 52.150: [ParNew: 139880K->105K(157248K), 0.0031251 secs] 163569K->23794K(506816K), 0.0032290 secs] [Times: user=0.02 sys=0.00, real=0.00 secs] 
2020-10-27T22:24:30.757-0800: 52.256: [GC (Allocation Failure) 2020-10-27T22:24:30.757-0800: 52.256: [ParNew: 139881K->109K(157248K), 0.0034742 secs] 163570K->23798K(506816K), 0.0035607 secs] [Times: user=0.02 sys=0.00, real=0.01 secs] 
2020-10-27T22:24:30.862-0800: 52.361: [GC (Allocation Failure) 2020-10-27T22:24:30.862-0800: 52.361: [ParNew: 139885K->120K(157248K), 0.0034936 secs] 163574K->23810K(506816K), 0.0035846 secs] [Times: user=0.03 sys=0.00, real=0.00 secs] 
2020-10-27T22:24:30.969-0800: 52.468: [GC (Allocation Failure) 2020-10-27T22:24:30.969-0800: 52.468: [ParNew: 139896K->99K(157248K), 0.0035679 secs] 163586K->23788K(506816K), 0.0036523 secs] [Times: user=0.02 sys=0.00, real=0.01 secs] 
2020-10-27T22:24:31.076-0800: 52.575: [GC (Allocation Failure) 2020-10-27T22:24:31.076-0800: 52.575: [ParNew: 139875K->129K(157248K), 0.0036484 secs] 163564K->23818K(506816K), 0.0037463 secs] [Times: user=0.02 sys=0.00, real=0.00 secs] 
2020-10-27T22:24:31.180-0800: 52.679: [GC (Allocation Failure) 2020-10-27T22:24:31.180-0800: 52.679: [ParNew: 139905K->123K(157248K), 0.0031199 secs] 163594K->23812K(506816K), 0.0032020 secs] [Times: user=0.02 sys=0.00, real=0.00 secs] 
2020-10-27T22:24:31.589-0800: 53.088: [GC (Allocation Failure) 2020-10-27T22:24:31.589-0800: 53.088: [ParNew: 139899K->130K(157248K), 0.0036543 secs] 163588K->23819K(506816K), 0.0037606 secs] [Times: user=0.02 sys=0.00, real=0.01 secs] 
2020-10-27T22:24:31.696-0800: 53.195: [GC (Allocation Failure) 2020-10-27T22:24:31.696-0800: 53.195: [ParNew: 139906K->124K(157248K), 0.0032367 secs] 163595K->23813K(506816K), 0.0033411 secs] [Times: user=0.02 sys=0.00, real=0.00 secs] 
2020-10-27T22:24:31.804-0800: 53.303: [GC (Allocation Failure) 2020-10-27T22:24:31.804-0800: 53.303: [ParNew: 139900K->113K(157248K), 0.0032469 secs] 163589K->23803K(506816K), 0.0033362 secs] [Times: user=0.02 sys=0.00, real=0.00 secs] 
2020-10-27T22:24:31.909-0800: 53.408: [GC (Allocation Failure) 2020-10-27T22:24:31.909-0800: 53.408: [ParNew: 139889K->99K(157248K), 0.0038546 secs] 163579K->23789K(506816K), 0.0039376 secs] [Times: user=0.03 sys=0.00, real=0.01 secs] 
2020-10-27T22:24:32.016-0800: 53.515: [GC (Allocation Failure) 2020-10-27T22:24:32.016-0800: 53.515: [ParNew: 139875K->84K(157248K), 0.0031969 secs] 163565K->23774K(506816K), 0.0032837 secs] [Times: user=0.02 sys=0.00, real=0.00 secs] 
2020-10-27T22:24:32.124-0800: 53.623: [GC (Allocation Failure) 2020-10-27T22:24:32.124-0800: 53.623: [ParNew: 139860K->96K(157248K), 0.0033326 secs] 163550K->23786K(506816K), 0.0034233 secs] [Times: user=0.03 sys=0.00, real=0.00 secs] 
2020-10-27T22:24:32.227-0800: 53.726: [GC (Allocation Failure) 2020-10-27T22:24:32.227-0800: 53.726: [ParNew: 139872K->96K(157248K), 0.0031010 secs] 163562K->23786K(506816K), 0.0031872 secs] [Times: user=0.02 sys=0.00, real=0.01 secs] 
2020-10-27T22:24:32.333-0800: 53.832: [GC (Allocation Failure) 2020-10-27T22:24:32.333-0800: 53.832: [ParNew: 139872K->114K(157248K), 0.0033748 secs] 163562K->23804K(506816K), 0.0034567 secs] [Times: user=0.02 sys=0.00, real=0.00 secs] 
2020-10-27T22:24:32.439-0800: 53.938: [GC (Allocation Failure) 2020-10-27T22:24:32.439-0800: 53.938: [ParNew: 139890K->115K(157248K), 0.0035791 secs] 163580K->23805K(506816K), 0.0036751 secs] [Times: user=0.03 sys=0.00, real=0.01 secs] 
2020-10-27T22:24:33.155-0800: 54.654: [GC (Allocation Failure) 2020-10-27T22:24:33.155-0800: 54.654: [ParNew: 139891K->113K(157248K), 0.0030789 secs] 163581K->23803K(506816K), 0.0031676 secs] [Times: user=0.02 sys=0.00, real=0.00 secs] 
2020-10-27T22:24:33.257-0800: 54.756: [GC (Allocation Failure) 2020-10-27T22:24:33.257-0800: 54.756: [ParNew: 139889K->114K(157248K), 0.0031054 secs] 163579K->23804K(506816K), 0.0031894 secs] [Times: user=0.03 sys=0.00, real=0.01 secs] 
2020-10-27T22:24:33.362-0800: 54.861: [GC (Allocation Failure) 2020-10-27T22:24:33.362-0800: 54.861: [ParNew: 139889K->106K(157248K), 0.0031532 secs] 163579K->23796K(506816K), 0.0032651 secs] [Times: user=0.02 sys=0.00, real=0.00 secs] 
2020-10-27T22:24:33.466-0800: 54.965: [GC (Allocation Failure) 2020-10-27T22:24:33.466-0800: 54.965: [ParNew: 139877K->153K(157248K), 0.0038215 secs] 163567K->23843K(506816K), 0.0039281 secs] [Times: user=0.03 sys=0.00, real=0.01 secs] 
2020-10-27T22:24:33.570-0800: 55.069: [GC (Allocation Failure) 2020-10-27T22:24:33.570-0800: 55.070: [ParNew: 139929K->127K(157248K), 0.0032751 secs] 163619K->23817K(506816K), 0.0033732 secs] [Times: user=0.02 sys=0.00, real=0.00 secs] 
2020-10-27T22:24:33.676-0800: 55.175: [GC (Allocation Failure) 2020-10-27T22:24:33.676-0800: 55.175: [ParNew: 139903K->92K(157248K), 0.0031431 secs] 163593K->23783K(506816K), 0.0032290 secs] [Times: user=0.02 sys=0.00, real=0.00 secs] 
2020-10-27T22:24:33.782-0800: 55.281: [GC (Allocation Failure) 2020-10-27T22:24:33.782-0800: 55.281: [ParNew: 139868K->100K(157248K), 0.0033168 secs] 163559K->23790K(506816K), 0.0034101 secs] [Times: user=0.02 sys=0.00, real=0.00 secs] 
2020-10-27T22:24:33.887-0800: 55.386: [GC (Allocation Failure) 2020-10-27T22:24:33.887-0800: 55.386: [ParNew: 139876K->116K(157248K), 0.0032474 secs] 163566K->23806K(506816K), 0.0033470 secs] [Times: user=0.02 sys=0.00, real=0.01 secs] 
2020-10-27T22:24:33.991-0800: 55.490: [GC (Allocation Failure) 2020-10-27T22:24:33.991-0800: 55.490: [ParNew: 139892K->97K(157248K), 0.0032171 secs] 163582K->23787K(506816K), 0.0033149 secs] [Times: user=0.02 sys=0.01, real=0.00 secs] 
2020-10-27T22:24:34.094-0800: 55.593: [GC (Allocation Failure) 2020-10-27T22:24:34.094-0800: 55.593: [ParNew: 139873K->112K(157248K), 0.0032366 secs] 163563K->23803K(506816K), 0.0033172 secs] [Times: user=0.02 sys=0.00, real=0.00 secs] 
2020-10-27T22:24:34.789-0800: 56.288: [GC (Allocation Failure) 2020-10-27T22:24:34.789-0800: 56.288: [ParNew: 139888K->125K(157248K), 0.0038099 secs] 163579K->23816K(506816K), 0.0039093 secs] [Times: user=0.03 sys=0.00, real=0.01 secs] 
2020-10-27T22:24:34.893-0800: 56.392: [GC (Allocation Failure) 2020-10-27T22:24:34.893-0800: 56.392: [ParNew: 139901K->122K(157248K), 0.0032590 secs] 163592K->23813K(506816K), 0.0033419 secs] [Times: user=0.02 sys=0.00, real=0.00 secs] 
2020-10-27T22:24:34.999-0800: 56.498: [GC (Allocation Failure) 2020-10-27T22:24:34.999-0800: 56.498: [ParNew: 139898K->155K(157248K), 0.0035596 secs] 163589K->23846K(506816K), 0.0036594 secs] [Times: user=0.02 sys=0.00, real=0.01 secs] 
2020-10-27T22:24:35.102-0800: 56.601: [GC (Allocation Failure) 2020-10-27T22:24:35.102-0800: 56.601: [ParNew: 139931K->152K(157248K), 0.0034096 secs] 163622K->23843K(506816K), 0.0034977 secs] [Times: user=0.02 sys=0.01, real=0.00 secs] 
2020-10-27T22:24:35.204-0800: 56.703: [GC (Allocation Failure) 2020-10-27T22:24:35.204-0800: 56.703: [ParNew: 139928K->104K(157248K), 0.0034665 secs] 163619K->23795K(506816K), 0.0035607 secs] [Times: user=0.02 sys=0.00, real=0.00 secs] 
2020-10-27T22:24:35.310-0800: 56.809: [GC (Allocation Failure) 2020-10-27T22:24:35.310-0800: 56.809: [ParNew: 139880K->118K(157248K), 0.0032333 secs] 163571K->23809K(506816K), 0.0033200 secs] [Times: user=0.02 sys=0.00, real=0.00 secs] 
2020-10-27T22:24:35.413-0800: 56.912: [GC (Allocation Failure) 2020-10-27T22:24:35.413-0800: 56.912: [ParNew: 139894K->110K(157248K), 0.0034406 secs] 163585K->23801K(506816K), 0.0035307 secs] [Times: user=0.02 sys=0.00, real=0.00 secs] 
2020-10-27T22:24:35.517-0800: 57.016: [GC (Allocation Failure) 2020-10-27T22:24:35.517-0800: 57.016: [ParNew: 139886K->143K(157248K), 0.0031797 secs] 163577K->23834K(506816K), 0.0032666 secs] [Times: user=0.02 sys=0.00, real=0.01 secs] 
2020-10-27T22:24:35.620-0800: 57.119: [GC (Allocation Failure) 2020-10-27T22:24:35.620-0800: 57.119: [ParNew: 139919K->135K(157248K), 0.0031269 secs] 163610K->23826K(506816K), 0.0032158 secs] [Times: user=0.02 sys=0.00, real=0.00 secs] 
2020-10-27T22:24:35.724-0800: 57.223: [GC (Allocation Failure) 2020-10-27T22:24:35.724-0800: 57.223: [ParNew: 139911K->111K(157248K), 0.0039626 secs] 163602K->23802K(506816K), 0.0040646 secs] [Times: user=0.02 sys=0.01, real=0.00 secs] 
2020-10-27T22:24:36.372-0800: 57.871: [GC (Allocation Failure) 2020-10-27T22:24:36.372-0800: 57.871: [ParNew: 139887K->128K(157248K), 0.0031237 secs] 163578K->23820K(506816K), 0.0032310 secs] [Times: user=0.02 sys=0.00, real=0.00 secs] 
2020-10-27T22:24:36.477-0800: 57.976: [GC (Allocation Failure) 2020-10-27T22:24:36.477-0800: 57.976: [ParNew: 139904K->119K(157248K), 0.0031668 secs] 163596K->23811K(506816K), 0.0032579 secs] [Times: user=0.03 sys=0.00, real=0.01 secs] 
2020-10-27T22:24:36.579-0800: 58.078: [GC (Allocation Failure) 2020-10-27T22:24:36.579-0800: 58.078: [ParNew: 139893K->110K(157248K), 0.0034912 secs] 163584K->23802K(506816K), 0.0035799 secs] [Times: user=0.03 sys=0.00, real=0.01 secs] 
2020-10-27T22:24:36.682-0800: 58.181: [GC (Allocation Failure) 2020-10-27T22:24:36.682-0800: 58.181: [ParNew: 139886K->130K(157248K), 0.0034298 secs] 163578K->23822K(506816K), 0.0035311 secs] [Times: user=0.02 sys=0.00, real=0.00 secs] 
2020-10-27T22:24:36.784-0800: 58.283: [GC (Allocation Failure) 2020-10-27T22:24:36.784-0800: 58.283: [ParNew: 139906K->89K(157248K), 0.0032443 secs] 163598K->23781K(506816K), 0.0033313 secs] [Times: user=0.02 sys=0.00, real=0.00 secs] 
2020-10-27T22:24:36.889-0800: 58.388: [GC (Allocation Failure) 2020-10-27T22:24:36.889-0800: 58.388: [ParNew: 139865K->113K(157248K), 0.0037571 secs] 163557K->23805K(506816K), 0.0038484 secs] [Times: user=0.03 sys=0.00, real=0.01 secs] 
2020-10-27T22:24:36.993-0800: 58.492: [GC (Allocation Failure) 2020-10-27T22:24:36.993-0800: 58.492: [ParNew: 139889K->99K(157248K), 0.0036001 secs] 163581K->23791K(506816K), 0.0037012 secs] [Times: user=0.02 sys=0.01, real=0.00 secs] 
2020-10-27T22:24:37.095-0800: 58.594: [GC (Allocation Failure) 2020-10-27T22:24:37.095-0800: 58.594: [ParNew: 139875K->112K(157248K), 0.0031882 secs] 163567K->23804K(506816K), 0.0032772 secs] [Times: user=0.03 sys=0.00, real=0.00 secs] 
2020-10-27T22:24:37.198-0800: 58.696: [GC (Allocation Failure) 2020-10-27T22:24:37.198-0800: 58.697: [ParNew: 139888K->106K(157248K), 0.0030671 secs] 163580K->23798K(506816K), 0.0031653 secs] [Times: user=0.02 sys=0.00, real=0.01 secs] 
2020-10-27T22:24:37.799-0800: 59.298: [GC (Allocation Failure) 2020-10-27T22:24:37.799-0800: 59.298: [ParNew: 139876K->86K(157248K), 0.0030505 secs] 163568K->23778K(506816K), 0.0031376 secs] [Times: user=0.02 sys=0.00, real=0.01 secs] 
2020-10-27T22:24:37.899-0800: 59.398: [GC (Allocation Failure) 2020-10-27T22:24:37.899-0800: 59.398: [ParNew: 139862K->93K(157248K), 0.0042244 secs] 163554K->23785K(506816K), 0.0043336 secs] [Times: user=0.02 sys=0.00, real=0.01 secs] 
2020-10-27T22:24:38.003-0800: 59.502: [GC (Allocation Failure) 2020-10-27T22:24:38.003-0800: 59.502: [ParNew: 139869K->88K(157248K), 0.0031910 secs] 163561K->23780K(506816K), 0.0033527 secs] [Times: user=0.02 sys=0.00, real=0.00 secs] 
2020-10-27T22:24:38.106-0800: 59.605: [GC (Allocation Failure) 2020-10-27T22:24:38.106-0800: 59.605: [ParNew: 139864K->112K(157248K), 0.0034474 secs] 163556K->23804K(506816K), 0.0035467 secs] [Times: user=0.02 sys=0.00, real=0.00 secs] 
2020-10-27T22:24:38.210-0800: 59.709: [GC (Allocation Failure) 2020-10-27T22:24:38.210-0800: 59.709: [ParNew: 139888K->101K(157248K), 0.0030617 secs] 163580K->23793K(506816K), 0.0031453 secs] [Times: user=0.02 sys=0.00, real=0.00 secs] 
2020-10-27T22:24:38.316-0800: 59.815: [GC (Allocation Failure) 2020-10-27T22:24:38.316-0800: 59.815: [ParNew: 139877K->103K(157248K), 0.0034018 secs] 163569K->23795K(506816K), 0.0035089 secs] [Times: user=0.03 sys=0.00, real=0.00 secs] 
2020-10-27T22:24:38.417-0800: 59.916: [GC (Allocation Failure) 2020-10-27T22:24:38.417-0800: 59.916: [ParNew: 139879K->105K(157248K), 0.0032002 secs] 163571K->23797K(506816K), 0.0032892 secs] [Times: user=0.02 sys=0.00, real=0.01 secs] 
2020-10-27T22:24:38.520-0800: 60.019: [GC (Allocation Failure) 2020-10-27T22:24:38.520-0800: 60.019: [ParNew: 139881K->107K(157248K), 0.0033133 secs] 163573K->23799K(506816K), 0.0034171 secs] [Times: user=0.02 sys=0.00, real=0.00 secs] 
2020-10-27T22:24:38.622-0800: 60.121: [GC (Allocation Failure) 2020-10-27T22:24:38.622-0800: 60.121: [ParNew: 139883K->79K(157248K), 0.0031349 secs] 163575K->23771K(506816K), 0.0032292 secs] [Times: user=0.02 sys=0.00, real=0.00 secs] 
2020-10-27T22:24:38.725-0800: 60.224: [GC (Allocation Failure) 2020-10-27T22:24:38.725-0800: 60.224: [ParNew: 139855K->121K(157248K), 0.0031427 secs] 163547K->23814K(506816K), 0.0032325 secs] [Times: user=0.02 sys=0.00, real=0.00 secs] 
2020-10-27T22:24:39.281-0800: 60.780: [GC (Allocation Failure) 2020-10-27T22:24:39.282-0800: 60.781: [ParNew: 139897K->119K(157248K), 0.0031734 secs] 163590K->23812K(506816K), 0.0032957 secs] [Times: user=0.02 sys=0.00, real=0.00 secs] 
2020-10-27T22:24:39.383-0800: 60.882: [GC (Allocation Failure) 2020-10-27T22:24:39.383-0800: 60.882: [ParNew: 139895K->113K(157248K), 0.0032400 secs] 163588K->23805K(506816K), 0.0033383 secs] [Times: user=0.02 sys=0.00, real=0.00 secs] 
2020-10-27T22:24:39.488-0800: 60.987: [GC (Allocation Failure) 2020-10-27T22:24:39.488-0800: 60.987: [ParNew: 139889K->126K(157248K), 0.0032763 secs] 163581K->23819K(506816K), 0.0033734 secs] [Times: user=0.01 sys=0.00, real=0.01 secs] 
2020-10-27T22:24:39.592-0800: 61.091: [GC (Allocation Failure) 2020-10-27T22:24:39.592-0800: 61.091: [ParNew: 139902K->159K(157248K), 0.0032957 secs] 163595K->23852K(506816K), 0.0033873 secs] [Times: user=0.03 sys=0.00, real=0.00 secs] 
2020-10-27T22:24:39.695-0800: 61.194: [GC (Allocation Failure) 2020-10-27T22:24:39.695-0800: 61.194: [ParNew: 139935K->144K(157248K), 0.0033620 secs] 163628K->23837K(506816K), 0.0034730 secs] [Times: user=0.02 sys=0.00, real=0.00 secs] 
2020-10-27T22:24:39.798-0800: 61.297: [GC (Allocation Failure) 2020-10-27T22:24:39.798-0800: 61.297: [ParNew: 139920K->109K(157248K), 0.0025995 secs] 163613K->23801K(506816K), 0.0026907 secs] [Times: user=0.01 sys=0.00, real=0.01 secs] 
2020-10-27T22:24:39.900-0800: 61.399: [GC (Allocation Failure) 2020-10-27T22:24:39.900-0800: 61.399: [ParNew: 139885K->130K(157248K), 0.0032006 secs] 163577K->23822K(506816K), 0.0032904 secs] [Times: user=0.03 sys=0.00, real=0.00 secs] 
2020-10-27T22:24:40.002-0800: 61.501: [GC (Allocation Failure) 2020-10-27T22:24:40.002-0800: 61.501: [ParNew: 139906K->102K(157248K), 0.0030835 secs] 163598K->23794K(506816K), 0.0031641 secs] [Times: user=0.02 sys=0.00, real=0.00 secs] 
2020-10-27T22:24:40.105-0800: 61.604: [GC (Allocation Failure) 2020-10-27T22:24:40.105-0800: 61.604: [ParNew: 139878K->93K(157248K), 0.0033636 secs] 163570K->23786K(506816K), 0.0034618 secs] [Times: user=0.02 sys=0.00, real=0.00 secs] 
2020-10-27T22:24:40.207-0800: 61.706: [GC (Allocation Failure) 2020-10-27T22:24:40.207-0800: 61.706: [ParNew: 139869K->133K(157248K), 0.0030898 secs] 163562K->23826K(506816K), 0.0031911 secs] [Times: user=0.02 sys=0.00, real=0.01 secs] 
2020-10-27T22:24:40.670-0800: 62.169: [GC (Allocation Failure) 2020-10-27T22:24:40.670-0800: 62.169: [ParNew: 139909K->128K(157248K), 0.0031534 secs] 163602K->23821K(506816K), 0.0032441 secs] [Times: user=0.02 sys=0.00, real=0.00 secs] 
2020-10-27T22:24:40.772-0800: 62.271: [GC (Allocation Failure) 2020-10-27T22:24:40.772-0800: 62.271: [ParNew: 139904K->108K(157248K), 0.0032039 secs] 163597K->23801K(506816K), 0.0033011 secs] [Times: user=0.02 sys=0.00, real=0.00 secs] 
2020-10-27T22:24:40.876-0800: 62.375: [GC (Allocation Failure) 2020-10-27T22:24:40.876-0800: 62.375: [ParNew: 139884K->151K(157248K), 0.0032176 secs] 163577K->23844K(506816K), 0.0033105 secs] [Times: user=0.02 sys=0.00, real=0.00 secs] 
2020-10-27T22:24:40.976-0800: 62.475: [GC (Allocation Failure) 2020-10-27T22:24:40.977-0800: 62.475: [ParNew: 139927K->123K(157248K), 0.0028612 secs] 163620K->23815K(506816K), 0.0029567 secs] [Times: user=0.02 sys=0.00, real=0.00 secs] 
2020-10-27T22:24:41.079-0800: 62.578: [GC (Allocation Failure) 2020-10-27T22:24:41.079-0800: 62.578: [ParNew: 139899K->131K(157248K), 0.0031143 secs] 163591K->23823K(506816K), 0.0032226 secs] [Times: user=0.02 sys=0.00, real=0.01 secs] 
2020-10-27T22:24:41.180-0800: 62.679: [GC (Allocation Failure) 2020-10-27T22:24:41.180-0800: 62.679: [ParNew: 139907K->123K(157248K), 0.0032158 secs] 163599K->23815K(506816K), 0.0033015 secs] [Times: user=0.03 sys=0.00, real=0.00 secs] 
2020-10-27T22:24:41.282-0800: 62.781: [GC (Allocation Failure) 2020-10-27T22:24:41.282-0800: 62.781: [ParNew: 139899K->110K(157248K), 0.0031583 secs] 163591K->23803K(506816K), 0.0032505 secs] [Times: user=0.02 sys=0.00, real=0.00 secs] 
2020-10-27T22:24:41.385-0800: 62.884: [GC (Allocation Failure) 2020-10-27T22:24:41.385-0800: 62.884: [ParNew: 139886K->93K(157248K), 0.0031252 secs] 163579K->23786K(506816K), 0.0032104 secs] [Times: user=0.02 sys=0.00, real=0.00 secs] 
2020-10-27T22:24:41.485-0800: 62.984: [GC (Allocation Failure) 2020-10-27T22:24:41.485-0800: 62.984: [ParNew: 139869K->110K(157248K), 0.0031094 secs] 163562K->23803K(506816K), 0.0032105 secs] [Times: user=0.02 sys=0.00, real=0.00 secs] 
2020-10-27T22:24:41.587-0800: 63.086: [GC (Allocation Failure) 2020-10-27T22:24:41.587-0800: 63.086: [ParNew: 139881K->114K(157248K), 0.0032247 secs] 163574K->23807K(506816K), 0.0033078 secs] [Times: user=0.02 sys=0.00, real=0.01 secs] 
2020-10-27T22:24:42.138-0800: 63.636: [GC (Allocation Failure) 2020-10-27T22:24:42.138-0800: 63.636: [ParNew: 139890K->126K(157248K), 0.0031097 secs] 163583K->23819K(506816K), 0.0031926 secs] [Times: user=0.02 sys=0.00, real=0.01 secs] 
2020-10-27T22:24:42.240-0800: 63.739: [GC (Allocation Failure) 2020-10-27T22:24:42.240-0800: 63.739: [ParNew: 139902K->109K(157248K), 0.0035333 secs] 163595K->23803K(506816K), 0.0036319 secs] [Times: user=0.02 sys=0.00, real=0.00 secs] 
2020-10-27T22:24:42.342-0800: 63.841: [GC (Allocation Failure) 2020-10-27T22:24:42.343-0800: 63.841: [ParNew: 139885K->84K(157248K), 0.0030685 secs] 163579K->23778K(506816K), 0.0031663 secs] [Times: user=0.02 sys=0.00, real=0.00 secs] 
2020-10-27T22:24:42.443-0800: 63.942: [GC (Allocation Failure) 2020-10-27T22:24:42.443-0800: 63.942: [ParNew: 139860K->108K(157248K), 0.0041419 secs] 163554K->23802K(506816K), 0.0042238 secs] [Times: user=0.03 sys=0.00, real=0.00 secs] 
2020-10-27T22:24:42.547-0800: 64.046: [GC (Allocation Failure) 2020-10-27T22:24:42.547-0800: 64.046: [ParNew: 139884K->140K(157248K), 0.0031512 secs] 163578K->23834K(506816K), 0.0032535 secs] [Times: user=0.03 sys=0.00, real=0.01 secs] 
2020-10-27T22:24:42.649-0800: 64.148: [GC (Allocation Failure) 2020-10-27T22:24:42.649-0800: 64.148: [ParNew: 139916K->97K(157248K), 0.0031693 secs] 163610K->23791K(506816K), 0.0032627 secs] [Times: user=0.02 sys=0.00, real=0.01 secs] 
2020-10-27T22:24:42.748-0800: 64.247: [GC (Allocation Failure) 2020-10-27T22:24:42.749-0800: 64.247: [ParNew: 139873K->146K(157248K), 0.0032092 secs] 163567K->23840K(506816K), 0.0033014 secs] [Times: user=0.02 sys=0.00, real=0.01 secs] 
2020-10-27T22:24:42.852-0800: 64.350: [GC (Allocation Failure) 2020-10-27T22:24:42.852-0800: 64.351: [ParNew: 139922K->115K(157248K), 0.0031553 secs] 163616K->23809K(506816K), 0.0032497 secs] [Times: user=0.02 sys=0.00, real=0.00 secs] 
2020-10-27T22:24:42.956-0800: 64.455: [GC (Allocation Failure) 2020-10-27T22:24:42.956-0800: 64.455: [ParNew: 139891K->88K(157248K), 0.0032487 secs] 163585K->23782K(506816K), 0.0033558 secs] [Times: user=0.02 sys=0.00, real=0.00 secs] 
2020-10-27T22:24:43.445-0800: 64.944: [GC (Allocation Failure) 2020-10-27T22:24:43.445-0800: 64.944: [ParNew: 139864K->106K(157248K), 0.0035668 secs] 163558K->23800K(506816K), 0.0036555 secs] [Times: user=0.02 sys=0.00, real=0.00 secs] 
2020-10-27T22:24:43.544-0800: 65.043: [GC (Allocation Failure) 2020-10-27T22:24:43.544-0800: 65.043: [ParNew: 139882K->136K(157248K), 0.0030846 secs] 163576K->23830K(506816K), 0.0031709 secs] [Times: user=0.03 sys=0.00, real=0.00 secs] 
2020-10-27T22:24:43.648-0800: 65.146: [GC (Allocation Failure) 2020-10-27T22:24:43.648-0800: 65.146: [ParNew: 139912K->108K(157248K), 0.0032162 secs] 163606K->23803K(506816K), 0.0033083 secs] [Times: user=0.02 sys=0.00, real=0.01 secs] 
2020-10-27T22:24:43.748-0800: 65.247: [GC (Allocation Failure) 2020-10-27T22:24:43.748-0800: 65.247: [ParNew: 139884K->81K(157248K), 0.0032192 secs] 163579K->23776K(506816K), 0.0033161 secs] [Times: user=0.02 sys=0.00, real=0.01 secs] 
2020-10-27T22:24:43.848-0800: 65.347: [GC (Allocation Failure) 2020-10-27T22:24:43.848-0800: 65.347: [ParNew: 139857K->137K(157248K), 0.0031092 secs] 163552K->23832K(506816K), 0.0032266 secs] [Times: user=0.02 sys=0.00, real=0.01 secs] 
2020-10-27T22:24:43.949-0800: 65.448: [GC (Allocation Failure) 2020-10-27T22:24:43.949-0800: 65.448: [ParNew: 139913K->98K(157248K), 0.0030934 secs] 163608K->23793K(506816K), 0.0031765 secs] [Times: user=0.02 sys=0.00, real=0.01 secs] 
2020-10-27T22:24:44.052-0800: 65.551: [GC (Allocation Failure) 2020-10-27T22:24:44.052-0800: 65.551: [ParNew: 139874K->107K(157248K), 0.0031151 secs] 163569K->23802K(506816K), 0.0031979 secs] [Times: user=0.02 sys=0.00, real=0.00 secs] 
2020-10-27T22:24:44.155-0800: 65.654: [GC (Allocation Failure) 2020-10-27T22:24:44.155-0800: 65.654: [ParNew: 139883K->113K(157248K), 0.0026520 secs] 163578K->23809K(506816K), 0.0027433 secs] [Times: user=0.01 sys=0.00, real=0.00 secs] 
2020-10-27T22:24:44.259-0800: 65.758: [GC (Allocation Failure) 2020-10-27T22:24:44.259-0800: 65.758: [ParNew: 139889K->99K(157248K), 0.0031979 secs] 163585K->23795K(506816K), 0.0032861 secs] [Times: user=0.02 sys=0.00, real=0.01 secs] 
2020-10-27T22:24:44.366-0800: 65.865: [GC (Allocation Failure) 2020-10-27T22:24:44.366-0800: 65.865: [ParNew: 139875K->88K(157248K), 0.0032450 secs] 163571K->23783K(506816K), 0.0033514 secs] [Times: user=0.01 sys=0.00, real=0.01 secs] 
2020-10-27T22:24:44.830-0800: 66.328: [GC (Allocation Failure) 2020-10-27T22:24:44.830-0800: 66.328: [ParNew: 139864K->101K(157248K), 0.0030462 secs] 163559K->23796K(506816K), 0.0031478 secs] [Times: user=0.02 sys=0.00, real=0.00 secs] 
2020-10-27T22:24:44.931-0800: 66.430: [GC (Allocation Failure) 2020-10-27T22:24:44.931-0800: 66.430: [ParNew: 139877K->113K(157248K), 0.0031400 secs] 163572K->23809K(506816K), 0.0032391 secs] [Times: user=0.02 sys=0.00, real=0.00 secs] 
2020-10-27T22:24:45.035-0800: 66.533: [GC (Allocation Failure) 2020-10-27T22:24:45.035-0800: 66.533: [ParNew: 139889K->98K(157248K), 0.0035226 secs] 163585K->23794K(506816K), 0.0036124 secs] [Times: user=0.02 sys=0.00, real=0.00 secs] 
2020-10-27T22:24:45.141-0800: 66.640: [GC (Allocation Failure) 2020-10-27T22:24:45.141-0800: 66.640: [ParNew: 139874K->116K(157248K), 0.0033097 secs] 163570K->23812K(506816K), 0.0034134 secs] [Times: user=0.02 sys=0.00, real=0.00 secs] 
2020-10-27T22:24:45.244-0800: 66.743: [GC (Allocation Failure) 2020-10-27T22:24:45.244-0800: 66.743: [ParNew: 139892K->102K(157248K), 0.0031922 secs] 163588K->23798K(506816K), 0.0032932 secs] [Times: user=0.02 sys=0.00, real=0.00 secs] 
2020-10-27T22:24:45.344-0800: 66.843: [GC (Allocation Failure) 2020-10-27T22:24:45.344-0800: 66.843: [ParNew: 139878K->97K(157248K), 0.0029432 secs] 163574K->23793K(506816K), 0.0030475 secs] [Times: user=0.01 sys=0.00, real=0.00 secs] 
2020-10-27T22:24:45.446-0800: 66.945: [GC (Allocation Failure) 2020-10-27T22:24:45.446-0800: 66.945: [ParNew: 139873K->105K(157248K), 0.0034718 secs] 163569K->23801K(506816K), 0.0035619 secs] [Times: user=0.03 sys=0.00, real=0.00 secs] 
2020-10-27T22:24:45.547-0800: 67.046: [GC (Allocation Failure) 2020-10-27T22:24:45.547-0800: 67.046: [ParNew: 139874K->93K(157248K), 0.0042565 secs] 163570K->23789K(506816K), 0.0043729 secs] [Times: user=0.02 sys=0.00, real=0.01 secs] 
2020-10-27T22:24:45.650-0800: 67.149: [GC (Allocation Failure) 2020-10-27T22:24:45.650-0800: 67.149: [ParNew: 139869K->104K(157248K), 0.0031256 secs] 163565K->23800K(506816K), 0.0032298 secs] [Times: user=0.02 sys=0.01, real=0.00 secs] 
2020-10-27T22:24:45.753-0800: 67.252: [GC (Allocation Failure) 2020-10-27T22:24:45.753-0800: 67.252: [ParNew: 139880K->106K(157248K), 0.0034785 secs] 163576K->23802K(506816K), 0.0035784 secs] [Times: user=0.02 sys=0.00, real=0.00 secs] 
2020-10-27T22:24:46.260-0800: 67.759: [GC (Allocation Failure) 2020-10-27T22:24:46.260-0800: 67.759: [ParNew: 139882K->111K(157248K), 0.0030534 secs] 163578K->23807K(506816K), 0.0031409 secs] [Times: user=0.02 sys=0.00, real=0.00 secs] 
2020-10-27T22:24:46.360-0800: 67.858: [GC (Allocation Failure) 2020-10-27T22:24:46.360-0800: 67.858: [ParNew: 139887K->112K(157248K), 0.0030677 secs] 163583K->23808K(506816K), 0.0031593 secs] [Times: user=0.02 sys=0.00, real=0.00 secs] 
2020-10-27T22:24:46.462-0800: 67.961: [GC (Allocation Failure) 2020-10-27T22:24:46.462-0800: 67.961: [ParNew: 139888K->89K(157248K), 0.0033026 secs] 163584K->23785K(506816K), 0.0033971 secs] [Times: user=0.02 sys=0.00, real=0.00 secs] 
2020-10-27T22:24:46.563-0800: 68.062: [GC (Allocation Failure) 2020-10-27T22:24:46.563-0800: 68.062: [ParNew: 139865K->96K(157248K), 0.0031080 secs] 163561K->23792K(506816K), 0.0032133 secs] [Times: user=0.03 sys=0.00, real=0.00 secs] 
2020-10-27T22:24:46.664-0800: 68.162: [GC (Allocation Failure) 2020-10-27T22:24:46.664-0800: 68.163: [ParNew: 139872K->117K(157248K), 0.0031356 secs] 163568K->23813K(506816K), 0.0032344 secs] [Times: user=0.03 sys=0.00, real=0.00 secs] 
2020-10-27T22:24:46.768-0800: 68.266: [GC (Allocation Failure) 2020-10-27T22:24:46.768-0800: 68.266: [ParNew: 139893K->110K(157248K), 0.0031103 secs] 163589K->23806K(506816K), 0.0032049 secs] [Times: user=0.02 sys=0.00, real=0.01 secs] 
2020-10-27T22:24:46.870-0800: 68.369: [GC (Allocation Failure) 2020-10-27T22:24:46.870-0800: 68.369: [ParNew: 139886K->85K(157248K), 0.0032045 secs] 163582K->23781K(506816K), 0.0032957 secs] [Times: user=0.02 sys=0.00, real=0.00 secs] 
2020-10-27T22:24:46.972-0800: 68.471: [GC (Allocation Failure) 2020-10-27T22:24:46.972-0800: 68.471: [ParNew: 139861K->154K(157248K), 0.0031921 secs] 163557K->23851K(506816K), 0.0032938 secs] [Times: user=0.02 sys=0.00, real=0.00 secs] 
2020-10-27T22:24:47.076-0800: 68.575: [GC (Allocation Failure) 2020-10-27T22:24:47.076-0800: 68.575: [ParNew: 139930K->131K(157248K), 0.0032345 secs] 163627K->23827K(506816K), 0.0033277 secs] [Times: user=0.02 sys=0.00, real=0.00 secs] 
2020-10-27T22:24:47.176-0800: 68.675: [GC (Allocation Failure) 2020-10-27T22:24:47.176-0800: 68.675: [ParNew: 139907K->91K(157248K), 0.0031513 secs] 163603K->23788K(506816K), 0.0032572 secs] [Times: user=0.03 sys=0.00, real=0.00 secs] 
Heap
 par new generation   total 157248K, used 121457K [0x00000007a0000000, 0x00000007aaaa0000, 0x00000007aaaa0000)
  eden space 139776K,  86% used [0x00000007a0000000, 0x00000007a7685720, 0x00000007a8880000)
  from space 17472K,   0% used [0x00000007a9990000, 0x00000007a99a6f80, 0x00000007aaaa0000)
  to   space 17472K,   0% used [0x00000007a8880000, 0x00000007a8880000, 0x00000007a9990000)
 concurrent mark-sweep generation total 349568K, used 23696K [0x00000007aaaa0000, 0x00000007c0000000, 0x00000007c0000000)
 Metaspace       used 36707K, capacity 38788K, committed 39056K, reserved 1083392K
  class space    used 4593K, capacity 4937K, committed 5036K, reserved 1048576K
