Java HotSpot(TM) 64-Bit Server VM (25.251-b08) for bsd-amd64 JRE (1.8.0_251-b08), built on Mar 12 2020 02:36:37 by "java_re" with gcc 4.2.1 (Based on Apple Inc. build 5658) (LLVM build 2336.11.00)
Memory: 4k page, physical 33554432k(731296k free)

/proc/meminfo:

CommandLine flags: -XX:InitialHeapSize=536870912 -XX:MaxHeapSize=536870912 -XX:+PrintGC -XX:+PrintGCDateStamps -XX:+PrintGCDetails -XX:+PrintGCTimeStamps -XX:+UseCompressedClassPointers -XX:+UseCompressedOops -XX:+UseParallelGC 
2020-10-27T22:21:00.691-0800: 0.586: [GC (Allocation Failure) [PSYoungGen: 131584K->7170K(153088K)] 131584K->7186K(502784K), 0.0060831 secs] [Times: user=0.02 sys=0.00, real=0.00 secs] 
2020-10-27T22:21:00.959-0800: 0.854: [GC (Allocation Failure) [PSYoungGen: 138754K->10493K(153088K)] 138770K->10517K(502784K), 0.0078276 secs] [Times: user=0.03 sys=0.01, real=0.01 secs] 
2020-10-27T22:21:00.995-0800: 0.890: [GC (Metadata GC Threshold) [PSYoungGen: 23416K->5520K(153088K)] 23440K->5552K(502784K), 0.0039029 secs] [Times: user=0.03 sys=0.00, real=0.00 secs] 
2020-10-27T22:21:00.999-0800: 0.894: [Full GC (Metadata GC Threshold) [PSYoungGen: 5520K->0K(153088K)] [ParOldGen: 32K->5389K(349696K)] 5552K->5389K(502784K), [Metaspace: 20482K->20482K(1067008K)], 0.0212628 secs] [Times: user=0.09 sys=0.01, real=0.03 secs] 
2020-10-27T22:21:01.459-0800: 1.354: [GC (Allocation Failure) [PSYoungGen: 131584K->6367K(153088K)] 136973K->11829K(502784K), 0.0040214 secs] [Times: user=0.02 sys=0.00, real=0.01 secs] 
2020-10-27T22:21:01.935-0800: 1.830: [GC (Allocation Failure) [PSYoungGen: 137951K->12984K(153088K)] 143413K->18453K(502784K), 0.0076356 secs] [Times: user=0.04 sys=0.01, real=0.01 secs] 
2020-10-27T22:21:02.271-0800: 2.166: [GC (Allocation Failure) [PSYoungGen: 144568K->14331K(155136K)] 150037K->20305K(504832K), 0.0098799 secs] [Times: user=0.04 sys=0.01, real=0.01 secs] 
2020-10-27T22:21:25.979-0800: 25.874: [GC (Metadata GC Threshold) [PSYoungGen: 105559K->13555K(154624K)] 111533K->19537K(504320K), 0.0066395 secs] [Times: user=0.03 sys=0.01, real=0.01 secs] 
2020-10-27T22:21:25.986-0800: 25.880: [Full GC (Metadata GC Threshold) [PSYoungGen: 13555K->0K(154624K)] [ParOldGen: 5982K->16817K(349696K)] 19537K->16817K(504320K), [Metaspace: 33848K->33848K(1081344K)], 0.0471724 secs] [Times: user=0.18 sys=0.00, real=0.05 secs] 
2020-10-27T22:21:26.609-0800: 26.503: [GC (Allocation Failure) [PSYoungGen: 140800K->5265K(156672K)] 157617K->22090K(506368K), 0.0038833 secs] [Times: user=0.02 sys=0.00, real=0.01 secs] 
2020-10-27T22:21:27.043-0800: 26.938: [GC (Allocation Failure) [PSYoungGen: 144017K->4721K(156672K)] 160842K->21554K(506368K), 0.0024267 secs] [Times: user=0.01 sys=0.00, real=0.00 secs] 
2020-10-27T22:21:27.396-0800: 27.291: [GC (Allocation Failure) [PSYoungGen: 143473K->4753K(156672K)] 160306K->21594K(506368K), 0.0025999 secs] [Times: user=0.01 sys=0.00, real=0.00 secs] 
2020-10-27T22:21:27.716-0800: 27.611: [GC (Allocation Failure) [PSYoungGen: 143505K->288K(139264K)] 160346K->21301K(488960K), 0.0027616 secs] [Times: user=0.01 sys=0.00, real=0.00 secs] 
2020-10-27T22:21:28.009-0800: 27.904: [GC (Allocation Failure) [PSYoungGen: 139040K->320K(156160K)] 160053K->21405K(505856K), 0.0017583 secs] [Times: user=0.01 sys=0.00, real=0.01 secs] 
2020-10-27T22:21:28.277-0800: 28.172: [GC (Allocation Failure) [PSYoungGen: 138048K->288K(156160K)] 159133K->21381K(505856K), 0.0017202 secs] [Times: user=0.01 sys=0.01, real=0.00 secs] 
2020-10-27T22:21:28.528-0800: 28.422: [GC (Allocation Failure) [PSYoungGen: 138016K->288K(156160K)] 159109K->21389K(505856K), 0.0016319 secs] [Times: user=0.01 sys=0.01, real=0.00 secs] 
2020-10-27T22:21:28.760-0800: 28.655: [GC (Allocation Failure) [PSYoungGen: 138016K->320K(156160K)] 159117K->21429K(505856K), 0.0014909 secs] [Times: user=0.01 sys=0.00, real=0.00 secs] 
2020-10-27T22:21:28.973-0800: 28.868: [GC (Allocation Failure) [PSYoungGen: 138048K->304K(156672K)] 159157K->21421K(506368K), 0.0016099 secs] [Times: user=0.01 sys=0.00, real=0.00 secs] 
2020-10-27T22:21:29.173-0800: 29.067: [GC (Allocation Failure) [PSYoungGen: 139056K->304K(156672K)] 160173K->21429K(506368K), 0.0014678 secs] [Times: user=0.01 sys=0.00, real=0.00 secs] 
2020-10-27T22:21:29.344-0800: 29.239: [GC (Allocation Failure) [PSYoungGen: 139056K->320K(158208K)] 160181K->21453K(507904K), 0.0014230 secs] [Times: user=0.01 sys=0.00, real=0.00 secs] 
2020-10-27T22:21:29.488-0800: 29.383: [GC (Allocation Failure) [PSYoungGen: 141632K->304K(157696K)] 162765K->21445K(507392K), 0.0014680 secs] [Times: user=0.01 sys=0.00, real=0.01 secs] 
2020-10-27T22:21:29.638-0800: 29.532: [GC (Allocation Failure) [PSYoungGen: 141616K->304K(159232K)] 162757K->21453K(508928K), 0.0015390 secs] [Times: user=0.01 sys=0.00, real=0.00 secs] 
2020-10-27T22:21:29.770-0800: 29.665: [GC (Allocation Failure) [PSYoungGen: 143664K->352K(158720K)] 164813K->21501K(508416K), 0.0017616 secs] [Times: user=0.00 sys=0.00, real=0.00 secs] 
2020-10-27T22:21:29.910-0800: 29.804: [GC (Allocation Failure) [PSYoungGen: 143712K->304K(160768K)] 164861K->21461K(510464K), 0.0015937 secs] [Times: user=0.01 sys=0.00, real=0.00 secs] 
2020-10-27T22:21:30.046-0800: 29.940: [GC (Allocation Failure) [PSYoungGen: 146736K->352K(160256K)] 167893K->21509K(509952K), 0.0014721 secs] [Times: user=0.01 sys=0.00, real=0.00 secs] 
2020-10-27T22:21:30.186-0800: 30.080: [GC (Allocation Failure) [PSYoungGen: 146784K->304K(162304K)] 167941K->21469K(512000K), 0.0017324 secs] [Times: user=0.01 sys=0.00, real=0.00 secs] 
2020-10-27T22:21:30.323-0800: 30.218: [GC (Allocation Failure) [PSYoungGen: 149296K->288K(161280K)] 170461K->21517K(510976K), 0.0014626 secs] [Times: user=0.01 sys=0.00, real=0.00 secs] 
2020-10-27T22:21:30.460-0800: 30.354: [GC (Allocation Failure) [PSYoungGen: 149280K->288K(163328K)] 170509K->21581K(513024K), 0.0015788 secs] [Times: user=0.01 sys=0.00, real=0.00 secs] 
2020-10-27T22:21:30.595-0800: 30.489: [GC (Allocation Failure) [PSYoungGen: 151840K->304K(162816K)] 173133K->21637K(512512K), 0.0013678 secs] [Times: user=0.01 sys=0.00, real=0.00 secs] 
2020-10-27T22:21:30.734-0800: 30.628: [GC (Allocation Failure) [PSYoungGen: 151856K->272K(164864K)] 173189K->21653K(514560K), 0.0013534 secs] [Times: user=0.00 sys=0.00, real=0.00 secs] 
2020-10-27T22:21:30.879-0800: 30.773: [GC (Allocation Failure) [PSYoungGen: 154896K->256K(164352K)] 176277K->21693K(514048K), 0.0013714 secs] [Times: user=0.01 sys=0.00, real=0.01 secs] 
2020-10-27T22:21:31.015-0800: 30.909: [GC (Allocation Failure) [PSYoungGen: 154880K->256K(165888K)] 176317K->21773K(515584K), 0.0017465 secs] [Times: user=0.01 sys=0.00, real=0.00 secs] 
2020-10-27T22:21:31.141-0800: 31.035: [GC (Allocation Failure) [PSYoungGen: 156928K->288K(165376K)] 178445K->21837K(515072K), 0.0013717 secs] [Times: user=0.00 sys=0.00, real=0.00 secs] 
2020-10-27T22:21:31.291-0800: 31.186: [GC (Allocation Failure) [PSYoungGen: 156960K->288K(166912K)] 178509K->21893K(516608K), 0.0014096 secs] [Times: user=0.01 sys=0.01, real=0.00 secs] 
2020-10-27T22:21:31.434-0800: 31.328: [GC (Allocation Failure) [PSYoungGen: 159002K->256K(166400K)] 180608K->21909K(516096K), 0.0013836 secs] [Times: user=0.01 sys=0.00, real=0.00 secs] 
2020-10-27T22:21:31.567-0800: 31.462: [GC (Allocation Failure) [PSYoungGen: 158976K->256K(167936K)] 180629K->21965K(517632K), 0.0013037 secs] [Times: user=0.01 sys=0.00, real=0.00 secs] 
2020-10-27T22:21:31.710-0800: 31.605: [GC (Allocation Failure) [PSYoungGen: 161024K->256K(167424K)] 182733K->21973K(517120K), 0.0013174 secs] [Times: user=0.00 sys=0.00, real=0.00 secs] 
2020-10-27T22:21:31.850-0800: 31.744: [GC (Allocation Failure) [PSYoungGen: 161024K->256K(168960K)] 182741K->21981K(518656K), 0.0012666 secs] [Times: user=0.01 sys=0.00, real=0.00 secs] 
2020-10-27T22:21:31.999-0800: 31.893: [GC (Allocation Failure) [PSYoungGen: 163072K->288K(168448K)] 184797K->22045K(518144K), 0.0013357 secs] [Times: user=0.01 sys=0.00, real=0.01 secs] 
2020-10-27T22:21:32.140-0800: 32.035: [GC (Allocation Failure) [PSYoungGen: 163104K->288K(169472K)] 184861K->22085K(519168K), 0.0016962 secs] [Times: user=0.01 sys=0.00, real=0.00 secs] 
2020-10-27T22:21:32.282-0800: 32.177: [GC (Allocation Failure) [PSYoungGen: 164128K->256K(168960K)] 185925K->22061K(518656K), 0.0013180 secs] [Times: user=0.00 sys=0.00, real=0.00 secs] 
2020-10-27T22:21:32.424-0800: 32.318: [GC (Allocation Failure) [PSYoungGen: 164096K->256K(169984K)] 185901K->22069K(519680K), 0.0014098 secs] [Times: user=0.00 sys=0.00, real=0.00 secs] 
2020-10-27T22:21:32.561-0800: 32.456: [GC (Allocation Failure) [PSYoungGen: 165632K->256K(169984K)] 187445K->22093K(519680K), 0.0015177 secs] [Times: user=0.01 sys=0.00, real=0.00 secs] 
2020-10-27T22:21:32.699-0800: 32.593: [GC (Allocation Failure) [PSYoungGen: 165632K->256K(170496K)] 187469K->22101K(520192K), 0.0013147 secs] [Times: user=0.01 sys=0.00, real=0.01 secs] 
2020-10-27T22:21:32.844-0800: 32.739: [GC (Allocation Failure) [PSYoungGen: 166656K->256K(170496K)] 188501K->22149K(520192K), 0.0015596 secs] [Times: user=0.01 sys=0.00, real=0.00 secs] 
2020-10-27T22:21:32.993-0800: 32.888: [GC (Allocation Failure) [PSYoungGen: 166656K->256K(171008K)] 188549K->22157K(520704K), 0.0014457 secs] [Times: user=0.00 sys=0.00, real=0.00 secs] 
2020-10-27T22:21:33.134-0800: 33.029: [GC (Allocation Failure) [PSYoungGen: 167680K->256K(171008K)] 189581K->22173K(520704K), 0.0013441 secs] [Times: user=0.01 sys=0.00, real=0.00 secs] 
2020-10-27T22:21:33.283-0800: 33.178: [GC (Allocation Failure) [PSYoungGen: 167680K->256K(171520K)] 189597K->22237K(521216K), 0.0013177 secs] [Times: user=0.01 sys=0.00, real=0.00 secs] 
2020-10-27T22:21:33.409-0800: 33.303: [GC (Allocation Failure) [PSYoungGen: 168704K->256K(171520K)] 190685K->22253K(521216K), 0.0013044 secs] [Times: user=0.00 sys=0.00, real=0.01 secs] 
2020-10-27T22:21:33.568-0800: 33.462: [GC (Allocation Failure) [PSYoungGen: 168704K->288K(172032K)] 190701K->22285K(521728K), 0.0012763 secs] [Times: user=0.01 sys=0.00, real=0.00 secs] 
2020-10-27T22:21:33.716-0800: 33.610: [GC (Allocation Failure) [PSYoungGen: 169760K->256K(172032K)] 191757K->22253K(521728K), 0.0012664 secs] [Times: user=0.00 sys=0.00, real=0.00 secs] 
2020-10-27T22:21:33.861-0800: 33.756: [GC (Allocation Failure) [PSYoungGen: 169728K->256K(172544K)] 191725K->22261K(522240K), 0.0012765 secs] [Times: user=0.01 sys=0.00, real=0.00 secs] 
2020-10-27T22:21:34.021-0800: 33.916: [GC (Allocation Failure) [PSYoungGen: 170240K->256K(172032K)] 192245K->22301K(521728K), 0.0012743 secs] [Times: user=0.01 sys=0.00, real=0.00 secs] 
2020-10-27T22:21:34.175-0800: 34.070: [GC (Allocation Failure) [PSYoungGen: 170240K->256K(172544K)] 192285K->22333K(522240K), 0.0014610 secs] [Times: user=0.01 sys=0.00, real=0.00 secs] 
2020-10-27T22:21:34.316-0800: 34.211: [GC (Allocation Failure) [PSYoungGen: 170752K->224K(172544K)] 192829K->22301K(522240K), 0.0016078 secs] [Times: user=0.01 sys=0.00, real=0.00 secs] 
2020-10-27T22:21:34.505-0800: 34.400: [GC (Allocation Failure) [PSYoungGen: 170720K->256K(173056K)] 192797K->22333K(522752K), 0.0013387 secs] [Times: user=0.01 sys=0.00, real=0.00 secs] 
2020-10-27T22:21:34.644-0800: 34.538: [GC (Allocation Failure) [PSYoungGen: 171264K->256K(172544K)] 193341K->22333K(522240K), 0.0013364 secs] [Times: user=0.01 sys=0.00, real=0.00 secs] 
2020-10-27T22:21:34.798-0800: 34.693: [GC (Allocation Failure) [PSYoungGen: 171264K->288K(173056K)] 193341K->22381K(522752K), 0.0012665 secs] [Times: user=0.01 sys=0.00, real=0.00 secs] 
2020-10-27T22:21:34.944-0800: 34.839: [GC (Allocation Failure) [PSYoungGen: 171808K->256K(173056K)] 193901K->22397K(522752K), 0.0012943 secs] [Times: user=0.01 sys=0.00, real=0.00 secs] 
2020-10-27T22:21:35.096-0800: 34.991: [GC (Allocation Failure) [PSYoungGen: 171776K->256K(173056K)] 193917K->22397K(522752K), 0.0013092 secs] [Times: user=0.01 sys=0.00, real=0.00 secs] 
2020-10-27T22:21:35.240-0800: 35.134: [GC (Allocation Failure) [PSYoungGen: 171776K->256K(173056K)] 193917K->22437K(522752K), 0.0013491 secs] [Times: user=0.01 sys=0.00, real=0.00 secs] 
2020-10-27T22:21:35.379-0800: 35.274: [GC (Allocation Failure) [PSYoungGen: 171776K->256K(173568K)] 193957K->22445K(523264K), 0.0012821 secs] [Times: user=0.01 sys=0.00, real=0.01 secs] 
2020-10-27T22:21:35.528-0800: 35.422: [GC (Allocation Failure) [PSYoungGen: 172283K->256K(173056K)] 194473K->22445K(522752K), 0.0013106 secs] [Times: user=0.00 sys=0.00, real=0.00 secs] 
2020-10-27T22:21:35.673-0800: 35.568: [GC (Allocation Failure) [PSYoungGen: 172288K->256K(173568K)] 194477K->22445K(523264K), 0.0012948 secs] [Times: user=0.01 sys=0.00, real=0.00 secs] 
2020-10-27T22:21:35.800-0800: 35.695: [GC (Allocation Failure) [PSYoungGen: 172800K->256K(173568K)] 194989K->22445K(523264K), 0.0013148 secs] [Times: user=0.01 sys=0.00, real=0.00 secs] 
2020-10-27T22:21:35.946-0800: 35.841: [GC (Allocation Failure) [PSYoungGen: 172800K->256K(173568K)] 194989K->22445K(523264K), 0.0012295 secs] [Times: user=0.01 sys=0.00, real=0.00 secs] 
2020-10-27T22:21:36.089-0800: 35.983: [GC (Allocation Failure) [PSYoungGen: 172800K->256K(173568K)] 194989K->22445K(523264K), 0.0013077 secs] [Times: user=0.00 sys=0.00, real=0.01 secs] 
2020-10-27T22:21:36.233-0800: 36.127: [GC (Allocation Failure) [PSYoungGen: 172800K->256K(173568K)] 194989K->22445K(523264K), 0.0012505 secs] [Times: user=0.01 sys=0.00, real=0.00 secs] 
2020-10-27T22:21:36.381-0800: 36.275: [GC (Allocation Failure) [PSYoungGen: 172800K->256K(173568K)] 194989K->22453K(523264K), 0.0015240 secs] [Times: user=0.01 sys=0.00, real=0.00 secs] 
2020-10-27T22:21:36.514-0800: 36.409: [GC (Allocation Failure) [PSYoungGen: 172800K->256K(173568K)] 194997K->22453K(523264K), 0.0012987 secs] [Times: user=0.01 sys=0.00, real=0.00 secs] 
2020-10-27T22:21:36.652-0800: 36.547: [GC (Allocation Failure) [PSYoungGen: 172800K->288K(173568K)] 194997K->22517K(523264K), 0.0019222 secs] [Times: user=0.01 sys=0.00, real=0.00 secs] 
2020-10-27T22:21:36.788-0800: 36.682: [GC (Allocation Failure) [PSYoungGen: 172832K->256K(173568K)] 195061K->22541K(523264K), 0.0013106 secs] [Times: user=0.01 sys=0.01, real=0.00 secs] 
2020-10-27T22:21:36.923-0800: 36.818: [GC (Allocation Failure) [PSYoungGen: 172800K->256K(173568K)] 195085K->22541K(523264K), 0.0012741 secs] [Times: user=0.01 sys=0.00, real=0.00 secs] 
2020-10-27T22:21:37.061-0800: 36.955: [GC (Allocation Failure) [PSYoungGen: 172800K->256K(173568K)] 195085K->22541K(523264K), 0.0013319 secs] [Times: user=0.01 sys=0.00, real=0.00 secs] 
2020-10-27T22:21:37.194-0800: 37.089: [GC (Allocation Failure) [PSYoungGen: 172800K->256K(173568K)] 195085K->22557K(523264K), 0.0012815 secs] [Times: user=0.01 sys=0.00, real=0.00 secs] 
2020-10-27T22:21:37.335-0800: 37.229: [GC (Allocation Failure) [PSYoungGen: 172800K->256K(174080K)] 195101K->22565K(523776K), 0.0014972 secs] [Times: user=0.01 sys=0.00, real=0.00 secs] 
2020-10-27T22:21:37.472-0800: 37.366: [GC (Allocation Failure) [PSYoungGen: 173824K->288K(174080K)] 196133K->22597K(523776K), 0.0013301 secs] [Times: user=0.01 sys=0.00, real=0.00 secs] 
2020-10-27T22:21:37.609-0800: 37.504: [GC (Allocation Failure) [PSYoungGen: 173856K->256K(174080K)] 196165K->22565K(523776K), 0.0012571 secs] [Times: user=0.01 sys=0.00, real=0.01 secs] 
2020-10-27T22:21:37.743-0800: 37.638: [GC (Allocation Failure) [PSYoungGen: 173824K->256K(174080K)] 196133K->22565K(523776K), 0.0012920 secs] [Times: user=0.01 sys=0.00, real=0.00 secs] 
2020-10-27T22:21:37.879-0800: 37.773: [GC (Allocation Failure) [PSYoungGen: 173824K->256K(174080K)] 196133K->22565K(523776K), 0.0015124 secs] [Times: user=0.01 sys=0.00, real=0.01 secs] 
2020-10-27T22:21:38.019-0800: 37.914: [GC (Allocation Failure) [PSYoungGen: 173824K->288K(174080K)] 196133K->22597K(523776K), 0.0014671 secs] [Times: user=0.01 sys=0.00, real=0.01 secs] 
2020-10-27T22:21:38.152-0800: 38.047: [GC (Allocation Failure) [PSYoungGen: 173856K->256K(174080K)] 196165K->22565K(523776K), 0.0012901 secs] [Times: user=0.01 sys=0.00, real=0.00 secs] 
2020-10-27T22:21:38.289-0800: 38.184: [GC (Allocation Failure) [PSYoungGen: 173824K->256K(174080K)] 196133K->22573K(523776K), 0.0014501 secs] [Times: user=0.01 sys=0.01, real=0.01 secs] 
2020-10-27T22:21:38.422-0800: 38.317: [GC (Allocation Failure) [PSYoungGen: 173824K->256K(174080K)] 196141K->22573K(523776K), 0.0013360 secs] [Times: user=0.01 sys=0.00, real=0.00 secs] 
2020-10-27T22:21:38.558-0800: 38.452: [GC (Allocation Failure) [PSYoungGen: 173824K->288K(174080K)] 196141K->22605K(523776K), 0.0012917 secs] [Times: user=0.01 sys=0.00, real=0.00 secs] 
2020-10-27T22:21:38.693-0800: 38.587: [GC (Allocation Failure) [PSYoungGen: 173856K->256K(174080K)] 196173K->22605K(523776K), 0.0014399 secs] [Times: user=0.01 sys=0.00, real=0.00 secs] 
2020-10-27T22:21:38.827-0800: 38.722: [GC (Allocation Failure) [PSYoungGen: 173824K->224K(174080K)] 196173K->22573K(523776K), 0.0013661 secs] [Times: user=0.01 sys=0.00, real=0.00 secs] 
2020-10-27T22:21:38.962-0800: 38.856: [GC (Allocation Failure) [PSYoungGen: 173792K->160K(174080K)] 196141K->22509K(523776K), 0.0014633 secs] [Times: user=0.01 sys=0.00, real=0.00 secs] 
2020-10-27T22:21:39.095-0800: 38.989: [GC (Allocation Failure) [PSYoungGen: 173728K->256K(174080K)] 196077K->22605K(523776K), 0.0017243 secs] [Times: user=0.00 sys=0.00, real=0.00 secs] 
2020-10-27T22:21:39.230-0800: 39.124: [GC (Allocation Failure) [PSYoungGen: 173824K->256K(174080K)] 196173K->22605K(523776K), 0.0013537 secs] [Times: user=0.01 sys=0.00, real=0.00 secs] 
2020-10-27T22:21:39.359-0800: 39.254: [GC (Allocation Failure) [PSYoungGen: 173824K->256K(174080K)] 196173K->22605K(523776K), 0.0013036 secs] [Times: user=0.01 sys=0.00, real=0.01 secs] 
2020-10-27T22:21:39.481-0800: 39.376: [GC (Allocation Failure) [PSYoungGen: 173824K->256K(174080K)] 196173K->22605K(523776K), 0.0014251 secs] [Times: user=0.00 sys=0.00, real=0.00 secs] 
2020-10-27T22:21:39.600-0800: 39.495: [GC (Allocation Failure) [PSYoungGen: 173824K->256K(174080K)] 196173K->22605K(523776K), 0.0013177 secs] [Times: user=0.00 sys=0.00, real=0.00 secs] 
2020-10-27T22:21:39.719-0800: 39.613: [GC (Allocation Failure) [PSYoungGen: 173824K->256K(174080K)] 196173K->22613K(523776K), 0.0014057 secs] [Times: user=0.01 sys=0.00, real=0.01 secs] 
2020-10-27T22:21:39.837-0800: 39.731: [GC (Allocation Failure) [PSYoungGen: 173824K->256K(174080K)] 196181K->22621K(523776K), 0.0014530 secs] [Times: user=0.00 sys=0.00, real=0.00 secs] 
2020-10-27T22:21:39.954-0800: 39.849: [GC (Allocation Failure) [PSYoungGen: 173824K->256K(174080K)] 196189K->22621K(523776K), 0.0014338 secs] [Times: user=0.01 sys=0.00, real=0.00 secs] 
2020-10-27T22:21:40.076-0800: 39.971: [GC (Allocation Failure) [PSYoungGen: 173824K->256K(174080K)] 196189K->22621K(523776K), 0.0020905 secs] [Times: user=0.01 sys=0.00, real=0.00 secs] 
2020-10-27T22:21:40.196-0800: 40.091: [GC (Allocation Failure) [PSYoungGen: 173824K->256K(174080K)] 196189K->22621K(523776K), 0.0017299 secs] [Times: user=0.00 sys=0.00, real=0.00 secs] 
2020-10-27T22:21:40.317-0800: 40.211: [GC (Allocation Failure) [PSYoungGen: 173824K->256K(174080K)] 196189K->22621K(523776K), 0.0015653 secs] [Times: user=0.01 sys=0.00, real=0.00 secs] 
2020-10-27T22:21:40.436-0800: 40.331: [GC (Allocation Failure) [PSYoungGen: 173824K->256K(174080K)] 196189K->22621K(523776K), 0.0013268 secs] [Times: user=0.01 sys=0.00, real=0.00 secs] 
2020-10-27T22:21:40.556-0800: 40.450: [GC (Allocation Failure) [PSYoungGen: 173824K->288K(174080K)] 196189K->22653K(523776K), 0.0014175 secs] [Times: user=0.01 sys=0.00, real=0.00 secs] 
2020-10-27T22:21:40.675-0800: 40.570: [GC (Allocation Failure) [PSYoungGen: 173856K->256K(174080K)] 196221K->22621K(523776K), 0.0013083 secs] [Times: user=0.00 sys=0.00, real=0.00 secs] 
2020-10-27T22:21:40.795-0800: 40.689: [GC (Allocation Failure) [PSYoungGen: 173824K->256K(174080K)] 196189K->22621K(523776K), 0.0013202 secs] [Times: user=0.00 sys=0.00, real=0.00 secs] 
2020-10-27T22:21:40.913-0800: 40.807: [GC (Allocation Failure) [PSYoungGen: 173824K->288K(174080K)] 196189K->22709K(523776K), 0.0014802 secs] [Times: user=0.01 sys=0.00, real=0.00 secs] 
2020-10-27T22:21:41.035-0800: 40.930: [GC (Allocation Failure) [PSYoungGen: 173856K->288K(174080K)] 196277K->22709K(523776K), 0.0016535 secs] [Times: user=0.00 sys=0.00, real=0.00 secs] 
2020-10-27T22:21:41.154-0800: 41.049: [GC (Allocation Failure) [PSYoungGen: 173856K->288K(174080K)] 196277K->22709K(523776K), 0.0022691 secs] [Times: user=0.00 sys=0.00, real=0.00 secs] 
2020-10-27T22:21:41.278-0800: 41.173: [GC (Allocation Failure) [PSYoungGen: 173856K->256K(174080K)] 196277K->22701K(523776K), 0.0015411 secs] [Times: user=0.01 sys=0.00, real=0.01 secs] 
2020-10-27T22:21:41.397-0800: 41.291: [GC (Allocation Failure) [PSYoungGen: 173824K->256K(174080K)] 196269K->22701K(523776K), 0.0013985 secs] [Times: user=0.01 sys=0.00, real=0.00 secs] 
2020-10-27T22:21:41.513-0800: 41.407: [GC (Allocation Failure) [PSYoungGen: 173824K->256K(174080K)] 196269K->22725K(523776K), 0.0012938 secs] [Times: user=0.01 sys=0.00, real=0.00 secs] 
2020-10-27T22:21:41.631-0800: 41.526: [GC (Allocation Failure) [PSYoungGen: 173824K->256K(174080K)] 196293K->22725K(523776K), 0.0012969 secs] [Times: user=0.00 sys=0.00, real=0.00 secs] 
2020-10-27T22:21:41.748-0800: 41.643: [GC (Allocation Failure) [PSYoungGen: 173824K->256K(174080K)] 196293K->22725K(523776K), 0.0015305 secs] [Times: user=0.01 sys=0.00, real=0.01 secs] 
2020-10-27T22:21:41.873-0800: 41.767: [GC (Allocation Failure) [PSYoungGen: 173824K->256K(174080K)] 196293K->22725K(523776K), 0.0014716 secs] [Times: user=0.00 sys=0.00, real=0.00 secs] 
2020-10-27T22:21:41.993-0800: 41.888: [GC (Allocation Failure) [PSYoungGen: 173824K->256K(174080K)] 196293K->22725K(523776K), 0.0012985 secs] [Times: user=0.01 sys=0.00, real=0.00 secs] 
2020-10-27T22:21:42.113-0800: 42.007: [GC (Allocation Failure) [PSYoungGen: 173824K->256K(174080K)] 196293K->22725K(523776K), 0.0016565 secs] [Times: user=0.01 sys=0.01, real=0.00 secs] 
2020-10-27T22:21:42.230-0800: 42.124: [GC (Allocation Failure) [PSYoungGen: 173824K->256K(174080K)] 196293K->22725K(523776K), 0.0013242 secs] [Times: user=0.01 sys=0.00, real=0.00 secs] 
2020-10-27T22:21:42.347-0800: 42.242: [GC (Allocation Failure) [PSYoungGen: 173824K->256K(174080K)] 196293K->22733K(523776K), 0.0014331 secs] [Times: user=0.00 sys=0.00, real=0.00 secs] 
2020-10-27T22:21:42.465-0800: 42.359: [GC (Allocation Failure) [PSYoungGen: 173824K->256K(174080K)] 196301K->22733K(523776K), 0.0012763 secs] [Times: user=0.01 sys=0.00, real=0.00 secs] 
2020-10-27T22:21:42.587-0800: 42.482: [GC (Allocation Failure) [PSYoungGen: 173824K->256K(174080K)] 196301K->22733K(523776K), 0.0016218 secs] [Times: user=0.00 sys=0.00, real=0.00 secs] 
2020-10-27T22:21:42.708-0800: 42.602: [GC (Allocation Failure) [PSYoungGen: 173824K->256K(174080K)] 196301K->22733K(523776K), 0.0013450 secs] [Times: user=0.01 sys=0.00, real=0.00 secs] 
2020-10-27T22:21:42.827-0800: 42.722: [GC (Allocation Failure) [PSYoungGen: 173824K->256K(174080K)] 196301K->22733K(523776K), 0.0015430 secs] [Times: user=0.00 sys=0.00, real=0.00 secs] 
2020-10-27T22:21:42.949-0800: 42.844: [GC (Allocation Failure) [PSYoungGen: 173824K->256K(174080K)] 196301K->22749K(523776K), 0.0020196 secs] [Times: user=0.01 sys=0.00, real=0.01 secs] 
2020-10-27T22:21:43.076-0800: 42.970: [GC (Allocation Failure) [PSYoungGen: 173824K->224K(174080K)] 196317K->22717K(523776K), 0.0013596 secs] [Times: user=0.01 sys=0.00, real=0.00 secs] 
2020-10-27T22:21:43.203-0800: 43.097: [GC (Allocation Failure) [PSYoungGen: 173792K->256K(174080K)] 196285K->22749K(523776K), 0.0015634 secs] [Times: user=0.00 sys=0.00, real=0.00 secs] 
2020-10-27T22:21:43.328-0800: 43.223: [GC (Allocation Failure) [PSYoungGen: 173824K->256K(174080K)] 196317K->22749K(523776K), 0.0014564 secs] [Times: user=0.00 sys=0.00, real=0.01 secs] 
2020-10-27T22:21:43.458-0800: 43.352: [GC (Allocation Failure) [PSYoungGen: 173824K->224K(174080K)] 196317K->22717K(523776K), 0.0022894 secs] [Times: user=0.01 sys=0.00, real=0.01 secs] 
2020-10-27T22:21:43.589-0800: 43.483: [GC (Allocation Failure) [PSYoungGen: 173792K->256K(174080K)] 196285K->22749K(523776K), 0.0015676 secs] [Times: user=0.01 sys=0.00, real=0.01 secs] 
2020-10-27T22:21:43.719-0800: 43.613: [GC (Allocation Failure) [PSYoungGen: 173824K->256K(174080K)] 196317K->22749K(523776K), 0.0018526 secs] [Times: user=0.01 sys=0.00, real=0.01 secs] 
2020-10-27T22:21:43.851-0800: 43.745: [GC (Allocation Failure) [PSYoungGen: 173824K->256K(174080K)] 196317K->22749K(523776K), 0.0013541 secs] [Times: user=0.00 sys=0.00, real=0.00 secs] 
2020-10-27T22:21:43.979-0800: 43.873: [GC (Allocation Failure) [PSYoungGen: 173824K->256K(174080K)] 196317K->22749K(523776K), 0.0014567 secs] [Times: user=0.01 sys=0.00, real=0.01 secs] 
2020-10-27T22:21:44.104-0800: 43.999: [GC (Allocation Failure) [PSYoungGen: 173824K->256K(174080K)] 196317K->22749K(523776K), 0.0014344 secs] [Times: user=0.01 sys=0.00, real=0.00 secs] 
2020-10-27T22:21:44.233-0800: 44.127: [GC (Allocation Failure) [PSYoungGen: 173824K->256K(174080K)] 196317K->22749K(523776K), 0.0014534 secs] [Times: user=0.01 sys=0.00, real=0.00 secs] 
2020-10-27T22:21:44.360-0800: 44.255: [GC (Allocation Failure) [PSYoungGen: 173824K->288K(174080K)] 196317K->22781K(523776K), 0.0014442 secs] [Times: user=0.01 sys=0.00, real=0.00 secs] 
2020-10-27T22:21:44.484-0800: 44.378: [GC (Allocation Failure) [PSYoungGen: 173856K->256K(174080K)] 196349K->22749K(523776K), 0.0014219 secs] [Times: user=0.00 sys=0.00, real=0.00 secs] 
2020-10-27T22:21:44.609-0800: 44.504: [GC (Allocation Failure) [PSYoungGen: 173824K->256K(174080K)] 196317K->22749K(523776K), 0.0017297 secs] [Times: user=0.00 sys=0.00, real=0.01 secs] 
2020-10-27T22:21:44.736-0800: 44.630: [GC (Allocation Failure) [PSYoungGen: 173824K->256K(174080K)] 196317K->22749K(523776K), 0.0015265 secs] [Times: user=0.01 sys=0.00, real=0.00 secs] 
2020-10-27T22:21:44.860-0800: 44.755: [GC (Allocation Failure) [PSYoungGen: 173824K->256K(174080K)] 196317K->22773K(523776K), 0.0015479 secs] [Times: user=0.01 sys=0.00, real=0.00 secs] 
2020-10-27T22:21:44.984-0800: 44.878: [GC (Allocation Failure) [PSYoungGen: 173816K->256K(174080K)] 196334K->22773K(523776K), 0.0015289 secs] [Times: user=0.01 sys=0.00, real=0.00 secs] 
2020-10-27T22:21:45.109-0800: 45.003: [GC (Allocation Failure) [PSYoungGen: 173824K->256K(174080K)] 196341K->22773K(523776K), 0.0013787 secs] [Times: user=0.01 sys=0.00, real=0.01 secs] 
2020-10-27T22:21:45.236-0800: 45.131: [GC (Allocation Failure) [PSYoungGen: 173820K->256K(174080K)] 196338K->22773K(523776K), 0.0014996 secs] [Times: user=0.01 sys=0.00, real=0.00 secs] 
2020-10-27T22:21:45.361-0800: 45.255: [GC (Allocation Failure) [PSYoungGen: 173824K->256K(174080K)] 196341K->22773K(523776K), 0.0013997 secs] [Times: user=0.01 sys=0.00, real=0.00 secs] 
2020-10-27T22:21:45.487-0800: 45.382: [GC (Allocation Failure) [PSYoungGen: 173824K->256K(174080K)] 196341K->22773K(523776K), 0.0013498 secs] [Times: user=0.01 sys=0.00, real=0.00 secs] 
2020-10-27T22:21:45.618-0800: 45.512: [GC (Allocation Failure) [PSYoungGen: 173824K->224K(174080K)] 196341K->22741K(523776K), 0.0017917 secs] [Times: user=0.01 sys=0.00, real=0.01 secs] 
2020-10-27T22:21:45.748-0800: 45.642: [GC (Allocation Failure) [PSYoungGen: 173792K->256K(174080K)] 196309K->22773K(523776K), 0.0015183 secs] [Times: user=0.00 sys=0.00, real=0.00 secs] 
2020-10-27T22:21:45.876-0800: 45.771: [GC (Allocation Failure) [PSYoungGen: 173824K->256K(174080K)] 196341K->22773K(523776K), 0.0014806 secs] [Times: user=0.01 sys=0.00, real=0.00 secs] 
2020-10-27T22:21:46.002-0800: 45.896: [GC (Allocation Failure) [PSYoungGen: 173824K->256K(174080K)] 196341K->22789K(523776K), 0.0015764 secs] [Times: user=0.00 sys=0.00, real=0.00 secs] 
2020-10-27T22:21:46.127-0800: 46.022: [GC (Allocation Failure) [PSYoungGen: 173824K->256K(174080K)] 196357K->22829K(523776K), 0.0016191 secs] [Times: user=0.01 sys=0.00, real=0.00 secs] 
2020-10-27T22:21:46.255-0800: 46.149: [GC (Allocation Failure) [PSYoungGen: 173824K->256K(174080K)] 196397K->22829K(523776K), 0.0013746 secs] [Times: user=0.01 sys=0.01, real=0.00 secs] 
2020-10-27T22:21:46.381-0800: 46.275: [GC (Allocation Failure) [PSYoungGen: 173824K->256K(174080K)] 196397K->22829K(523776K), 0.0016536 secs] [Times: user=0.00 sys=0.00, real=0.00 secs] 
2020-10-27T22:21:46.506-0800: 46.401: [GC (Allocation Failure) [PSYoungGen: 173824K->256K(174080K)] 196397K->22829K(523776K), 0.0014451 secs] [Times: user=0.00 sys=0.00, real=0.00 secs] 
2020-10-27T22:21:46.631-0800: 46.526: [GC (Allocation Failure) [PSYoungGen: 173824K->256K(174080K)] 196397K->22829K(523776K), 0.0020146 secs] [Times: user=0.01 sys=0.00, real=0.00 secs] 
2020-10-27T22:21:46.756-0800: 46.651: [GC (Allocation Failure) [PSYoungGen: 173816K->288K(174080K)] 196389K->22861K(523776K), 0.0016313 secs] [Times: user=0.01 sys=0.00, real=0.00 secs] 
2020-10-27T22:21:46.885-0800: 46.780: [GC (Allocation Failure) [PSYoungGen: 173856K->256K(174080K)] 196429K->22829K(523776K), 0.0015184 secs] [Times: user=0.00 sys=0.00, real=0.00 secs] 
2020-10-27T22:21:47.011-0800: 46.905: [GC (Allocation Failure) [PSYoungGen: 173824K->256K(174080K)] 196397K->22853K(523776K), 0.0014220 secs] [Times: user=0.00 sys=0.00, real=0.00 secs] 
2020-10-27T22:21:47.138-0800: 47.033: [GC (Allocation Failure) [PSYoungGen: 173824K->224K(174080K)] 196421K->22821K(523776K), 0.0016127 secs] [Times: user=0.01 sys=0.00, real=0.01 secs] 
2020-10-27T22:21:47.268-0800: 47.162: [GC (Allocation Failure) [PSYoungGen: 173792K->256K(174080K)] 196389K->22853K(523776K), 0.0015343 secs] [Times: user=0.00 sys=0.00, real=0.00 secs] 
2020-10-27T22:21:47.792-0800: 47.687: [GC (Allocation Failure) [PSYoungGen: 173824K->256K(174080K)] 196421K->22901K(523776K), 0.0014118 secs] [Times: user=0.00 sys=0.00, real=0.00 secs] 
2020-10-27T22:21:47.914-0800: 47.809: [GC (Allocation Failure) [PSYoungGen: 173824K->288K(174080K)] 196469K->22933K(523776K), 0.0012950 secs] [Times: user=0.00 sys=0.00, real=0.00 secs] 
2020-10-27T22:21:48.035-0800: 47.930: [GC (Allocation Failure) [PSYoungGen: 173856K->256K(174080K)] 196501K->22901K(523776K), 0.0013373 secs] [Times: user=0.00 sys=0.00, real=0.00 secs] 
2020-10-27T22:21:48.160-0800: 48.054: [GC (Allocation Failure) [PSYoungGen: 173824K->256K(174080K)] 196469K->22901K(523776K), 0.0013461 secs] [Times: user=0.01 sys=0.00, real=0.00 secs] 
2020-10-27T22:21:48.281-0800: 48.175: [GC (Allocation Failure) [PSYoungGen: 173824K->288K(174080K)] 196469K->22933K(523776K), 0.0013448 secs] [Times: user=0.01 sys=0.00, real=0.00 secs] 
2020-10-27T22:21:48.398-0800: 48.293: [GC (Allocation Failure) [PSYoungGen: 173856K->256K(174080K)] 196501K->22901K(523776K), 0.0014920 secs] [Times: user=0.01 sys=0.00, real=0.01 secs] 
2020-10-27T22:21:48.520-0800: 48.415: [GC (Allocation Failure) [PSYoungGen: 173824K->256K(174080K)] 196469K->22901K(523776K), 0.0014708 secs] [Times: user=0.01 sys=0.00, real=0.00 secs] 
2020-10-27T22:21:48.641-0800: 48.535: [GC (Allocation Failure) [PSYoungGen: 173824K->256K(174080K)] 196469K->22901K(523776K), 0.0012807 secs] [Times: user=0.01 sys=0.00, real=0.00 secs] 
2020-10-27T22:21:48.766-0800: 48.660: [GC (Allocation Failure) [PSYoungGen: 173824K->256K(174080K)] 196469K->22901K(523776K), 0.0013958 secs] [Times: user=0.00 sys=0.00, real=0.00 secs] 
2020-10-27T22:21:48.892-0800: 48.786: [GC (Allocation Failure) [PSYoungGen: 173824K->256K(174080K)] 196469K->22901K(523776K), 0.0015803 secs] [Times: user=0.00 sys=0.00, real=0.00 secs] 
2020-10-27T22:21:49.013-0800: 48.908: [GC (Allocation Failure) [PSYoungGen: 173824K->256K(174080K)] 196469K->22901K(523776K), 0.0014289 secs] [Times: user=0.00 sys=0.00, real=0.00 secs] 
2020-10-27T22:21:49.137-0800: 49.032: [GC (Allocation Failure) [PSYoungGen: 173824K->256K(174080K)] 196469K->22901K(523776K), 0.0015424 secs] [Times: user=0.00 sys=0.00, real=0.00 secs] 
2020-10-27T22:21:49.262-0800: 49.156: [GC (Allocation Failure) [PSYoungGen: 173824K->256K(174080K)] 196469K->22901K(523776K), 0.0013183 secs] [Times: user=0.01 sys=0.00, real=0.00 secs] 
2020-10-27T22:21:49.383-0800: 49.277: [GC (Allocation Failure) [PSYoungGen: 173824K->256K(174080K)] 196469K->22901K(523776K), 0.0015561 secs] [Times: user=0.00 sys=0.00, real=0.00 secs] 
2020-10-27T22:21:49.504-0800: 49.398: [GC (Allocation Failure) [PSYoungGen: 173824K->256K(174080K)] 196469K->22901K(523776K), 0.0013723 secs] [Times: user=0.00 sys=0.00, real=0.00 secs] 
2020-10-27T22:21:49.627-0800: 49.521: [GC (Allocation Failure) [PSYoungGen: 173824K->256K(174080K)] 196469K->22901K(523776K), 0.0013473 secs] [Times: user=0.01 sys=0.00, real=0.00 secs] 
2020-10-27T22:21:49.749-0800: 49.644: [GC (Allocation Failure) [PSYoungGen: 173823K->256K(174080K)] 196469K->22909K(523776K), 0.0013546 secs] [Times: user=0.01 sys=0.00, real=0.01 secs] 
2020-10-27T22:21:49.871-0800: 49.765: [GC (Allocation Failure) [PSYoungGen: 173824K->256K(174080K)] 196477K->22909K(523776K), 0.0013317 secs] [Times: user=0.01 sys=0.00, real=0.00 secs] 
2020-10-27T22:21:49.994-0800: 49.888: [GC (Allocation Failure) [PSYoungGen: 173824K->256K(174080K)] 196477K->22909K(523776K), 0.0014150 secs] [Times: user=0.01 sys=0.00, real=0.00 secs] 
2020-10-27T22:21:50.122-0800: 50.017: [GC (Allocation Failure) [PSYoungGen: 173824K->256K(174080K)] 196477K->22909K(523776K), 0.0015187 secs] [Times: user=0.00 sys=0.00, real=0.00 secs] 
2020-10-27T22:21:50.247-0800: 50.141: [GC (Allocation Failure) [PSYoungGen: 173824K->224K(174080K)] 196477K->22877K(523776K), 0.0014408 secs] [Times: user=0.00 sys=0.00, real=0.00 secs] 
2020-10-27T22:21:50.369-0800: 50.263: [GC (Allocation Failure) [PSYoungGen: 173792K->256K(174080K)] 196445K->22925K(523776K), 0.0016071 secs] [Times: user=0.00 sys=0.00, real=0.01 secs] 
2020-10-27T22:21:50.495-0800: 50.389: [GC (Allocation Failure) [PSYoungGen: 173824K->256K(174080K)] 196493K->22925K(523776K), 0.0015517 secs] [Times: user=0.01 sys=0.01, real=0.00 secs] 
2020-10-27T22:21:50.623-0800: 50.517: [GC (Allocation Failure) [PSYoungGen: 173824K->256K(174080K)] 196493K->22925K(523776K), 0.0018847 secs] [Times: user=0.01 sys=0.00, real=0.00 secs] 
2020-10-27T22:21:50.751-0800: 50.646: [GC (Allocation Failure) [PSYoungGen: 173824K->256K(174080K)] 196493K->22925K(523776K), 0.0016122 secs] [Times: user=0.01 sys=0.00, real=0.00 secs] 
2020-10-27T22:21:50.878-0800: 50.772: [GC (Allocation Failure) [PSYoungGen: 173824K->256K(174080K)] 196493K->22925K(523776K), 0.0014120 secs] [Times: user=0.01 sys=0.00, real=0.00 secs] 
2020-10-27T22:21:51.005-0800: 50.900: [GC (Allocation Failure) [PSYoungGen: 173824K->256K(174080K)] 196493K->22973K(523776K), 0.0019317 secs] [Times: user=0.00 sys=0.00, real=0.00 secs] 
2020-10-27T22:21:51.132-0800: 51.026: [GC (Allocation Failure) [PSYoungGen: 173824K->256K(174080K)] 196541K->22973K(523776K), 0.0016164 secs] [Times: user=0.01 sys=0.00, real=0.00 secs] 
2020-10-27T22:21:51.271-0800: 51.165: [GC (Allocation Failure) [PSYoungGen: 173824K->256K(174080K)] 196541K->22973K(523776K), 0.0014045 secs] [Times: user=0.00 sys=0.00, real=0.00 secs] 
2020-10-27T22:21:51.394-0800: 51.288: [GC (Allocation Failure) [PSYoungGen: 173824K->224K(174080K)] 196541K->22941K(523776K), 0.0014925 secs] [Times: user=0.01 sys=0.00, real=0.00 secs] 
2020-10-27T22:21:51.519-0800: 51.413: [GC (Allocation Failure) [PSYoungGen: 173792K->256K(174080K)] 196509K->22973K(523776K), 0.0013530 secs] [Times: user=0.01 sys=0.00, real=0.01 secs] 
2020-10-27T22:21:51.646-0800: 51.540: [GC (Allocation Failure) [PSYoungGen: 173824K->256K(174080K)] 196541K->22973K(523776K), 0.0014423 secs] [Times: user=0.00 sys=0.00, real=0.00 secs] 
2020-10-27T22:21:51.770-0800: 51.664: [GC (Allocation Failure) [PSYoungGen: 173824K->256K(174080K)] 196541K->22973K(523776K), 0.0015843 secs] [Times: user=0.00 sys=0.00, real=0.00 secs] 
2020-10-27T22:21:51.897-0800: 51.791: [GC (Allocation Failure) [PSYoungGen: 173824K->256K(174080K)] 196541K->22973K(523776K), 0.0014133 secs] [Times: user=0.01 sys=0.00, real=0.00 secs] 
2020-10-27T22:21:52.021-0800: 51.915: [GC (Allocation Failure) [PSYoungGen: 173824K->256K(174080K)] 196541K->22973K(523776K), 0.0013880 secs] [Times: user=0.01 sys=0.00, real=0.00 secs] 
2020-10-27T22:21:52.146-0800: 52.041: [GC (Allocation Failure) [PSYoungGen: 173824K->160K(174080K)] 196541K->22877K(523776K), 0.0016176 secs] [Times: user=0.00 sys=0.00, real=0.00 secs] 
2020-10-27T22:21:52.271-0800: 52.166: [GC (Allocation Failure) [PSYoungGen: 173728K->256K(174080K)] 196445K->22973K(523776K), 0.0014600 secs] [Times: user=0.01 sys=0.00, real=0.00 secs] 
2020-10-27T22:21:52.393-0800: 52.288: [GC (Allocation Failure) [PSYoungGen: 173824K->256K(174080K)] 196541K->22973K(523776K), 0.0015700 secs] [Times: user=0.01 sys=0.00, real=0.00 secs] 
2020-10-27T22:21:52.519-0800: 52.414: [GC (Allocation Failure) [PSYoungGen: 173824K->256K(174080K)] 196541K->22973K(523776K), 0.0014519 secs] [Times: user=0.01 sys=0.01, real=0.01 secs] 
2020-10-27T22:21:52.645-0800: 52.539: [GC (Allocation Failure) [PSYoungGen: 173824K->256K(174080K)] 196541K->22973K(523776K), 0.0013766 secs] [Times: user=0.01 sys=0.00, real=0.00 secs] 
2020-10-27T22:21:52.769-0800: 52.664: [GC (Allocation Failure) [PSYoungGen: 173824K->288K(174080K)] 196541K->23005K(523776K), 0.0015165 secs] [Times: user=0.01 sys=0.00, real=0.01 secs] 
2020-10-27T22:21:52.894-0800: 52.789: [GC (Allocation Failure) [PSYoungGen: 173856K->256K(174080K)] 196573K->23013K(523776K), 0.0014075 secs] [Times: user=0.01 sys=0.00, real=0.00 secs] 
2020-10-27T22:21:53.072-0800: 52.966: [GC (Allocation Failure) [PSYoungGen: 173824K->256K(174080K)] 196581K->23053K(523776K), 0.0014683 secs] [Times: user=0.01 sys=0.00, real=0.00 secs] 
2020-10-27T22:21:53.206-0800: 53.101: [GC (Allocation Failure) [PSYoungGen: 173824K->224K(174080K)] 196621K->23053K(523776K), 0.0015993 secs] [Times: user=0.00 sys=0.00, real=0.00 secs] 
2020-10-27T22:21:53.337-0800: 53.231: [GC (Allocation Failure) [PSYoungGen: 173792K->256K(174080K)] 196621K->23085K(523776K), 0.0014324 secs] [Times: user=0.01 sys=0.00, real=0.00 secs] 
2020-10-27T22:21:53.465-0800: 53.359: [GC (Allocation Failure) [PSYoungGen: 173824K->256K(174080K)] 196653K->23085K(523776K), 0.0016419 secs] [Times: user=0.01 sys=0.00, real=0.00 secs] 
2020-10-27T22:21:53.593-0800: 53.488: [GC (Allocation Failure) [PSYoungGen: 173824K->256K(174080K)] 196653K->23085K(523776K), 0.0016737 secs] [Times: user=0.01 sys=0.00, real=0.00 secs] 
2020-10-27T22:21:53.721-0800: 53.616: [GC (Allocation Failure) [PSYoungGen: 173824K->256K(174080K)] 196653K->23085K(523776K), 0.0014592 secs] [Times: user=0.01 sys=0.00, real=0.00 secs] 
2020-10-27T22:21:53.850-0800: 53.744: [GC (Allocation Failure) [PSYoungGen: 173824K->256K(174080K)] 196653K->23101K(523776K), 0.0013890 secs] [Times: user=0.01 sys=0.00, real=0.00 secs] 
2020-10-27T22:21:53.984-0800: 53.878: [GC (Allocation Failure) [PSYoungGen: 173824K->256K(174080K)] 196669K->23101K(523776K), 0.0013622 secs] [Times: user=0.01 sys=0.00, real=0.00 secs] 
2020-10-27T22:21:54.114-0800: 54.008: [GC (Allocation Failure) [PSYoungGen: 173824K->256K(174080K)] 196669K->23101K(523776K), 0.0022467 secs] [Times: user=0.01 sys=0.00, real=0.00 secs] 
2020-10-27T22:21:54.241-0800: 54.135: [GC (Allocation Failure) [PSYoungGen: 173824K->288K(174080K)] 196669K->23133K(523776K), 0.0013751 secs] [Times: user=0.00 sys=0.00, real=0.00 secs] 
2020-10-27T22:21:54.368-0800: 54.263: [GC (Allocation Failure) [PSYoungGen: 173856K->256K(174080K)] 196701K->23101K(523776K), 0.0014289 secs] [Times: user=0.01 sys=0.00, real=0.01 secs] 
2020-10-27T22:21:54.497-0800: 54.392: [GC (Allocation Failure) [PSYoungGen: 173824K->256K(174080K)] 196669K->23101K(523776K), 0.0015313 secs] [Times: user=0.01 sys=0.00, real=0.00 secs] 
2020-10-27T22:21:54.628-0800: 54.522: [GC (Allocation Failure) [PSYoungGen: 173824K->256K(174080K)] 196669K->23101K(523776K), 0.0017243 secs] [Times: user=0.01 sys=0.00, real=0.00 secs] 
2020-10-27T22:21:54.756-0800: 54.651: [GC (Allocation Failure) [PSYoungGen: 173824K->256K(174080K)] 196669K->23101K(523776K), 0.0014424 secs] [Times: user=0.01 sys=0.00, real=0.00 secs] 
2020-10-27T22:21:54.884-0800: 54.778: [GC (Allocation Failure) [PSYoungGen: 173824K->256K(174080K)] 196669K->23101K(523776K), 0.0014573 secs] [Times: user=0.00 sys=0.00, real=0.00 secs] 
2020-10-27T22:21:55.014-0800: 54.909: [GC (Allocation Failure) [PSYoungGen: 173824K->256K(174080K)] 196669K->23101K(523776K), 0.0014560 secs] [Times: user=0.00 sys=0.00, real=0.00 secs] 
2020-10-27T22:21:55.141-0800: 55.035: [GC (Allocation Failure) [PSYoungGen: 173824K->256K(174080K)] 196669K->23109K(523776K), 0.0013994 secs] [Times: user=0.01 sys=0.00, real=0.00 secs] 
2020-10-27T22:21:55.271-0800: 55.165: [GC (Allocation Failure) [PSYoungGen: 173824K->224K(174080K)] 196677K->23117K(523776K), 0.0017455 secs] [Times: user=0.01 sys=0.00, real=0.00 secs] 
2020-10-27T22:21:55.423-0800: 55.318: [GC (Allocation Failure) [PSYoungGen: 173792K->256K(174080K)] 196685K->23149K(523776K), 0.0014257 secs] [Times: user=0.01 sys=0.00, real=0.00 secs] 
2020-10-27T22:21:55.549-0800: 55.443: [GC (Allocation Failure) [PSYoungGen: 173824K->256K(174080K)] 196717K->23149K(523776K), 0.0018226 secs] [Times: user=0.00 sys=0.00, real=0.01 secs] 
2020-10-27T22:21:55.676-0800: 55.571: [GC (Allocation Failure) [PSYoungGen: 173824K->256K(174080K)] 196717K->23149K(523776K), 0.0015838 secs] [Times: user=0.01 sys=0.00, real=0.00 secs] 
2020-10-27T22:21:55.803-0800: 55.697: [GC (Allocation Failure) [PSYoungGen: 173824K->288K(174080K)] 196717K->23181K(523776K), 0.0014492 secs] [Times: user=0.01 sys=0.00, real=0.00 secs] 
2020-10-27T22:21:55.931-0800: 55.825: [GC (Allocation Failure) [PSYoungGen: 173856K->256K(174080K)] 196749K->23149K(523776K), 0.0015377 secs] [Times: user=0.01 sys=0.00, real=0.00 secs] 
2020-10-27T22:21:56.063-0800: 55.958: [GC (Allocation Failure) [PSYoungGen: 173824K->256K(174080K)] 196717K->23149K(523776K), 0.0014586 secs] [Times: user=0.00 sys=0.00, real=0.00 secs] 
2020-10-27T22:21:56.192-0800: 56.087: [GC (Allocation Failure) [PSYoungGen: 173824K->256K(174080K)] 196717K->23149K(523776K), 0.0015123 secs] [Times: user=0.01 sys=0.00, real=0.00 secs] 
2020-10-27T22:21:56.320-0800: 56.215: [GC (Allocation Failure) [PSYoungGen: 173824K->256K(174080K)] 196717K->23149K(523776K), 0.0015240 secs] [Times: user=0.01 sys=0.00, real=0.00 secs] 
2020-10-27T22:21:56.446-0800: 56.341: [GC (Allocation Failure) [PSYoungGen: 173824K->288K(174080K)] 196717K->23181K(523776K), 0.0014488 secs] [Times: user=0.01 sys=0.00, real=0.00 secs] 
2020-10-27T22:21:56.573-0800: 56.467: [GC (Allocation Failure) [PSYoungGen: 173856K->288K(174080K)] 196749K->23181K(523776K), 0.0016453 secs] [Times: user=0.01 sys=0.00, real=0.00 secs] 
2020-10-27T22:21:56.701-0800: 56.596: [GC (Allocation Failure) [PSYoungGen: 173856K->256K(174080K)] 196749K->23173K(523776K), 0.0014346 secs] [Times: user=0.00 sys=0.00, real=0.00 secs] 
2020-10-27T22:21:56.830-0800: 56.724: [GC (Allocation Failure) [PSYoungGen: 173824K->256K(174080K)] 196741K->23173K(523776K), 0.0013909 secs] [Times: user=0.01 sys=0.01, real=0.00 secs] 
2020-10-27T22:21:56.958-0800: 56.852: [GC (Allocation Failure) [PSYoungGen: 173824K->256K(174080K)] 196741K->23173K(523776K), 0.0014814 secs] [Times: user=0.01 sys=0.00, real=0.00 secs] 
2020-10-27T22:21:57.087-0800: 56.981: [GC (Allocation Failure) [PSYoungGen: 173824K->256K(174080K)] 196741K->23173K(523776K), 0.0015849 secs] [Times: user=0.01 sys=0.00, real=0.00 secs] 
2020-10-27T22:21:57.216-0800: 57.110: [GC (Allocation Failure) [PSYoungGen: 173824K->256K(174080K)] 196741K->23181K(523776K), 0.0016025 secs] [Times: user=0.00 sys=0.00, real=0.00 secs] 
2020-10-27T22:21:57.347-0800: 57.241: [GC (Allocation Failure) [PSYoungGen: 173824K->256K(174080K)] 196749K->23181K(523776K), 0.0015601 secs] [Times: user=0.01 sys=0.00, real=0.00 secs] 
2020-10-27T22:21:57.480-0800: 57.374: [GC (Allocation Failure) [PSYoungGen: 173824K->224K(174080K)] 196749K->23149K(523776K), 0.0016455 secs] [Times: user=0.01 sys=0.00, real=0.00 secs] 
2020-10-27T22:21:57.749-0800: 57.643: [GC (Allocation Failure) [PSYoungGen: 173792K->256K(174080K)] 196717K->23181K(523776K), 0.0015146 secs] [Times: user=0.01 sys=0.00, real=0.01 secs] 
2020-10-27T22:21:57.880-0800: 57.774: [GC (Allocation Failure) [PSYoungGen: 173824K->256K(174080K)] 196749K->23181K(523776K), 0.0015823 secs] [Times: user=0.01 sys=0.00, real=0.00 secs] 
2020-10-27T22:21:58.015-0800: 57.909: [GC (Allocation Failure) [PSYoungGen: 173824K->224K(174080K)] 196749K->23189K(523776K), 0.0015790 secs] [Times: user=0.01 sys=0.00, real=0.00 secs] 
2020-10-27T22:21:58.148-0800: 58.042: [GC (Allocation Failure) [PSYoungGen: 173792K->256K(174080K)] 196757K->23221K(523776K), 0.0017782 secs] [Times: user=0.01 sys=0.00, real=0.01 secs] 
2020-10-27T22:21:58.275-0800: 58.169: [GC (Allocation Failure) [PSYoungGen: 173824K->256K(174080K)] 196789K->23245K(523776K), 0.0015226 secs] [Times: user=0.00 sys=0.00, real=0.00 secs] 
2020-10-27T22:21:58.401-0800: 58.295: [GC (Allocation Failure) [PSYoungGen: 173824K->256K(174080K)] 196813K->23293K(523776K), 0.0015526 secs] [Times: user=0.01 sys=0.00, real=0.00 secs] 
2020-10-27T22:21:58.529-0800: 58.424: [GC (Allocation Failure) [PSYoungGen: 173824K->256K(174080K)] 196861K->23293K(523776K), 0.0014861 secs] [Times: user=0.01 sys=0.00, real=0.01 secs] 
2020-10-27T22:21:58.661-0800: 58.555: [GC (Allocation Failure) [PSYoungGen: 173824K->288K(174080K)] 196861K->23325K(523776K), 0.0013964 secs] [Times: user=0.01 sys=0.00, real=0.00 secs] 
2020-10-27T22:21:59.038-0800: 58.932: [GC (Allocation Failure) [PSYoungGen: 173856K->256K(174080K)] 196893K->23293K(523776K), 0.0014523 secs] [Times: user=0.01 sys=0.01, real=0.00 secs] 
2020-10-27T22:21:59.170-0800: 59.064: [GC (Allocation Failure) [PSYoungGen: 173824K->256K(174080K)] 196861K->23317K(523776K), 0.0016161 secs] [Times: user=0.01 sys=0.00, real=0.00 secs] 
2020-10-27T22:21:59.305-0800: 59.199: [GC (Allocation Failure) [PSYoungGen: 173824K->256K(174080K)] 196885K->23349K(523776K), 0.0015885 secs] [Times: user=0.00 sys=0.00, real=0.00 secs] 
2020-10-27T22:21:59.435-0800: 59.329: [GC (Allocation Failure) [PSYoungGen: 173824K->256K(174080K)] 196917K->23349K(523776K), 0.0014552 secs] [Times: user=0.01 sys=0.00, real=0.00 secs] 
2020-10-27T22:21:59.563-0800: 59.457: [GC (Allocation Failure) [PSYoungGen: 173824K->288K(174080K)] 196917K->23381K(523776K), 0.0014911 secs] [Times: user=0.00 sys=0.00, real=0.00 secs] 
2020-10-27T22:21:59.696-0800: 59.590: [GC (Allocation Failure) [PSYoungGen: 173856K->224K(174080K)] 196949K->23317K(523776K), 0.0015208 secs] [Times: user=0.01 sys=0.00, real=0.00 secs] 
2020-10-27T22:21:59.830-0800: 59.724: [GC (Allocation Failure) [PSYoungGen: 173792K->288K(174080K)] 196885K->23381K(523776K), 0.0014492 secs] [Times: user=0.01 sys=0.00, real=0.00 secs] 
2020-10-27T22:22:00.555-0800: 60.450: [GC (Allocation Failure) [PSYoungGen: 173856K->256K(174080K)] 196949K->23349K(523776K), 0.0014350 secs] [Times: user=0.01 sys=0.00, real=0.00 secs] 
2020-10-27T22:22:00.683-0800: 60.577: [GC (Allocation Failure) [PSYoungGen: 173824K->256K(174080K)] 196917K->23349K(523776K), 0.0014163 secs] [Times: user=0.00 sys=0.00, real=0.00 secs] 
2020-10-27T22:22:00.812-0800: 60.707: [GC (Allocation Failure) [PSYoungGen: 173824K->256K(174080K)] 196917K->23349K(523776K), 0.0018375 secs] [Times: user=0.01 sys=0.00, real=0.00 secs] 
2020-10-27T22:22:00.942-0800: 60.836: [GC (Allocation Failure) [PSYoungGen: 173824K->256K(174080K)] 196917K->23349K(523776K), 0.0014550 secs] [Times: user=0.00 sys=0.01, real=0.00 secs] 
2020-10-27T22:22:01.075-0800: 60.969: [GC (Allocation Failure) [PSYoungGen: 173824K->256K(174080K)] 196917K->23349K(523776K), 0.0015512 secs] [Times: user=0.00 sys=0.00, real=0.00 secs] 
2020-10-27T22:22:01.204-0800: 61.098: [GC (Allocation Failure) [PSYoungGen: 173824K->256K(174080K)] 196917K->23349K(523776K), 0.0014469 secs] [Times: user=0.01 sys=0.00, real=0.00 secs] 
2020-10-27T22:22:01.332-0800: 61.226: [GC (Allocation Failure) [PSYoungGen: 173824K->256K(174080K)] 196917K->23349K(523776K), 0.0015297 secs] [Times: user=0.01 sys=0.00, real=0.00 secs] 
2020-10-27T22:22:01.459-0800: 61.353: [GC (Allocation Failure) [PSYoungGen: 173824K->256K(174080K)] 196917K->23349K(523776K), 0.0014496 secs] [Times: user=0.01 sys=0.00, real=0.01 secs] 
2020-10-27T22:22:02.028-0800: 61.922: [GC (Allocation Failure) [PSYoungGen: 173824K->256K(174080K)] 196917K->23349K(523776K), 0.0015592 secs] [Times: user=0.01 sys=0.00, real=0.01 secs] 
2020-10-27T22:22:02.166-0800: 62.060: [GC (Allocation Failure) [PSYoungGen: 173824K->256K(174080K)] 196917K->23349K(523776K), 0.0014779 secs] [Times: user=0.01 sys=0.00, real=0.00 secs] 
2020-10-27T22:22:02.304-0800: 62.199: [GC (Allocation Failure) [PSYoungGen: 173824K->288K(174080K)] 196917K->23381K(523776K), 0.0014261 secs] [Times: user=0.01 sys=0.00, real=0.00 secs] 
2020-10-27T22:22:02.432-0800: 62.326: [GC (Allocation Failure) [PSYoungGen: 173856K->256K(174080K)] 196949K->23349K(523776K), 0.0015611 secs] [Times: user=0.00 sys=0.00, real=0.00 secs] 
2020-10-27T22:22:02.558-0800: 62.452: [GC (Allocation Failure) [PSYoungGen: 173824K->256K(174080K)] 196917K->23349K(523776K), 0.0013945 secs] [Times: user=0.01 sys=0.00, real=0.00 secs] 
2020-10-27T22:22:02.685-0800: 62.580: [GC (Allocation Failure) [PSYoungGen: 173824K->256K(174080K)] 196917K->23349K(523776K), 0.0014445 secs] [Times: user=0.01 sys=0.00, real=0.00 secs] 
2020-10-27T22:22:02.814-0800: 62.708: [GC (Allocation Failure) [PSYoungGen: 173824K->256K(174080K)] 196917K->23349K(523776K), 0.0014910 secs] [Times: user=0.01 sys=0.00, real=0.00 secs] 
2020-10-27T22:22:02.941-0800: 62.835: [GC (Allocation Failure) [PSYoungGen: 173824K->256K(174080K)] 196917K->23349K(523776K), 0.0017615 secs] [Times: user=0.00 sys=0.00, real=0.00 secs] 
2020-10-27T22:22:03.441-0800: 63.335: [GC (Allocation Failure) [PSYoungGen: 173824K->288K(174080K)] 196917K->23381K(523776K), 0.0015712 secs] [Times: user=0.01 sys=0.00, real=0.00 secs] 
2020-10-27T22:22:03.572-0800: 63.466: [GC (Allocation Failure) [PSYoungGen: 173856K->256K(174080K)] 196949K->23349K(523776K), 0.0014968 secs] [Times: user=0.00 sys=0.00, real=0.00 secs] 
2020-10-27T22:22:03.703-0800: 63.597: [GC (Allocation Failure) [PSYoungGen: 173824K->256K(174080K)] 196917K->23349K(523776K), 0.0016542 secs] [Times: user=0.01 sys=0.00, real=0.00 secs] 
2020-10-27T22:22:03.833-0800: 63.727: [GC (Allocation Failure) [PSYoungGen: 173824K->288K(174080K)] 196917K->23381K(523776K), 0.0014738 secs] [Times: user=0.00 sys=0.00, real=0.00 secs] 
2020-10-27T22:22:03.959-0800: 63.854: [GC (Allocation Failure) [PSYoungGen: 173856K->288K(174080K)] 196949K->23397K(523776K), 0.0021496 secs] [Times: user=0.01 sys=0.00, real=0.01 secs] 
2020-10-27T22:22:04.086-0800: 63.981: [GC (Allocation Failure) [PSYoungGen: 173856K->288K(174080K)] 196965K->23397K(523776K), 0.0014977 secs] [Times: user=0.00 sys=0.00, real=0.00 secs] 
2020-10-27T22:22:04.216-0800: 64.110: [GC (Allocation Failure) [PSYoungGen: 173856K->256K(174080K)] 196965K->23365K(523776K), 0.0015455 secs] [Times: user=0.01 sys=0.00, real=0.00 secs] 
2020-10-27T22:22:04.684-0800: 64.578: [GC (Allocation Failure) [PSYoungGen: 173824K->288K(174080K)] 196933K->23397K(523776K), 0.0014991 secs] [Times: user=0.00 sys=0.00, real=0.00 secs] 
2020-10-27T22:22:04.808-0800: 64.702: [GC (Allocation Failure) [PSYoungGen: 173856K->224K(174080K)] 196965K->23333K(523776K), 0.0016568 secs] [Times: user=0.00 sys=0.00, real=0.00 secs] 
2020-10-27T22:22:04.941-0800: 64.835: [GC (Allocation Failure) [PSYoungGen: 173792K->256K(174080K)] 196901K->23381K(523776K), 0.0016486 secs] [Times: user=0.00 sys=0.00, real=0.00 secs] 
2020-10-27T22:22:05.074-0800: 64.969: [GC (Allocation Failure) [PSYoungGen: 173824K->256K(174080K)] 196949K->23381K(523776K), 0.0016237 secs] [Times: user=0.00 sys=0.00, real=0.00 secs] 
2020-10-27T22:22:05.207-0800: 65.101: [GC (Allocation Failure) [PSYoungGen: 173819K->256K(174080K)] 196945K->23381K(523776K), 0.0016962 secs] [Times: user=0.01 sys=0.00, real=0.00 secs] 
2020-10-27T22:22:05.334-0800: 65.229: [GC (Allocation Failure) [PSYoungGen: 173817K->224K(174080K)] 196943K->23349K(523776K), 0.0014653 secs] [Times: user=0.01 sys=0.00, real=0.00 secs] 
2020-10-27T22:22:05.461-0800: 65.355: [GC (Allocation Failure) [PSYoungGen: 173792K->288K(174080K)] 196917K->23413K(523776K), 0.0014821 secs] [Times: user=0.00 sys=0.00, real=0.00 secs] 
2020-10-27T22:22:05.587-0800: 65.482: [GC (Allocation Failure) [PSYoungGen: 173856K->256K(174080K)] 196981K->23381K(523776K), 0.0015853 secs] [Times: user=0.01 sys=0.00, real=0.00 secs] 
2020-10-27T22:22:06.055-0800: 65.949: [GC (Allocation Failure) [PSYoungGen: 173824K->256K(174080K)] 196949K->23381K(523776K), 0.0014976 secs] [Times: user=0.01 sys=0.00, real=0.00 secs] 
2020-10-27T22:22:06.182-0800: 66.076: [GC (Allocation Failure) [PSYoungGen: 173824K->256K(174080K)] 196949K->23381K(523776K), 0.0015106 secs] [Times: user=0.01 sys=0.00, real=0.00 secs] 
2020-10-27T22:22:06.309-0800: 66.204: [GC (Allocation Failure) [PSYoungGen: 173824K->256K(174080K)] 196949K->23381K(523776K), 0.0014894 secs] [Times: user=0.01 sys=0.00, real=0.01 secs] 
2020-10-27T22:22:06.437-0800: 66.331: [GC (Allocation Failure) [PSYoungGen: 173824K->256K(174080K)] 196949K->23381K(523776K), 0.0016238 secs] [Times: user=0.00 sys=0.00, real=0.00 secs] 
2020-10-27T22:22:06.564-0800: 66.458: [GC (Allocation Failure) [PSYoungGen: 173824K->256K(174080K)] 196949K->23381K(523776K), 0.0014824 secs] [Times: user=0.01 sys=0.00, real=0.00 secs] 
2020-10-27T22:22:06.689-0800: 66.583: [GC (Allocation Failure) [PSYoungGen: 173824K->256K(174080K)] 196949K->23381K(523776K), 0.0014133 secs] [Times: user=0.01 sys=0.00, real=0.01 secs] 
2020-10-27T22:22:06.818-0800: 66.712: [GC (Allocation Failure) [PSYoungGen: 173824K->256K(174080K)] 196949K->23381K(523776K), 0.0021325 secs] [Times: user=0.01 sys=0.00, real=0.01 secs] 
2020-10-27T22:22:06.948-0800: 66.843: [GC (Allocation Failure) [PSYoungGen: 173824K->256K(174080K)] 196949K->23381K(523776K), 0.0014852 secs] [Times: user=0.00 sys=0.00, real=0.01 secs] 
2020-10-27T22:22:07.523-0800: 67.417: [GC (Allocation Failure) [PSYoungGen: 173824K->256K(174080K)] 196949K->23381K(523776K), 0.0014815 secs] [Times: user=0.01 sys=0.00, real=0.00 secs] 
2020-10-27T22:22:07.654-0800: 67.548: [GC (Allocation Failure) [PSYoungGen: 173824K->256K(174080K)] 196949K->23381K(523776K), 0.0015155 secs] [Times: user=0.00 sys=0.00, real=0.00 secs] 
2020-10-27T22:22:07.783-0800: 67.677: [GC (Allocation Failure) [PSYoungGen: 173824K->256K(174080K)] 196949K->23381K(523776K), 0.0013572 secs] [Times: user=0.01 sys=0.00, real=0.00 secs] 
2020-10-27T22:22:07.907-0800: 67.801: [GC (Allocation Failure) [PSYoungGen: 173824K->256K(174080K)] 196949K->23381K(523776K), 0.0014383 secs] [Times: user=0.01 sys=0.00, real=0.00 secs] 
2020-10-27T22:22:08.034-0800: 67.928: [GC (Allocation Failure) [PSYoungGen: 173824K->256K(174080K)] 196949K->23381K(523776K), 0.0019593 secs] [Times: user=0.01 sys=0.00, real=0.00 secs] 
2020-10-27T22:22:08.159-0800: 68.053: [GC (Allocation Failure) [PSYoungGen: 173824K->256K(174080K)] 196949K->23381K(523776K), 0.0014504 secs] [Times: user=0.00 sys=0.00, real=0.01 secs] 
2020-10-27T22:22:08.287-0800: 68.181: [GC (Allocation Failure) [PSYoungGen: 173824K->256K(174080K)] 196949K->23381K(523776K), 0.0014495 secs] [Times: user=0.00 sys=0.00, real=0.00 secs] 
2020-10-27T22:22:08.414-0800: 68.308: [GC (Allocation Failure) [PSYoungGen: 173824K->256K(174080K)] 196949K->23381K(523776K), 0.0016235 secs] [Times: user=0.01 sys=0.00, real=0.00 secs] 
2020-10-27T22:22:08.924-0800: 68.818: [GC (Allocation Failure) [PSYoungGen: 173824K->256K(174080K)] 196949K->23381K(523776K), 0.0016477 secs] [Times: user=0.01 sys=0.00, real=0.00 secs] 
2020-10-27T22:22:09.053-0800: 68.947: [GC (Allocation Failure) [PSYoungGen: 173824K->224K(174080K)] 196949K->23349K(523776K), 0.0016568 secs] [Times: user=0.01 sys=0.00, real=0.00 secs] 
2020-10-27T22:22:09.180-0800: 69.074: [GC (Allocation Failure) [PSYoungGen: 173792K->256K(174080K)] 196917K->23381K(523776K), 0.0015055 secs] [Times: user=0.01 sys=0.00, real=0.00 secs] 
2020-10-27T22:22:09.308-0800: 69.202: [GC (Allocation Failure) [PSYoungGen: 173824K->256K(174080K)] 196949K->23381K(523776K), 0.0016835 secs] [Times: user=0.00 sys=0.00, real=0.01 secs] 
2020-10-27T22:22:09.433-0800: 69.327: [GC (Allocation Failure) [PSYoungGen: 173824K->256K(174080K)] 196949K->23397K(523776K), 0.0014394 secs] [Times: user=0.01 sys=0.00, real=0.00 secs] 
2020-10-27T22:22:09.561-0800: 69.455: [GC (Allocation Failure) [PSYoungGen: 173824K->288K(174080K)] 196965K->23429K(523776K), 0.0014930 secs] [Times: user=0.01 sys=0.00, real=0.00 secs] 
2020-10-27T22:22:09.692-0800: 69.586: [GC (Allocation Failure) [PSYoungGen: 173856K->256K(174080K)] 196997K->23397K(523776K), 0.0014690 secs] [Times: user=0.01 sys=0.00, real=0.00 secs] 
2020-10-27T22:22:09.821-0800: 69.716: [GC (Allocation Failure) [PSYoungGen: 173824K->224K(174080K)] 196965K->23365K(523776K), 0.0017350 secs] [Times: user=0.01 sys=0.00, real=0.00 secs] 
2020-10-27T22:22:10.533-0800: 70.428: [GC (Allocation Failure) [PSYoungGen: 173792K->256K(174080K)] 196933K->23405K(523776K), 0.0014395 secs] [Times: user=0.01 sys=0.00, real=0.00 secs] 
2020-10-27T22:22:10.663-0800: 70.557: [GC (Allocation Failure) [PSYoungGen: 173824K->256K(174080K)] 196973K->23413K(523776K), 0.0016154 secs] [Times: user=0.01 sys=0.01, real=0.00 secs] 
2020-10-27T22:22:10.795-0800: 70.689: [GC (Allocation Failure) [PSYoungGen: 173824K->256K(174080K)] 196981K->23413K(523776K), 0.0015636 secs] [Times: user=0.01 sys=0.00, real=0.00 secs] 
2020-10-27T22:22:10.921-0800: 70.815: [GC (Allocation Failure) [PSYoungGen: 173824K->256K(174080K)] 196981K->23413K(523776K), 0.0015081 secs] [Times: user=0.01 sys=0.00, real=0.00 secs] 
2020-10-27T22:22:11.051-0800: 70.945: [GC (Allocation Failure) [PSYoungGen: 173824K->256K(174080K)] 196981K->23413K(523776K), 0.0014277 secs] [Times: user=0.00 sys=0.00, real=0.00 secs] 
2020-10-27T22:22:11.182-0800: 71.077: [GC (Allocation Failure) [PSYoungGen: 173824K->256K(174080K)] 196981K->23413K(523776K), 0.0015878 secs] [Times: user=0.01 sys=0.00, real=0.00 secs] 
2020-10-27T22:22:11.313-0800: 71.207: [GC (Allocation Failure) [PSYoungGen: 173824K->256K(174080K)] 196981K->23413K(523776K), 0.0014111 secs] [Times: user=0.00 sys=0.00, real=0.00 secs] 
2020-10-27T22:22:11.439-0800: 71.333: [GC (Allocation Failure) [PSYoungGen: 173824K->224K(174080K)] 196981K->23381K(523776K), 0.0014118 secs] [Times: user=0.00 sys=0.00, real=0.01 secs] 
2020-10-27T22:22:12.276-0800: 72.170: [GC (Allocation Failure) [PSYoungGen: 173792K->256K(174080K)] 196949K->23413K(523776K), 0.0014131 secs] [Times: user=0.01 sys=0.00, real=0.00 secs] 
2020-10-27T22:22:12.401-0800: 72.295: [GC (Allocation Failure) [PSYoungGen: 173824K->256K(174080K)] 196981K->23413K(523776K), 0.0015052 secs] [Times: user=0.01 sys=0.00, real=0.00 secs] 
2020-10-27T22:22:12.524-0800: 72.418: [GC (Allocation Failure) [PSYoungGen: 173824K->256K(174080K)] 196981K->23413K(523776K), 0.0017386 secs] [Times: user=0.00 sys=0.00, real=0.00 secs] 
2020-10-27T22:22:12.650-0800: 72.545: [GC (Allocation Failure) [PSYoungGen: 173824K->256K(174080K)] 196981K->23413K(523776K), 0.0015668 secs] [Times: user=0.01 sys=0.00, real=0.00 secs] 
2020-10-27T22:22:12.781-0800: 72.675: [GC (Allocation Failure) [PSYoungGen: 173824K->256K(174080K)] 196981K->23413K(523776K), 0.0017606 secs] [Times: user=0.01 sys=0.00, real=0.00 secs] 
2020-10-27T22:22:12.908-0800: 72.802: [GC (Allocation Failure) [PSYoungGen: 173824K->256K(174080K)] 196981K->23413K(523776K), 0.0016335 secs] [Times: user=0.01 sys=0.00, real=0.00 secs] 
2020-10-27T22:22:13.033-0800: 72.928: [GC (Allocation Failure) [PSYoungGen: 173824K->256K(174080K)] 196981K->23413K(523776K), 0.0015023 secs] [Times: user=0.00 sys=0.00, real=0.00 secs] 
2020-10-27T22:22:13.839-0800: 73.733: [GC (Allocation Failure) [PSYoungGen: 173824K->256K(174080K)] 196981K->23413K(523776K), 0.0012988 secs] [Times: user=0.01 sys=0.00, real=0.01 secs] 
2020-10-27T22:22:13.961-0800: 73.856: [GC (Allocation Failure) [PSYoungGen: 173824K->256K(174080K)] 196981K->23413K(523776K), 0.0013115 secs] [Times: user=0.00 sys=0.00, real=0.00 secs] 
2020-10-27T22:22:14.089-0800: 73.983: [GC (Allocation Failure) [PSYoungGen: 173824K->288K(174080K)] 196981K->23445K(523776K), 0.0014164 secs] [Times: user=0.00 sys=0.00, real=0.01 secs] 
2020-10-27T22:22:14.214-0800: 74.109: [GC (Allocation Failure) [PSYoungGen: 173856K->256K(174080K)] 197013K->23413K(523776K), 0.0013316 secs] [Times: user=0.01 sys=0.01, real=0.00 secs] 
2020-10-27T22:22:14.340-0800: 74.235: [GC (Allocation Failure) [PSYoungGen: 173824K->288K(174080K)] 196981K->23445K(523776K), 0.0015402 secs] [Times: user=0.00 sys=0.00, real=0.00 secs] 
2020-10-27T22:22:14.465-0800: 74.360: [GC (Allocation Failure) [PSYoungGen: 173856K->256K(174080K)] 197013K->23413K(523776K), 0.0016954 secs] [Times: user=0.00 sys=0.00, real=0.00 secs] 
2020-10-27T22:22:14.590-0800: 74.484: [GC (Allocation Failure) [PSYoungGen: 173824K->288K(174080K)] 196981K->23445K(523776K), 0.0015408 secs] [Times: user=0.01 sys=0.00, real=0.00 secs] 
2020-10-27T22:22:14.716-0800: 74.610: [GC (Allocation Failure) [PSYoungGen: 173856K->288K(174080K)] 197013K->23445K(523776K), 0.0014805 secs] [Times: user=0.01 sys=0.00, real=0.00 secs] 
2020-10-27T22:22:15.670-0800: 75.565: [GC (Allocation Failure) [PSYoungGen: 173856K->288K(174080K)] 197013K->23445K(523776K), 0.0015916 secs] [Times: user=0.01 sys=0.00, real=0.00 secs] 
2020-10-27T22:22:15.793-0800: 75.687: [GC (Allocation Failure) [PSYoungGen: 173856K->256K(174080K)] 197013K->23413K(523776K), 0.0015118 secs] [Times: user=0.01 sys=0.00, real=0.00 secs] 
2020-10-27T22:22:15.921-0800: 75.815: [GC (Allocation Failure) [PSYoungGen: 173824K->288K(174080K)] 196981K->23445K(523776K), 0.0019680 secs] [Times: user=0.00 sys=0.00, real=0.00 secs] 
2020-10-27T22:22:16.050-0800: 75.944: [GC (Allocation Failure) [PSYoungGen: 173856K->256K(174080K)] 197013K->23413K(523776K), 0.0016523 secs] [Times: user=0.00 sys=0.00, real=0.00 secs] 
2020-10-27T22:22:16.175-0800: 76.069: [GC (Allocation Failure) [PSYoungGen: 173824K->256K(174080K)] 196981K->23413K(523776K), 0.0015657 secs] [Times: user=0.01 sys=0.00, real=0.00 secs] 
2020-10-27T22:22:16.300-0800: 76.194: [GC (Allocation Failure) [PSYoungGen: 173824K->256K(174080K)] 196981K->23413K(523776K), 0.0016967 secs] [Times: user=0.01 sys=0.00, real=0.00 secs] 
2020-10-27T22:22:16.436-0800: 76.331: [GC (Allocation Failure) [PSYoungGen: 173824K->288K(174080K)] 196981K->23445K(523776K), 0.0016661 secs] [Times: user=0.00 sys=0.00, real=0.00 secs] 
2020-10-27T22:22:16.577-0800: 76.471: [GC (Allocation Failure) [PSYoungGen: 173856K->256K(174080K)] 197013K->23413K(523776K), 0.0016778 secs] [Times: user=0.01 sys=0.01, real=0.00 secs] 
2020-10-27T22:22:16.707-0800: 76.601: [GC (Allocation Failure) [PSYoungGen: 173824K->256K(174080K)] 196981K->23421K(523776K), 0.0017257 secs] [Times: user=0.00 sys=0.00, real=0.00 secs] 
2020-10-27T22:22:16.840-0800: 76.734: [GC (Allocation Failure) [PSYoungGen: 173824K->256K(174080K)] 196989K->23429K(523776K), 0.0017117 secs] [Times: user=0.01 sys=0.00, real=0.00 secs] 
2020-10-27T22:22:16.975-0800: 76.869: [GC (Allocation Failure) [PSYoungGen: 173824K->256K(174080K)] 196997K->23437K(523776K), 0.0020814 secs] [Times: user=0.01 sys=0.00, real=0.00 secs] 
2020-10-27T22:22:17.111-0800: 77.005: [GC (Allocation Failure) [PSYoungGen: 173824K->192K(174080K)] 197005K->23373K(523776K), 0.0024540 secs] [Times: user=0.00 sys=0.00, real=0.00 secs] 
2020-10-27T22:22:17.276-0800: 77.170: [GC (Allocation Failure) [PSYoungGen: 173760K->256K(174080K)] 196941K->23437K(523776K), 0.0020769 secs] [Times: user=0.01 sys=0.00, real=0.00 secs] 
2020-10-27T22:22:17.422-0800: 77.316: [GC (Allocation Failure) [PSYoungGen: 173824K->256K(174080K)] 197005K->23437K(523776K), 0.0015859 secs] [Times: user=0.01 sys=0.00, real=0.00 secs] 
2020-10-27T22:22:17.557-0800: 77.451: [GC (Allocation Failure) [PSYoungGen: 173824K->256K(174080K)] 197005K->23437K(523776K), 0.0017812 secs] [Times: user=0.00 sys=0.00, real=0.00 secs] 
2020-10-27T22:22:21.012-0800: 80.906: [GC (Allocation Failure) [PSYoungGen: 173824K->256K(174080K)] 197005K->23437K(523776K), 0.0018212 secs] [Times: user=0.00 sys=0.00, real=0.00 secs] 
2020-10-27T22:22:21.147-0800: 81.041: [GC (Allocation Failure) [PSYoungGen: 173824K->224K(174080K)] 197005K->23405K(523776K), 0.0018900 secs] [Times: user=0.00 sys=0.00, real=0.00 secs] 
2020-10-27T22:22:21.284-0800: 81.178: [GC (Allocation Failure) [PSYoungGen: 173792K->256K(174080K)] 196973K->23437K(523776K), 0.0014489 secs] [Times: user=0.01 sys=0.00, real=0.00 secs] 
2020-10-27T22:22:21.458-0800: 81.352: [GC (Allocation Failure) [PSYoungGen: 173824K->256K(174080K)] 197005K->23453K(523776K), 0.0014454 secs] [Times: user=0.01 sys=0.00, real=0.00 secs] 
2020-10-27T22:22:21.600-0800: 81.494: [GC (Allocation Failure) [PSYoungGen: 173824K->256K(174080K)] 197021K->23469K(523776K), 0.0013043 secs] [Times: user=0.00 sys=0.00, real=0.00 secs] 
2020-10-27T22:22:21.730-0800: 81.624: [GC (Allocation Failure) [PSYoungGen: 173824K->288K(174080K)] 197037K->23541K(523776K), 0.0017952 secs] [Times: user=0.01 sys=0.00, real=0.00 secs] 
2020-10-27T22:22:21.855-0800: 81.750: [GC (Allocation Failure) [PSYoungGen: 173856K->224K(174080K)] 197109K->23477K(523776K), 0.0015328 secs] [Times: user=0.01 sys=0.00, real=0.00 secs] 
2020-10-27T22:22:21.981-0800: 81.875: [GC (Allocation Failure) [PSYoungGen: 173792K->256K(174080K)] 197045K->23509K(523776K), 0.0016455 secs] [Times: user=0.01 sys=0.00, real=0.00 secs] 
2020-10-27T22:22:23.950-0800: 83.844: [GC (Allocation Failure) [PSYoungGen: 173824K->256K(174080K)] 197077K->23533K(523776K), 0.0013077 secs] [Times: user=0.00 sys=0.00, real=0.00 secs] 
2020-10-27T22:22:24.074-0800: 83.968: [GC (Allocation Failure) [PSYoungGen: 173824K->256K(174080K)] 197101K->23533K(523776K), 0.0014653 secs] [Times: user=0.01 sys=0.00, real=0.00 secs] 
2020-10-27T22:22:24.203-0800: 84.097: [GC (Allocation Failure) [PSYoungGen: 173824K->256K(174080K)] 197101K->23533K(523776K), 0.0013697 secs] [Times: user=0.00 sys=0.00, real=0.00 secs] 
2020-10-27T22:22:24.329-0800: 84.223: [GC (Allocation Failure) [PSYoungGen: 173824K->288K(174080K)] 197101K->23565K(523776K), 0.0016085 secs] [Times: user=0.00 sys=0.00, real=0.01 secs] 
2020-10-27T22:22:24.453-0800: 84.347: [GC (Allocation Failure) [PSYoungGen: 173856K->224K(174080K)] 197133K->23501K(523776K), 0.0014702 secs] [Times: user=0.00 sys=0.00, real=0.00 secs] 
2020-10-27T22:22:24.576-0800: 84.470: [GC (Allocation Failure) [PSYoungGen: 173792K->288K(174080K)] 197069K->23565K(523776K), 0.0014287 secs] [Times: user=0.01 sys=0.00, real=0.00 secs] 
2020-10-27T22:22:24.703-0800: 84.597: [GC (Allocation Failure) [PSYoungGen: 173856K->256K(174080K)] 197133K->23533K(523776K), 0.0015104 secs] [Times: user=0.01 sys=0.00, real=0.00 secs] 
2020-10-27T22:22:25.501-0800: 85.395: [GC (Allocation Failure) [PSYoungGen: 173824K->256K(174080K)] 197101K->23533K(523776K), 0.0020646 secs] [Times: user=0.01 sys=0.00, real=0.00 secs] 
2020-10-27T22:22:25.626-0800: 85.520: [GC (Allocation Failure) [PSYoungGen: 173824K->256K(174080K)] 197101K->23549K(523776K), 0.0016214 secs] [Times: user=0.01 sys=0.00, real=0.00 secs] 
2020-10-27T22:22:25.749-0800: 85.643: [GC (Allocation Failure) [PSYoungGen: 173824K->256K(174080K)] 197117K->23549K(523776K), 0.0014283 secs] [Times: user=0.01 sys=0.00, real=0.01 secs] 
2020-10-27T22:22:25.873-0800: 85.767: [GC (Allocation Failure) [PSYoungGen: 173824K->256K(174080K)] 197117K->23549K(523776K), 0.0014368 secs] [Times: user=0.01 sys=0.00, real=0.00 secs] 
2020-10-27T22:22:25.999-0800: 85.893: [GC (Allocation Failure) [PSYoungGen: 173824K->256K(174080K)] 197117K->23549K(523776K), 0.0014719 secs] [Times: user=0.00 sys=0.00, real=0.01 secs] 
Heap
 PSYoungGen      total 174080K, used 15278K [0x00000007b5580000, 0x00000007c0000000, 0x00000007c0000000)
  eden space 173568K, 8% used [0x00000007b5580000,0x00000007b642bb98,0x00000007bff00000)
  from space 512K, 50% used [0x00000007bff80000,0x00000007bffc0000,0x00000007c0000000)
  to   space 512K, 0% used [0x00000007bff00000,0x00000007bff00000,0x00000007bff80000)
 ParOldGen       total 349696K, used 23293K [0x00000007a0000000, 0x00000007b5580000, 0x00000007b5580000)
  object space 349696K, 6% used [0x00000007a0000000,0x00000007a16bf680,0x00000007b5580000)
 Metaspace       used 36621K, capacity 38544K, committed 38704K, reserved 1083392K
  class space    used 4575K, capacity 4907K, committed 4912K, reserved 1048576K
