Java HotSpot(TM) 64-Bit Server VM (25.251-b08) for bsd-amd64 JRE (1.8.0_251-b08), built on Mar 12 2020 02:36:37 by "java_re" with gcc 4.2.1 (Based on Apple Inc. build 5658) (LLVM build 2336.11.00)
Memory: 4k page, physical 33554432k(906212k free)

/proc/meminfo:

CommandLine flags: -XX:InitialHeapSize=536870912 -XX:MaxHeapSize=536870912 -XX:+PrintGC -XX:+PrintGCDateStamps -XX:+PrintGCDetails -XX:+PrintGCTimeStamps -XX:+UseCompressedClassPointers -XX:+UseCompressedOops -XX:+UseSerialGC 
2020-10-27T22:13:07.307-0800: 0.636: [GC (Allocation Failure) 2020-10-27T22:13:07.307-0800: 0.636: [DefNew: 139776K->7076K(157248K), 0.0118367 secs] 139776K->7076K(506816K), 0.0119409 secs] [Times: user=0.03 sys=0.00, real=0.01 secs] 
2020-10-27T22:13:07.597-0800: 0.926: [GC (Allocation Failure) 2020-10-27T22:13:07.597-0800: 0.926: [DefNew: 146852K->10496K(157248K), 0.0137033 secs] 146852K->10496K(506816K), 0.0137880 secs] [Times: user=0.03 sys=0.01, real=0.02 secs] 
2020-10-27T22:13:07.621-0800: 0.950: [Full GC (Metadata GC Threshold) 2020-10-27T22:13:07.621-0800: 0.950: [Tenured: 0K->5196K(349568K), 0.0188314 secs] 29781K->5196K(506816K), [Metaspace: 20506K->20506K(1067008K)], 0.0189124 secs] [Times: user=0.04 sys=0.00, real=0.02 secs] 
2020-10-27T22:13:08.154-0800: 1.482: [GC (Allocation Failure) 2020-10-27T22:13:08.154-0800: 1.482: [DefNew: 139776K->7103K(157248K), 0.0105730 secs] 144972K->12299K(506816K), 0.0106627 secs] [Times: user=0.02 sys=0.00, real=0.01 secs] 
2020-10-27T22:13:08.664-0800: 1.993: [GC (Allocation Failure) 2020-10-27T22:13:08.664-0800: 1.993: [DefNew: 146879K->12977K(157248K), 0.0146814 secs] 152075K->18173K(506816K), 0.0147841 secs] [Times: user=0.03 sys=0.00, real=0.01 secs] 
2020-10-27T22:13:09.003-0800: 2.331: [GC (Allocation Failure) 2020-10-27T22:13:09.003-0800: 2.332: [DefNew: 152753K->4486K(157248K), 0.0227862 secs] 157949K->20493K(506816K), 0.0228765 secs] [Times: user=0.07 sys=0.00, real=0.02 secs] 
2020-10-27T22:13:35.859-0800: 29.187: [Full GC (Metadata GC Threshold) 2020-10-27T22:13:35.859-0800: 29.187: [Tenured: 16006K->19287K(349568K), 0.0411204 secs] 69996K->19287K(506816K), [Metaspace: 33847K->33847K(1081344K)], 0.0412459 secs] [Times: user=0.04 sys=0.00, real=0.05 secs] 
2020-10-27T22:13:36.528-0800: 29.856: [GC (Allocation Failure) 2020-10-27T22:13:36.528-0800: 29.856: [DefNew: 139776K->4921K(157248K), 0.0097539 secs] 159063K->24209K(506816K), 0.0098842 secs] [Times: user=0.02 sys=0.00, real=0.01 secs] 
2020-10-27T22:13:37.046-0800: 30.374: [GC (Allocation Failure) 2020-10-27T22:13:37.046-0800: 30.374: [DefNew: 144697K->4401K(157248K), 0.0060191 secs] 163985K->23689K(506816K), 0.0061641 secs] [Times: user=0.01 sys=0.00, real=0.01 secs] 
2020-10-27T22:13:37.422-0800: 30.750: [GC (Allocation Failure) 2020-10-27T22:13:37.422-0800: 30.750: [DefNew: 144177K->4448K(157248K), 0.0052052 secs] 163465K->23736K(506816K), 0.0053196 secs] [Times: user=0.01 sys=0.00, real=0.00 secs] 
2020-10-27T22:13:37.793-0800: 31.122: [GC (Allocation Failure) 2020-10-27T22:13:37.793-0800: 31.122: [DefNew: 144224K->4365K(157248K), 0.0046908 secs] 163512K->23653K(506816K), 0.0047918 secs] [Times: user=0.01 sys=0.00, real=0.00 secs] 
2020-10-27T22:13:38.143-0800: 31.472: [GC (Allocation Failure) 2020-10-27T22:13:38.144-0800: 31.472: [DefNew: 144141K->4503K(157248K), 0.0055136 secs] 163429K->23791K(506816K), 0.0056483 secs] [Times: user=0.02 sys=0.00, real=0.00 secs] 
2020-10-27T22:13:38.471-0800: 31.800: [GC (Allocation Failure) 2020-10-27T22:13:38.471-0800: 31.800: [DefNew: 144279K->4444K(157248K), 0.0047917 secs] 163567K->23732K(506816K), 0.0049573 secs] [Times: user=0.02 sys=0.00, real=0.00 secs] 
2020-10-27T22:13:38.768-0800: 32.096: [GC (Allocation Failure) 2020-10-27T22:13:38.768-0800: 32.096: [DefNew: 144220K->4369K(157248K), 0.0044710 secs] 163508K->23657K(506816K), 0.0045958 secs] [Times: user=0.01 sys=0.00, real=0.01 secs] 
2020-10-27T22:13:39.049-0800: 32.377: [GC (Allocation Failure) 2020-10-27T22:13:39.049-0800: 32.377: [DefNew: 144145K->4426K(157248K), 0.0050943 secs] 163433K->23714K(506816K), 0.0051977 secs] [Times: user=0.02 sys=0.00, real=0.01 secs] 
2020-10-27T22:13:39.332-0800: 32.661: [GC (Allocation Failure) 2020-10-27T22:13:39.332-0800: 32.661: [DefNew: 144202K->4340K(157248K), 0.0039227 secs] 163490K->23628K(506816K), 0.0040304 secs] [Times: user=0.01 sys=0.00, real=0.00 secs] 
2020-10-27T22:13:39.588-0800: 32.917: [GC (Allocation Failure) 2020-10-27T22:13:39.588-0800: 32.917: [DefNew: 144116K->4364K(157248K), 0.0041229 secs] 163404K->23651K(506816K), 0.0042279 secs] [Times: user=0.02 sys=0.00, real=0.01 secs] 
2020-10-27T22:13:39.817-0800: 33.146: [GC (Allocation Failure) 2020-10-27T22:13:39.817-0800: 33.146: [DefNew: 144140K->4341K(157248K), 0.0039492 secs] 163427K->23629K(506816K), 0.0040624 secs] [Times: user=0.01 sys=0.00, real=0.01 secs] 
2020-10-27T22:13:40.038-0800: 33.367: [GC (Allocation Failure) 2020-10-27T22:13:40.038-0800: 33.367: [DefNew: 144116K->4433K(157248K), 0.0048828 secs] 163404K->23721K(506816K), 0.0049932 secs] [Times: user=0.02 sys=0.00, real=0.01 secs] 
2020-10-27T22:13:40.254-0800: 33.583: [GC (Allocation Failure) 2020-10-27T22:13:40.254-0800: 33.583: [DefNew: 144209K->4404K(157248K), 0.0047427 secs] 163497K->23691K(506816K), 0.0048534 secs] [Times: user=0.01 sys=0.00, real=0.00 secs] 
2020-10-27T22:13:40.440-0800: 33.768: [GC (Allocation Failure) 2020-10-27T22:13:40.440-0800: 33.768: [DefNew: 144180K->4428K(157248K), 0.0045499 secs] 163467K->23715K(506816K), 0.0046692 secs] [Times: user=0.01 sys=0.00, real=0.00 secs] 
2020-10-27T22:13:40.614-0800: 33.942: [GC (Allocation Failure) 2020-10-27T22:13:40.614-0800: 33.942: [DefNew: 144204K->4394K(157248K), 0.0045544 secs] 163491K->23682K(506816K), 0.0046612 secs] [Times: user=0.01 sys=0.00, real=0.00 secs] 
2020-10-27T22:13:40.776-0800: 34.104: [GC (Allocation Failure) 2020-10-27T22:13:40.776-0800: 34.104: [DefNew: 144170K->276K(157248K), 0.0061737 secs] 163458K->23684K(506816K), 0.0062919 secs] [Times: user=0.01 sys=0.00, real=0.01 secs] 
2020-10-27T22:13:40.938-0800: 34.267: [GC (Allocation Failure) 2020-10-27T22:13:40.938-0800: 34.267: [DefNew: 140052K->160K(157248K), 0.0028938 secs] 163460K->23659K(506816K), 0.0030021 secs] [Times: user=0.01 sys=0.00, real=0.01 secs] 
2020-10-27T22:13:41.087-0800: 34.415: [GC (Allocation Failure) 2020-10-27T22:13:41.087-0800: 34.416: [DefNew: 139936K->180K(157248K), 0.0027774 secs] 163435K->23695K(506816K), 0.0028800 secs] [Times: user=0.01 sys=0.00, real=0.01 secs] 
2020-10-27T22:13:41.229-0800: 34.557: [GC (Allocation Failure) 2020-10-27T22:13:41.229-0800: 34.557: [DefNew: 139956K->146K(157248K), 0.0030630 secs] 163471K->23665K(506816K), 0.0031654 secs] [Times: user=0.00 sys=0.00, real=0.01 secs] 
2020-10-27T22:13:41.375-0800: 34.704: [GC (Allocation Failure) 2020-10-27T22:13:41.375-0800: 34.704: [DefNew: 139922K->280K(157248K), 0.0027361 secs] 163441K->23804K(506816K), 0.0028122 secs] [Times: user=0.01 sys=0.01, real=0.00 secs] 
2020-10-27T22:13:41.516-0800: 34.845: [GC (Allocation Failure) 2020-10-27T22:13:41.516-0800: 34.845: [DefNew: 140056K->164K(157248K), 0.0029058 secs] 163580K->23706K(506816K), 0.0029991 secs] [Times: user=0.00 sys=0.00, real=0.00 secs] 
2020-10-27T22:13:41.660-0800: 34.988: [GC (Allocation Failure) 2020-10-27T22:13:41.660-0800: 34.988: [DefNew: 139939K->155K(157248K), 0.0032336 secs] 163482K->23703K(506816K), 0.0033340 secs] [Times: user=0.01 sys=0.00, real=0.00 secs] 
2020-10-27T22:13:41.798-0800: 35.126: [GC (Allocation Failure) 2020-10-27T22:13:41.798-0800: 35.126: [DefNew: 139931K->145K(157248K), 0.0027708 secs] 163479K->23695K(506816K), 0.0028828 secs] [Times: user=0.01 sys=0.00, real=0.01 secs] 
2020-10-27T22:13:41.943-0800: 35.271: [GC (Allocation Failure) 2020-10-27T22:13:41.943-0800: 35.272: [DefNew: 139921K->151K(157248K), 0.0037205 secs] 163471K->23712K(506816K), 0.0038251 secs] [Times: user=0.01 sys=0.00, real=0.00 secs] 
2020-10-27T22:13:42.088-0800: 35.416: [GC (Allocation Failure) 2020-10-27T22:13:42.088-0800: 35.416: [DefNew: 139927K->147K(157248K), 0.0029369 secs] 163488K->23710K(506816K), 0.0030413 secs] [Times: user=0.00 sys=0.00, real=0.01 secs] 
2020-10-27T22:13:42.231-0800: 35.560: [GC (Allocation Failure) 2020-10-27T22:13:42.231-0800: 35.560: [DefNew: 139923K->125K(157248K), 0.0027290 secs] 163486K->23689K(506816K), 0.0028638 secs] [Times: user=0.00 sys=0.00, real=0.00 secs] 
2020-10-27T22:13:42.371-0800: 35.699: [GC (Allocation Failure) 2020-10-27T22:13:42.371-0800: 35.699: [DefNew: 139901K->150K(157248K), 0.0025127 secs] 163465K->23714K(506816K), 0.0026044 secs] [Times: user=0.00 sys=0.00, real=0.00 secs] 
2020-10-27T22:13:42.512-0800: 35.840: [GC (Allocation Failure) 2020-10-27T22:13:42.512-0800: 35.840: [DefNew: 139926K->106K(157248K), 0.0029673 secs] 163490K->23676K(506816K), 0.0030737 secs] [Times: user=0.01 sys=0.00, real=0.00 secs] 
2020-10-27T22:13:42.646-0800: 35.974: [GC (Allocation Failure) 2020-10-27T22:13:42.646-0800: 35.975: [DefNew: 139882K->124K(157248K), 0.0027603 secs] 163452K->23698K(506816K), 0.0028501 secs] [Times: user=0.01 sys=0.00, real=0.00 secs] 
2020-10-27T22:13:42.780-0800: 36.109: [GC (Allocation Failure) 2020-10-27T22:13:42.780-0800: 36.109: [DefNew: 139900K->142K(157248K), 0.0026315 secs] 163474K->23717K(506816K), 0.0027239 secs] [Times: user=0.00 sys=0.00, real=0.00 secs] 
2020-10-27T22:13:42.915-0800: 36.244: [GC (Allocation Failure) 2020-10-27T22:13:42.915-0800: 36.244: [DefNew: 139918K->123K(157248K), 0.0024914 secs] 163493K->23704K(506816K), 0.0025639 secs] [Times: user=0.01 sys=0.00, real=0.00 secs] 
2020-10-27T22:13:43.050-0800: 36.379: [GC (Allocation Failure) 2020-10-27T22:13:43.050-0800: 36.379: [DefNew: 139899K->144K(157248K), 0.0025360 secs] 163480K->23725K(506816K), 0.0026269 secs] [Times: user=0.00 sys=0.00, real=0.00 secs] 
2020-10-27T22:13:43.210-0800: 36.538: [GC (Allocation Failure) 2020-10-27T22:13:43.210-0800: 36.538: [DefNew: 139920K->77K(157248K), 0.0031860 secs] 163501K->23670K(506816K), 0.0032987 secs] [Times: user=0.01 sys=0.00, real=0.00 secs] 
2020-10-27T22:13:43.349-0800: 36.677: [GC (Allocation Failure) 2020-10-27T22:13:43.349-0800: 36.677: [DefNew: 139853K->110K(157248K), 0.0028093 secs] 163446K->23709K(506816K), 0.0028872 secs] [Times: user=0.01 sys=0.00, real=0.01 secs] 
2020-10-27T22:13:43.486-0800: 36.815: [GC (Allocation Failure) 2020-10-27T22:13:43.486-0800: 36.815: [DefNew: 139886K->67K(157248K), 0.0023739 secs] 163485K->23678K(506816K), 0.0024484 secs] [Times: user=0.00 sys=0.00, real=0.00 secs] 
2020-10-27T22:13:43.620-0800: 36.948: [GC (Allocation Failure) 2020-10-27T22:13:43.620-0800: 36.948: [DefNew: 139843K->64K(157248K), 0.0023351 secs] 163454K->23675K(506816K), 0.0024281 secs] [Times: user=0.00 sys=0.00, real=0.00 secs] 
2020-10-27T22:13:43.752-0800: 37.081: [GC (Allocation Failure) 2020-10-27T22:13:43.752-0800: 37.081: [DefNew: 139840K->93K(157248K), 0.0023829 secs] 163451K->23703K(506816K), 0.0024625 secs] [Times: user=0.01 sys=0.00, real=0.00 secs] 
2020-10-27T22:13:43.889-0800: 37.218: [GC (Allocation Failure) 2020-10-27T22:13:43.889-0800: 37.218: [DefNew: 139869K->72K(157248K), 0.0025892 secs] 163479K->23683K(506816K), 0.0026739 secs] [Times: user=0.01 sys=0.00, real=0.01 secs] 
2020-10-27T22:13:44.024-0800: 37.353: [GC (Allocation Failure) 2020-10-27T22:13:44.024-0800: 37.353: [DefNew: 139848K->80K(157248K), 0.0024811 secs] 163459K->23691K(506816K), 0.0025550 secs] [Times: user=0.00 sys=0.00, real=0.00 secs] 
2020-10-27T22:13:44.160-0800: 37.488: [GC (Allocation Failure) 2020-10-27T22:13:44.160-0800: 37.488: [DefNew: 139856K->89K(157248K), 0.0024359 secs] 163467K->23700K(506816K), 0.0025316 secs] [Times: user=0.01 sys=0.00, real=0.00 secs] 
2020-10-27T22:13:44.291-0800: 37.620: [GC (Allocation Failure) 2020-10-27T22:13:44.291-0800: 37.620: [DefNew: 139865K->75K(157248K), 0.0024444 secs] 163476K->23686K(506816K), 0.0025354 secs] [Times: user=0.01 sys=0.00, real=0.00 secs] 
2020-10-27T22:13:44.425-0800: 37.753: [GC (Allocation Failure) 2020-10-27T22:13:44.425-0800: 37.753: [DefNew: 139851K->129K(157248K), 0.0027930 secs] 163462K->23741K(506816K), 0.0028851 secs] [Times: user=0.01 sys=0.00, real=0.00 secs] 
2020-10-27T22:13:44.558-0800: 37.886: [GC (Allocation Failure) 2020-10-27T22:13:44.558-0800: 37.887: [DefNew: 139905K->79K(157248K), 0.0025296 secs] 163517K->23690K(506816K), 0.0032084 secs] [Times: user=0.01 sys=0.00, real=0.01 secs] 
2020-10-27T22:13:44.700-0800: 38.028: [GC (Allocation Failure) 2020-10-27T22:13:44.700-0800: 38.029: [DefNew: 139855K->92K(157248K), 0.0026595 secs] 163466K->23703K(506816K), 0.0027766 secs] [Times: user=0.01 sys=0.00, real=0.00 secs] 
2020-10-27T22:13:44.840-0800: 38.168: [GC (Allocation Failure) 2020-10-27T22:13:44.840-0800: 38.168: [DefNew: 139868K->88K(157248K), 0.0024170 secs] 163479K->23700K(506816K), 0.0025129 secs] [Times: user=0.00 sys=0.00, real=0.00 secs] 
2020-10-27T22:13:44.982-0800: 38.311: [GC (Allocation Failure) 2020-10-27T22:13:44.982-0800: 38.311: [DefNew: 139864K->82K(157248K), 0.0024990 secs] 163476K->23695K(506816K), 0.0025930 secs] [Times: user=0.00 sys=0.00, real=0.00 secs] 
2020-10-27T22:13:45.112-0800: 38.440: [GC (Allocation Failure) 2020-10-27T22:13:45.112-0800: 38.440: [DefNew: 139858K->86K(157248K), 0.0026107 secs] 163471K->23698K(506816K), 0.0027128 secs] [Times: user=0.01 sys=0.00, real=0.00 secs] 
2020-10-27T22:13:45.253-0800: 38.582: [GC (Allocation Failure) 2020-10-27T22:13:45.253-0800: 38.582: [DefNew: 139862K->85K(157248K), 0.0024455 secs] 163474K->23698K(506816K), 0.0025617 secs] [Times: user=0.00 sys=0.00, real=0.00 secs] 
2020-10-27T22:13:45.379-0800: 38.707: [GC (Allocation Failure) 2020-10-27T22:13:45.379-0800: 38.707: [DefNew: 139861K->87K(157248K), 0.0025966 secs] 163474K->23699K(506816K), 0.0026804 secs] [Times: user=0.00 sys=0.00, real=0.01 secs] 
2020-10-27T22:13:45.516-0800: 38.845: [GC (Allocation Failure) 2020-10-27T22:13:45.516-0800: 38.845: [DefNew: 139863K->91K(157248K), 0.0024306 secs] 163475K->23703K(506816K), 0.0025334 secs] [Times: user=0.00 sys=0.00, real=0.00 secs] 
2020-10-27T22:13:45.657-0800: 38.985: [GC (Allocation Failure) 2020-10-27T22:13:45.657-0800: 38.985: [DefNew: 139867K->80K(157248K), 0.0024095 secs] 163479K->23693K(506816K), 0.0025079 secs] [Times: user=0.00 sys=0.00, real=0.00 secs] 
2020-10-27T22:13:45.782-0800: 39.111: [GC (Allocation Failure) 2020-10-27T22:13:45.782-0800: 39.111: [DefNew: 139856K->122K(157248K), 0.0025599 secs] 163469K->23734K(506816K), 0.0026613 secs] [Times: user=0.01 sys=0.00, real=0.00 secs] 
2020-10-27T22:13:45.902-0800: 39.231: [GC (Allocation Failure) 2020-10-27T22:13:45.902-0800: 39.231: [DefNew: 139898K->89K(157248K), 0.0025147 secs] 163510K->23701K(506816K), 0.0026396 secs] [Times: user=0.01 sys=0.00, real=0.00 secs] 
2020-10-27T22:13:46.044-0800: 39.373: [GC (Allocation Failure) 2020-10-27T22:13:46.044-0800: 39.373: [DefNew: 139865K->87K(157248K), 0.0023648 secs] 163477K->23700K(506816K), 0.0024627 secs] [Times: user=0.01 sys=0.00, real=0.00 secs] 
2020-10-27T22:13:46.202-0800: 39.530: [GC (Allocation Failure) 2020-10-27T22:13:46.202-0800: 39.530: [DefNew: 139863K->78K(157248K), 0.0024351 secs] 163476K->23691K(506816K), 0.0025295 secs] [Times: user=0.01 sys=0.00, real=0.00 secs] 
2020-10-27T22:13:46.335-0800: 39.664: [GC (Allocation Failure) 2020-10-27T22:13:46.335-0800: 39.664: [DefNew: 139854K->78K(157248K), 0.0021874 secs] 163467K->23691K(506816K), 0.0024149 secs] [Times: user=0.00 sys=0.00, real=0.00 secs] 
2020-10-27T22:13:46.462-0800: 39.790: [GC (Allocation Failure) 2020-10-27T22:13:46.462-0800: 39.790: [DefNew: 139854K->93K(157248K), 0.0023027 secs] 163467K->23705K(506816K), 0.0024112 secs] [Times: user=0.00 sys=0.00, real=0.00 secs] 
2020-10-27T22:13:46.572-0800: 39.900: [GC (Allocation Failure) 2020-10-27T22:13:46.572-0800: 39.900: [DefNew: 139869K->91K(157248K), 0.0023605 secs] 163481K->23703K(506816K), 0.0024622 secs] [Times: user=0.01 sys=0.00, real=0.00 secs] 
2020-10-27T22:13:46.717-0800: 40.046: [GC (Allocation Failure) 2020-10-27T22:13:46.717-0800: 40.046: [DefNew: 139867K->108K(157248K), 0.0022079 secs] 163479K->23721K(506816K), 0.0022916 secs] [Times: user=0.00 sys=0.00, real=0.01 secs] 
2020-10-27T22:13:46.837-0800: 40.165: [GC (Allocation Failure) 2020-10-27T22:13:46.837-0800: 40.165: [DefNew: 139884K->76K(157248K), 0.0025143 secs] 163497K->23689K(506816K), 0.0026841 secs] [Times: user=0.00 sys=0.00, real=0.01 secs] 
2020-10-27T22:13:46.978-0800: 40.306: [GC (Allocation Failure) 2020-10-27T22:13:46.978-0800: 40.306: [DefNew: 139852K->87K(157248K), 0.0023066 secs] 163465K->23710K(506816K), 0.0023823 secs] [Times: user=0.00 sys=0.00, real=0.01 secs] 
2020-10-27T22:13:47.103-0800: 40.432: [GC (Allocation Failure) 2020-10-27T22:13:47.103-0800: 40.432: [DefNew: 139863K->87K(157248K), 0.0023170 secs] 163486K->23711K(506816K), 0.0023974 secs] [Times: user=0.00 sys=0.00, real=0.00 secs] 
2020-10-27T22:13:47.225-0800: 40.553: [GC (Allocation Failure) 2020-10-27T22:13:47.225-0800: 40.553: [DefNew: 139863K->81K(157248K), 0.0022947 secs] 163487K->23705K(506816K), 0.0023701 secs] [Times: user=0.00 sys=0.00, real=0.00 secs] 
2020-10-27T22:13:47.335-0800: 40.664: [GC (Allocation Failure) 2020-10-27T22:13:47.335-0800: 40.664: [DefNew: 139857K->63K(157248K), 0.0026207 secs] 163481K->23691K(506816K), 0.0027130 secs] [Times: user=0.01 sys=0.00, real=0.00 secs] 
2020-10-27T22:13:47.470-0800: 40.798: [GC (Allocation Failure) 2020-10-27T22:13:47.470-0800: 40.798: [DefNew: 139839K->70K(157248K), 0.0022808 secs] 163467K->23698K(506816K), 0.0023494 secs] [Times: user=0.00 sys=0.00, real=0.00 secs] 
2020-10-27T22:13:47.596-0800: 40.924: [GC (Allocation Failure) 2020-10-27T22:13:47.596-0800: 40.924: [DefNew: 139846K->61K(157248K), 0.0023180 secs] 163474K->23689K(506816K), 0.0024175 secs] [Times: user=0.01 sys=0.00, real=0.00 secs] 
2020-10-27T22:13:47.720-0800: 41.048: [GC (Allocation Failure) 2020-10-27T22:13:47.720-0800: 41.048: [DefNew: 139837K->94K(157248K), 0.0024283 secs] 163465K->23723K(506816K), 0.0025134 secs] [Times: user=0.01 sys=0.00, real=0.00 secs] 
2020-10-27T22:13:47.833-0800: 41.162: [GC (Allocation Failure) 2020-10-27T22:13:47.833-0800: 41.162: [DefNew: 139870K->62K(157248K), 0.0021963 secs] 163499K->23691K(506816K), 0.0022707 secs] [Times: user=0.01 sys=0.00, real=0.00 secs] 
2020-10-27T22:13:47.939-0800: 41.267: [GC (Allocation Failure) 2020-10-27T22:13:47.939-0800: 41.267: [DefNew: 139838K->74K(157248K), 0.0022471 secs] 163467K->23704K(506816K), 0.0023370 secs] [Times: user=0.00 sys=0.00, real=0.01 secs] 
2020-10-27T22:13:48.064-0800: 41.392: [GC (Allocation Failure) 2020-10-27T22:13:48.064-0800: 41.392: [DefNew: 139850K->71K(157248K), 0.0023420 secs] 163480K->23701K(506816K), 0.0024252 secs] [Times: user=0.00 sys=0.00, real=0.00 secs] 
2020-10-27T22:13:48.191-0800: 41.520: [GC (Allocation Failure) 2020-10-27T22:13:48.191-0800: 41.520: [DefNew: 139847K->72K(157248K), 0.0021940 secs] 163477K->23701K(506816K), 0.0022689 secs] [Times: user=0.01 sys=0.00, real=0.00 secs] 
2020-10-27T22:13:48.298-0800: 41.626: [GC (Allocation Failure) 2020-10-27T22:13:48.298-0800: 41.626: [DefNew: 139848K->86K(157248K), 0.0023370 secs] 163477K->23715K(506816K), 0.0024080 secs] [Times: user=0.00 sys=0.00, real=0.01 secs] 
2020-10-27T22:13:48.422-0800: 41.750: [GC (Allocation Failure) 2020-10-27T22:13:48.422-0800: 41.750: [DefNew: 139862K->81K(157248K), 0.0021826 secs] 163491K->23710K(506816K), 0.0022616 secs] [Times: user=0.01 sys=0.00, real=0.00 secs] 
2020-10-27T22:13:48.548-0800: 41.876: [GC (Allocation Failure) 2020-10-27T22:13:48.548-0800: 41.877: [DefNew: 139857K->78K(157248K), 0.0020718 secs] 163486K->23707K(506816K), 0.0021425 secs] [Times: user=0.00 sys=0.00, real=0.01 secs] 
2020-10-27T22:13:48.672-0800: 42.000: [GC (Allocation Failure) 2020-10-27T22:13:48.672-0800: 42.000: [DefNew: 139854K->74K(157248K), 0.0021607 secs] 163483K->23703K(506816K), 0.0022399 secs] [Times: user=0.00 sys=0.00, real=0.00 secs] 
2020-10-27T22:13:48.776-0800: 42.104: [GC (Allocation Failure) 2020-10-27T22:13:48.776-0800: 42.104: [DefNew: 139850K->80K(157248K), 0.0022222 secs] 163479K->23710K(506816K), 0.0022911 secs] [Times: user=0.00 sys=0.00, real=0.00 secs] 
2020-10-27T22:13:48.895-0800: 42.223: [GC (Allocation Failure) 2020-10-27T22:13:48.895-0800: 42.223: [DefNew: 139855K->71K(157248K), 0.0021840 secs] 163485K->23701K(506816K), 0.0022731 secs] [Times: user=0.01 sys=0.00, real=0.00 secs] 
2020-10-27T22:13:49.017-0800: 42.345: [GC (Allocation Failure) 2020-10-27T22:13:49.017-0800: 42.345: [DefNew: 139847K->88K(157248K), 0.0021567 secs] 163477K->23718K(506816K), 0.0022519 secs] [Times: user=0.00 sys=0.00, real=0.00 secs] 
2020-10-27T22:13:49.138-0800: 42.467: [GC (Allocation Failure) 2020-10-27T22:13:49.138-0800: 42.467: [DefNew: 139860K->87K(157248K), 0.0021691 secs] 163490K->23717K(506816K), 0.0022420 secs] [Times: user=0.01 sys=0.00, real=0.01 secs] 
2020-10-27T22:13:49.260-0800: 42.589: [GC (Allocation Failure) 2020-10-27T22:13:49.261-0800: 42.589: [DefNew: 139863K->67K(157248K), 0.0021810 secs] 163493K->23697K(506816K), 0.0022595 secs] [Times: user=0.00 sys=0.00, real=0.00 secs] 
2020-10-27T22:13:49.390-0800: 42.718: [GC (Allocation Failure) 2020-10-27T22:13:49.390-0800: 42.719: [DefNew: 139843K->64K(157248K), 0.0022249 secs] 163473K->23695K(506816K), 0.0022970 secs] [Times: user=0.00 sys=0.00, real=0.00 secs] 
2020-10-27T22:13:49.522-0800: 42.851: [GC (Allocation Failure) 2020-10-27T22:13:49.522-0800: 42.851: [DefNew: 139840K->90K(157248K), 0.0023404 secs] 163471K->23722K(506816K), 0.0024215 secs] [Times: user=0.01 sys=0.00, real=0.00 secs] 
2020-10-27T22:13:49.648-0800: 42.977: [GC (Allocation Failure) 2020-10-27T22:13:49.648-0800: 42.977: [DefNew: 139866K->83K(157248K), 0.0023500 secs] 163498K->23715K(506816K), 0.0024535 secs] [Times: user=0.01 sys=0.00, real=0.01 secs] 
2020-10-27T22:13:49.756-0800: 43.084: [GC (Allocation Failure) 2020-10-27T22:13:49.756-0800: 43.084: [DefNew: 139859K->89K(157248K), 0.0024542 secs] 163491K->23721K(506816K), 0.0025360 secs] [Times: user=0.00 sys=0.00, real=0.00 secs] 
2020-10-27T22:13:49.874-0800: 43.202: [GC (Allocation Failure) 2020-10-27T22:13:49.874-0800: 43.202: [DefNew: 139865K->104K(157248K), 0.0026809 secs] 163497K->23736K(506816K), 0.0027873 secs] [Times: user=0.01 sys=0.00, real=0.00 secs] 
2020-10-27T22:13:49.993-0800: 43.321: [GC (Allocation Failure) 2020-10-27T22:13:49.993-0800: 43.321: [DefNew: 139880K->85K(157248K), 0.0022367 secs] 163512K->23717K(506816K), 0.0023131 secs] [Times: user=0.00 sys=0.00, real=0.00 secs] 
2020-10-27T22:13:50.114-0800: 43.443: [GC (Allocation Failure) 2020-10-27T22:13:50.114-0800: 43.443: [DefNew: 139861K->114K(157248K), 0.0031709 secs] 163493K->23745K(506816K), 0.0032829 secs] [Times: user=0.00 sys=0.00, real=0.00 secs] 
2020-10-27T22:13:50.239-0800: 43.567: [GC (Allocation Failure) 2020-10-27T22:13:50.239-0800: 43.567: [DefNew: 139890K->96K(157248K), 0.0022115 secs] 163521K->23728K(506816K), 0.0022898 secs] [Times: user=0.01 sys=0.00, real=0.01 secs] 
2020-10-27T22:13:50.352-0800: 43.680: [GC (Allocation Failure) 2020-10-27T22:13:50.352-0800: 43.680: [DefNew: 139872K->86K(157248K), 0.0030213 secs] 163504K->23718K(506816K), 0.0031201 secs] [Times: user=0.01 sys=0.00, real=0.00 secs] 
2020-10-27T22:13:50.466-0800: 43.794: [GC (Allocation Failure) 2020-10-27T22:13:50.466-0800: 43.794: [DefNew: 139862K->91K(157248K), 0.0027325 secs] 163494K->23724K(506816K), 0.0028352 secs] [Times: user=0.01 sys=0.00, real=0.00 secs] 
2020-10-27T22:13:50.584-0800: 43.912: [GC (Allocation Failure) 2020-10-27T22:13:50.584-0800: 43.912: [DefNew: 139867K->82K(157248K), 0.0022654 secs] 163500K->23714K(506816K), 0.0023402 secs] [Times: user=0.01 sys=0.00, real=0.00 secs] 
2020-10-27T22:13:50.695-0800: 44.024: [GC (Allocation Failure) 2020-10-27T22:13:50.695-0800: 44.024: [DefNew: 139858K->84K(157248K), 0.0022599 secs] 163490K->23716K(506816K), 0.0023434 secs] [Times: user=0.01 sys=0.00, real=0.00 secs] 
2020-10-27T22:13:50.790-0800: 44.119: [GC (Allocation Failure) 2020-10-27T22:13:50.790-0800: 44.119: [DefNew: 139858K->100K(157248K), 0.0023326 secs] 163491K->23732K(506816K), 0.0024075 secs] [Times: user=0.01 sys=0.00, real=0.00 secs] 
2020-10-27T22:13:50.880-0800: 44.208: [GC (Allocation Failure) 2020-10-27T22:13:50.880-0800: 44.208: [DefNew: 139876K->93K(157248K), 0.0023058 secs] 163508K->23726K(506816K), 0.0023842 secs] [Times: user=0.00 sys=0.00, real=0.00 secs] 
2020-10-27T22:13:50.970-0800: 44.299: [GC (Allocation Failure) 2020-10-27T22:13:50.970-0800: 44.299: [DefNew: 139869K->96K(157248K), 0.0023333 secs] 163502K->23728K(506816K), 0.0024058 secs] [Times: user=0.01 sys=0.00, real=0.00 secs] 
2020-10-27T22:13:51.059-0800: 44.387: [GC (Allocation Failure) 2020-10-27T22:13:51.059-0800: 44.387: [DefNew: 139872K->111K(157248K), 0.0022398 secs] 163504K->23751K(506816K), 0.0023063 secs] [Times: user=0.00 sys=0.00, real=0.01 secs] 
2020-10-27T22:13:51.151-0800: 44.480: [GC (Allocation Failure) 2020-10-27T22:13:51.151-0800: 44.480: [DefNew: 139887K->70K(157248K), 0.0021565 secs] 163527K->23715K(506816K), 0.0022242 secs] [Times: user=0.00 sys=0.00, real=0.00 secs] 
2020-10-27T22:13:51.238-0800: 44.567: [GC (Allocation Failure) 2020-10-27T22:13:51.238-0800: 44.567: [DefNew: 139846K->94K(157248K), 0.0024543 secs] 163491K->23739K(506816K), 0.0025286 secs] [Times: user=0.00 sys=0.00, real=0.01 secs] 
2020-10-27T22:13:51.327-0800: 44.656: [GC (Allocation Failure) 2020-10-27T22:13:51.327-0800: 44.656: [DefNew: 139870K->66K(157248K), 0.0021312 secs] 163515K->23712K(506816K), 0.0021967 secs] [Times: user=0.01 sys=0.00, real=0.00 secs] 
2020-10-27T22:13:51.422-0800: 44.750: [GC (Allocation Failure) 2020-10-27T22:13:51.422-0800: 44.750: [DefNew: 139842K->97K(157248K), 0.0022293 secs] 163488K->23747K(506816K), 0.0022987 secs] [Times: user=0.00 sys=0.00, real=0.00 secs] 
2020-10-27T22:13:51.521-0800: 44.850: [GC (Allocation Failure) 2020-10-27T22:13:51.521-0800: 44.850: [DefNew: 139873K->63K(157248K), 0.0022450 secs] 163523K->23715K(506816K), 0.0023184 secs] [Times: user=0.00 sys=0.00, real=0.00 secs] 
2020-10-27T22:13:51.614-0800: 44.942: [GC (Allocation Failure) 2020-10-27T22:13:51.614-0800: 44.942: [DefNew: 139839K->92K(157248K), 0.0022001 secs] 163491K->23749K(506816K), 0.0022660 secs] [Times: user=0.00 sys=0.00, real=0.00 secs] 
2020-10-27T22:13:51.704-0800: 45.033: [GC (Allocation Failure) 2020-10-27T22:13:51.704-0800: 45.033: [DefNew: 139868K->94K(157248K), 0.0021834 secs] 163525K->23751K(506816K), 0.0022574 secs] [Times: user=0.01 sys=0.00, real=0.00 secs] 
2020-10-27T22:13:51.795-0800: 45.123: [GC (Allocation Failure) 2020-10-27T22:13:51.795-0800: 45.123: [DefNew: 139870K->68K(157248K), 0.0021540 secs] 163527K->23725K(506816K), 0.0022216 secs] [Times: user=0.00 sys=0.00, real=0.00 secs] 
2020-10-27T22:13:51.891-0800: 45.220: [GC (Allocation Failure) 2020-10-27T22:13:51.891-0800: 45.220: [DefNew: 139844K->87K(157248K), 0.0022083 secs] 163501K->23744K(506816K), 0.0022764 secs] [Times: user=0.01 sys=0.00, real=0.00 secs] 
2020-10-27T22:13:51.985-0800: 45.314: [GC (Allocation Failure) 2020-10-27T22:13:51.986-0800: 45.314: [DefNew: 139863K->89K(157248K), 0.0022996 secs] 163520K->23746K(506816K), 0.0023739 secs] [Times: user=0.01 sys=0.00, real=0.00 secs] 
2020-10-27T22:13:52.081-0800: 45.410: [GC (Allocation Failure) 2020-10-27T22:13:52.081-0800: 45.410: [DefNew: 139865K->69K(157248K), 0.0022230 secs] 163522K->23726K(506816K), 0.0023111 secs] [Times: user=0.00 sys=0.00, real=0.00 secs] 
2020-10-27T22:13:52.176-0800: 45.504: [GC (Allocation Failure) 2020-10-27T22:13:52.176-0800: 45.504: [DefNew: 139845K->92K(157248K), 0.0024173 secs] 163502K->23749K(506816K), 0.0024927 secs] [Times: user=0.00 sys=0.00, real=0.00 secs] 
2020-10-27T22:13:52.266-0800: 45.595: [GC (Allocation Failure) 2020-10-27T22:13:52.266-0800: 45.595: [DefNew: 139868K->73K(157248K), 0.0022412 secs] 163525K->23731K(506816K), 0.0023100 secs] [Times: user=0.00 sys=0.00, real=0.00 secs] 
2020-10-27T22:13:52.357-0800: 45.685: [GC (Allocation Failure) 2020-10-27T22:13:52.357-0800: 45.685: [DefNew: 139849K->68K(157248K), 0.0022445 secs] 163507K->23726K(506816K), 0.0023208 secs] [Times: user=0.01 sys=0.00, real=0.00 secs] 
2020-10-27T22:13:52.451-0800: 45.779: [GC (Allocation Failure) 2020-10-27T22:13:52.451-0800: 45.779: [DefNew: 139844K->79K(157248K), 0.0022594 secs] 163502K->23737K(506816K), 0.0023314 secs] [Times: user=0.00 sys=0.00, real=0.00 secs] 
2020-10-27T22:13:52.540-0800: 45.869: [GC (Allocation Failure) 2020-10-27T22:13:52.541-0800: 45.869: [DefNew: 139855K->69K(157248K), 0.0023873 secs] 163513K->23727K(506816K), 0.0025286 secs] [Times: user=0.00 sys=0.00, real=0.00 secs] 
2020-10-27T22:13:52.633-0800: 45.961: [GC (Allocation Failure) 2020-10-27T22:13:52.633-0800: 45.961: [DefNew: 139845K->74K(157248K), 0.0021818 secs] 163503K->23732K(506816K), 0.0022459 secs] [Times: user=0.00 sys=0.00, real=0.00 secs] 
2020-10-27T22:13:52.723-0800: 46.051: [GC (Allocation Failure) 2020-10-27T22:13:52.723-0800: 46.051: [DefNew: 139850K->64K(157248K), 0.0021519 secs] 163508K->23722K(506816K), 0.0022237 secs] [Times: user=0.00 sys=0.00, real=0.00 secs] 
2020-10-27T22:13:52.812-0800: 46.141: [GC (Allocation Failure) 2020-10-27T22:13:52.812-0800: 46.141: [DefNew: 139840K->84K(157248K), 0.0023466 secs] 163498K->23748K(506816K), 0.0024344 secs] [Times: user=0.00 sys=0.00, real=0.00 secs] 
2020-10-27T22:13:52.904-0800: 46.232: [GC (Allocation Failure) 2020-10-27T22:13:52.904-0800: 46.232: [DefNew: 139860K->84K(157248K), 0.0022990 secs] 163524K->23747K(506816K), 0.0023815 secs] [Times: user=0.00 sys=0.00, real=0.00 secs] 
2020-10-27T22:13:52.994-0800: 46.322: [GC (Allocation Failure) 2020-10-27T22:13:52.994-0800: 46.322: [DefNew: 139860K->59K(157248K), 0.0021581 secs] 163523K->23723K(506816K), 0.0022241 secs] [Times: user=0.00 sys=0.00, real=0.00 secs] 
2020-10-27T22:13:53.086-0800: 46.414: [GC (Allocation Failure) 2020-10-27T22:13:53.086-0800: 46.414: [DefNew: 139835K->59K(157248K), 0.0021611 secs] 163499K->23723K(506816K), 0.0022309 secs] [Times: user=0.01 sys=0.00, real=0.00 secs] 
2020-10-27T22:13:53.179-0800: 46.508: [GC (Allocation Failure) 2020-10-27T22:13:53.179-0800: 46.508: [DefNew: 139835K->83K(157248K), 0.0023249 secs] 163499K->23746K(506816K), 0.0024025 secs] [Times: user=0.00 sys=0.00, real=0.01 secs] 
2020-10-27T22:13:53.271-0800: 46.600: [GC (Allocation Failure) 2020-10-27T22:13:53.271-0800: 46.600: [DefNew: 139859K->66K(157248K), 0.0020081 secs] 163522K->23729K(506816K), 0.0020750 secs] [Times: user=0.00 sys=0.00, real=0.00 secs] 
2020-10-27T22:13:53.361-0800: 46.689: [GC (Allocation Failure) 2020-10-27T22:13:53.361-0800: 46.689: [DefNew: 139842K->69K(157248K), 0.0021395 secs] 163505K->23732K(506816K), 0.0022126 secs] [Times: user=0.00 sys=0.00, real=0.00 secs] 
2020-10-27T22:13:53.452-0800: 46.780: [GC (Allocation Failure) 2020-10-27T22:13:53.452-0800: 46.780: [DefNew: 139845K->97K(157248K), 0.0022055 secs] 163508K->23761K(506816K), 0.0022798 secs] [Times: user=0.00 sys=0.00, real=0.00 secs] 
2020-10-27T22:13:53.546-0800: 46.875: [GC (Allocation Failure) 2020-10-27T22:13:53.546-0800: 46.875: [DefNew: 139873K->80K(157248K), 0.0021272 secs] 163537K->23744K(506816K), 0.0022000 secs] [Times: user=0.00 sys=0.00, real=0.00 secs] 
2020-10-27T22:13:53.638-0800: 46.966: [GC (Allocation Failure) 2020-10-27T22:13:53.638-0800: 46.966: [DefNew: 139856K->65K(157248K), 0.0020938 secs] 163520K->23728K(506816K), 0.0021679 secs] [Times: user=0.00 sys=0.00, real=0.01 secs] 
2020-10-27T22:13:53.727-0800: 47.056: [GC (Allocation Failure) 2020-10-27T22:13:53.727-0800: 47.056: [DefNew: 139841K->93K(157248K), 0.0020041 secs] 163504K->23756K(506816K), 0.0020704 secs] [Times: user=0.00 sys=0.00, real=0.00 secs] 
2020-10-27T22:13:53.817-0800: 47.146: [GC (Allocation Failure) 2020-10-27T22:13:53.817-0800: 47.146: [DefNew: 139869K->83K(157248K), 0.0021689 secs] 163532K->23746K(506816K), 0.0022409 secs] [Times: user=0.00 sys=0.00, real=0.01 secs] 
2020-10-27T22:13:53.918-0800: 47.246: [GC (Allocation Failure) 2020-10-27T22:13:53.918-0800: 47.246: [DefNew: 139859K->57K(157248K), 0.0019088 secs] 163522K->23721K(506816K), 0.0019744 secs] [Times: user=0.00 sys=0.00, real=0.01 secs] 
2020-10-27T22:13:54.010-0800: 47.338: [GC (Allocation Failure) 2020-10-27T22:13:54.010-0800: 47.338: [DefNew: 139833K->56K(157248K), 0.0019392 secs] 163497K->23719K(506816K), 0.0020126 secs] [Times: user=0.00 sys=0.00, real=0.00 secs] 
2020-10-27T22:13:54.103-0800: 47.431: [GC (Allocation Failure) 2020-10-27T22:13:54.103-0800: 47.431: [DefNew: 139832K->73K(157248K), 0.0020399 secs] 163495K->23736K(506816K), 0.0021207 secs] [Times: user=0.01 sys=0.00, real=0.00 secs] 
2020-10-27T22:13:54.198-0800: 47.526: [GC (Allocation Failure) 2020-10-27T22:13:54.198-0800: 47.526: [DefNew: 139844K->55K(157248K), 0.0019405 secs] 163507K->23718K(506816K), 0.0020325 secs] [Times: user=0.01 sys=0.00, real=0.01 secs] 
2020-10-27T22:13:54.289-0800: 47.617: [GC (Allocation Failure) 2020-10-27T22:13:54.289-0800: 47.617: [DefNew: 139831K->71K(157248K), 0.0020088 secs] 163494K->23734K(506816K), 0.0020841 secs] [Times: user=0.00 sys=0.00, real=0.01 secs] 
2020-10-27T22:13:54.380-0800: 47.708: [GC (Allocation Failure) 2020-10-27T22:13:54.380-0800: 47.708: [DefNew: 139847K->64K(157248K), 0.0020156 secs] 163510K->23727K(506816K), 0.0020901 secs] [Times: user=0.00 sys=0.00, real=0.00 secs] 
2020-10-27T22:13:54.472-0800: 47.800: [GC (Allocation Failure) 2020-10-27T22:13:54.472-0800: 47.800: [DefNew: 139840K->61K(157248K), 0.0019985 secs] 163503K->23725K(506816K), 0.0020646 secs] [Times: user=0.00 sys=0.00, real=0.00 secs] 
2020-10-27T22:13:54.562-0800: 47.891: [GC (Allocation Failure) 2020-10-27T22:13:54.562-0800: 47.891: [DefNew: 139837K->61K(157248K), 0.0019534 secs] 163501K->23726K(506816K), 0.0020198 secs] [Times: user=0.00 sys=0.00, real=0.00 secs] 
2020-10-27T22:13:54.654-0800: 47.982: [GC (Allocation Failure) 2020-10-27T22:13:54.654-0800: 47.982: [DefNew: 139837K->67K(157248K), 0.0019947 secs] 163502K->23732K(506816K), 0.0020645 secs] [Times: user=0.00 sys=0.00, real=0.00 secs] 
2020-10-27T22:13:54.743-0800: 48.072: [GC (Allocation Failure) 2020-10-27T22:13:54.743-0800: 48.072: [DefNew: 139843K->71K(157248K), 0.0021669 secs] 163508K->23735K(506816K), 0.0022399 secs] [Times: user=0.01 sys=0.00, real=0.00 secs] 
2020-10-27T22:13:54.834-0800: 48.162: [GC (Allocation Failure) 2020-10-27T22:13:54.834-0800: 48.162: [DefNew: 139847K->63K(157248K), 0.0020985 secs] 163511K->23727K(506816K), 0.0021701 secs] [Times: user=0.00 sys=0.00, real=0.00 secs] 
2020-10-27T22:13:54.927-0800: 48.255: [GC (Allocation Failure) 2020-10-27T22:13:54.927-0800: 48.255: [DefNew: 139839K->75K(157248K), 0.0019540 secs] 163503K->23739K(506816K), 0.0020206 secs] [Times: user=0.01 sys=0.00, real=0.00 secs] 
2020-10-27T22:13:55.019-0800: 48.347: [GC (Allocation Failure) 2020-10-27T22:13:55.019-0800: 48.347: [DefNew: 139851K->97K(157248K), 0.0022275 secs] 163515K->23762K(506816K), 0.0023044 secs] [Times: user=0.00 sys=0.00, real=0.01 secs] 
2020-10-27T22:13:55.108-0800: 48.436: [GC (Allocation Failure) 2020-10-27T22:13:55.108-0800: 48.436: [DefNew: 139873K->77K(157248K), 0.0020309 secs] 163538K->23742K(506816K), 0.0020991 secs] [Times: user=0.00 sys=0.00, real=0.01 secs] 
2020-10-27T22:13:55.201-0800: 48.529: [GC (Allocation Failure) 2020-10-27T22:13:55.201-0800: 48.529: [DefNew: 139853K->63K(157248K), 0.0022897 secs] 163518K->23728K(506816K), 0.0023693 secs] [Times: user=0.00 sys=0.00, real=0.00 secs] 
2020-10-27T22:13:55.291-0800: 48.619: [GC (Allocation Failure) 2020-10-27T22:13:55.291-0800: 48.619: [DefNew: 139839K->81K(157248K), 0.0021103 secs] 163504K->23745K(506816K), 0.0021820 secs] [Times: user=0.00 sys=0.01, real=0.00 secs] 
2020-10-27T22:13:55.381-0800: 48.709: [GC (Allocation Failure) 2020-10-27T22:13:55.381-0800: 48.709: [DefNew: 139857K->86K(157248K), 0.0020123 secs] 163521K->23750K(506816K), 0.0020781 secs] [Times: user=0.01 sys=0.00, real=0.00 secs] 
2020-10-27T22:13:55.477-0800: 48.805: [GC (Allocation Failure) 2020-10-27T22:13:55.477-0800: 48.805: [DefNew: 139862K->73K(157248K), 0.0020463 secs] 163526K->23738K(506816K), 0.0021278 secs] [Times: user=0.00 sys=0.00, real=0.00 secs] 
2020-10-27T22:13:55.568-0800: 48.897: [GC (Allocation Failure) 2020-10-27T22:13:55.568-0800: 48.897: [DefNew: 139849K->57K(157248K), 0.0020194 secs] 163514K->23721K(506816K), 0.0020962 secs] [Times: user=0.00 sys=0.00, real=0.01 secs] 
2020-10-27T22:13:55.662-0800: 48.991: [GC (Allocation Failure) 2020-10-27T22:13:55.662-0800: 48.991: [DefNew: 139833K->81K(157248K), 0.0020867 secs] 163497K->23746K(506816K), 0.0021576 secs] [Times: user=0.00 sys=0.00, real=0.00 secs] 
2020-10-27T22:13:55.754-0800: 49.082: [GC (Allocation Failure) 2020-10-27T22:13:55.754-0800: 49.082: [DefNew: 139857K->61K(157248K), 0.0020785 secs] 163522K->23726K(506816K), 0.0021732 secs] [Times: user=0.00 sys=0.00, real=0.00 secs] 
2020-10-27T22:13:55.845-0800: 49.173: [GC (Allocation Failure) 2020-10-27T22:13:55.845-0800: 49.173: [DefNew: 139837K->72K(157248K), 0.0021293 secs] 163502K->23736K(506816K), 0.0022072 secs] [Times: user=0.00 sys=0.00, real=0.00 secs] 
2020-10-27T22:13:55.938-0800: 49.266: [GC (Allocation Failure) 2020-10-27T22:13:55.938-0800: 49.266: [DefNew: 139848K->52K(157248K), 0.0018966 secs] 163512K->23717K(506816K), 0.0019636 secs] [Times: user=0.00 sys=0.00, real=0.01 secs] 
2020-10-27T22:13:56.031-0800: 49.359: [GC (Allocation Failure) 2020-10-27T22:13:56.031-0800: 49.360: [DefNew: 139828K->56K(157248K), 0.0019614 secs] 163493K->23721K(506816K), 0.0020368 secs] [Times: user=0.00 sys=0.00, real=0.00 secs] 
2020-10-27T22:13:56.124-0800: 49.452: [GC (Allocation Failure) 2020-10-27T22:13:56.124-0800: 49.452: [DefNew: 139832K->70K(157248K), 0.0022595 secs] 163497K->23735K(506816K), 0.0023364 secs] [Times: user=0.00 sys=0.00, real=0.00 secs] 
2020-10-27T22:13:56.219-0800: 49.548: [GC (Allocation Failure) 2020-10-27T22:13:56.219-0800: 49.548: [DefNew: 139846K->74K(157248K), 0.0020905 secs] 163511K->23738K(506816K), 0.0021638 secs] [Times: user=0.01 sys=0.00, real=0.01 secs] 
2020-10-27T22:13:56.310-0800: 49.638: [GC (Allocation Failure) 2020-10-27T22:13:56.310-0800: 49.638: [DefNew: 139850K->55K(157248K), 0.0020571 secs] 163514K->23721K(506816K), 0.0021340 secs] [Times: user=0.01 sys=0.00, real=0.00 secs] 
2020-10-27T22:13:56.402-0800: 49.731: [GC (Allocation Failure) 2020-10-27T22:13:56.403-0800: 49.731: [DefNew: 139831K->66K(157248K), 0.0021238 secs] 163497K->23732K(506816K), 0.0021987 secs] [Times: user=0.00 sys=0.00, real=0.00 secs] 
2020-10-27T22:13:56.495-0800: 49.823: [GC (Allocation Failure) 2020-10-27T22:13:56.495-0800: 49.823: [DefNew: 139842K->59K(157248K), 0.0022553 secs] 163508K->23725K(506816K), 0.0023309 secs] [Times: user=0.00 sys=0.00, real=0.00 secs] 
2020-10-27T22:13:56.585-0800: 49.913: [GC (Allocation Failure) 2020-10-27T22:13:56.585-0800: 49.913: [DefNew: 139835K->96K(157248K), 0.0020019 secs] 163501K->23761K(506816K), 0.0020660 secs] [Times: user=0.00 sys=0.00, real=0.00 secs] 
2020-10-27T22:13:56.677-0800: 50.005: [GC (Allocation Failure) 2020-10-27T22:13:56.677-0800: 50.005: [DefNew: 139872K->78K(157248K), 0.0021897 secs] 163537K->23743K(506816K), 0.0022657 secs] [Times: user=0.00 sys=0.00, real=0.00 secs] 
2020-10-27T22:13:56.769-0800: 50.097: [GC (Allocation Failure) 2020-10-27T22:13:56.769-0800: 50.097: [DefNew: 139854K->61K(157248K), 0.0021129 secs] 163519K->23727K(506816K), 0.0021843 secs] [Times: user=0.00 sys=0.00, real=0.01 secs] 
2020-10-27T22:13:56.863-0800: 50.192: [GC (Allocation Failure) 2020-10-27T22:13:56.863-0800: 50.192: [DefNew: 139837K->57K(157248K), 0.0020202 secs] 163503K->23722K(506816K), 0.0021006 secs] [Times: user=0.00 sys=0.00, real=0.00 secs] 
2020-10-27T22:13:56.962-0800: 50.290: [GC (Allocation Failure) 2020-10-27T22:13:56.962-0800: 50.290: [DefNew: 139833K->48K(157248K), 0.0018353 secs] 163498K->23713K(506816K), 0.0019220 secs] [Times: user=0.01 sys=0.00, real=0.00 secs] 
2020-10-27T22:13:57.054-0800: 50.382: [GC (Allocation Failure) 2020-10-27T22:13:57.054-0800: 50.382: [DefNew: 139824K->87K(157248K), 0.0020269 secs] 163489K->23752K(506816K), 0.0020985 secs] [Times: user=0.00 sys=0.00, real=0.00 secs] 
2020-10-27T22:13:57.147-0800: 50.475: [GC (Allocation Failure) 2020-10-27T22:13:57.147-0800: 50.475: [DefNew: 139863K->76K(157248K), 0.0020768 secs] 163528K->23742K(506816K), 0.0021519 secs] [Times: user=0.00 sys=0.00, real=0.00 secs] 
2020-10-27T22:13:57.240-0800: 50.568: [GC (Allocation Failure) 2020-10-27T22:13:57.240-0800: 50.568: [DefNew: 139852K->68K(157248K), 0.0020074 secs] 163518K->23733K(506816K), 0.0020746 secs] [Times: user=0.00 sys=0.00, real=0.00 secs] 
2020-10-27T22:13:57.333-0800: 50.661: [GC (Allocation Failure) 2020-10-27T22:13:57.333-0800: 50.661: [DefNew: 139844K->94K(157248K), 0.0020558 secs] 163509K->23760K(506816K), 0.0021275 secs] [Times: user=0.01 sys=0.00, real=0.00 secs] 
2020-10-27T22:13:57.425-0800: 50.754: [GC (Allocation Failure) 2020-10-27T22:13:57.425-0800: 50.754: [DefNew: 139870K->56K(157248K), 0.0020400 secs] 163536K->23722K(506816K), 0.0021150 secs] [Times: user=0.00 sys=0.00, real=0.00 secs] 
2020-10-27T22:13:57.518-0800: 50.846: [GC (Allocation Failure) 2020-10-27T22:13:57.518-0800: 50.846: [DefNew: 139832K->76K(157248K), 0.0021610 secs] 163498K->23743K(506816K), 0.0022433 secs] [Times: user=0.00 sys=0.00, real=0.01 secs] 
2020-10-27T22:13:57.610-0800: 50.938: [GC (Allocation Failure) 2020-10-27T22:13:57.610-0800: 50.938: [DefNew: 139852K->93K(157248K), 0.0021348 secs] 163519K->23760K(506816K), 0.0022112 secs] [Times: user=0.00 sys=0.00, real=0.00 secs] 
2020-10-27T22:13:57.704-0800: 51.032: [GC (Allocation Failure) 2020-10-27T22:13:57.704-0800: 51.032: [DefNew: 139869K->50K(157248K), 0.0019044 secs] 163536K->23716K(506816K), 0.0019815 secs] [Times: user=0.00 sys=0.00, real=0.00 secs] 
2020-10-27T22:13:57.794-0800: 51.122: [GC (Allocation Failure) 2020-10-27T22:13:57.794-0800: 51.122: [DefNew: 139826K->52K(157248K), 0.0022427 secs] 163492K->23718K(506816K), 0.0023254 secs] [Times: user=0.00 sys=0.00, real=0.00 secs] 
2020-10-27T22:13:57.885-0800: 51.213: [GC (Allocation Failure) 2020-10-27T22:13:57.885-0800: 51.213: [DefNew: 139828K->76K(157248K), 0.0019711 secs] 163494K->23742K(506816K), 0.0020369 secs] [Times: user=0.00 sys=0.00, real=0.00 secs] 
2020-10-27T22:13:57.978-0800: 51.306: [GC (Allocation Failure) 2020-10-27T22:13:57.978-0800: 51.306: [DefNew: 139852K->48K(157248K), 0.0017590 secs] 163518K->23714K(506816K), 0.0018274 secs] [Times: user=0.00 sys=0.00, real=0.01 secs] 
2020-10-27T22:13:58.071-0800: 51.399: [GC (Allocation Failure) 2020-10-27T22:13:58.071-0800: 51.399: [DefNew: 139824K->67K(157248K), 0.0021850 secs] 163490K->23733K(506816K), 0.0022594 secs] [Times: user=0.00 sys=0.00, real=0.00 secs] 
2020-10-27T22:13:58.164-0800: 51.492: [GC (Allocation Failure) 2020-10-27T22:13:58.164-0800: 51.492: [DefNew: 139843K->78K(157248K), 0.0020709 secs] 163509K->23744K(506816K), 0.0021400 secs] [Times: user=0.00 sys=0.00, real=0.00 secs] 
2020-10-27T22:13:58.257-0800: 51.585: [GC (Allocation Failure) 2020-10-27T22:13:58.257-0800: 51.585: [DefNew: 139854K->67K(157248K), 0.0020501 secs] 163520K->23734K(506816K), 0.0021297 secs] [Times: user=0.01 sys=0.00, real=0.00 secs] 
2020-10-27T22:13:58.349-0800: 51.677: [GC (Allocation Failure) 2020-10-27T22:13:58.349-0800: 51.677: [DefNew: 139843K->76K(157248K), 0.0021128 secs] 163510K->23743K(506816K), 0.0022255 secs] [Times: user=0.00 sys=0.00, real=0.01 secs] 
2020-10-27T22:13:58.462-0800: 51.791: [GC (Allocation Failure) 2020-10-27T22:13:58.462-0800: 51.791: [DefNew: 139852K->71K(157248K), 0.0021439 secs] 163519K->23738K(506816K), 0.0022125 secs] [Times: user=0.01 sys=0.00, real=0.00 secs] 
2020-10-27T22:13:58.556-0800: 51.885: [GC (Allocation Failure) 2020-10-27T22:13:58.556-0800: 51.885: [DefNew: 139847K->74K(157248K), 0.0021151 secs] 163514K->23741K(506816K), 0.0021856 secs] [Times: user=0.00 sys=0.00, real=0.00 secs] 
2020-10-27T22:13:58.651-0800: 51.979: [GC (Allocation Failure) 2020-10-27T22:13:58.651-0800: 51.979: [DefNew: 139850K->64K(157248K), 0.0022980 secs] 163517K->23731K(506816K), 0.0023813 secs] [Times: user=0.00 sys=0.00, real=0.00 secs] 
2020-10-27T22:13:58.742-0800: 52.070: [GC (Allocation Failure) 2020-10-27T22:13:58.742-0800: 52.070: [DefNew: 139840K->68K(157248K), 0.0020749 secs] 163507K->23735K(506816K), 0.0021519 secs] [Times: user=0.00 sys=0.00, real=0.00 secs] 
2020-10-27T22:13:58.834-0800: 52.162: [GC (Allocation Failure) 2020-10-27T22:13:58.834-0800: 52.162: [DefNew: 139844K->68K(157248K), 0.0023038 secs] 163511K->23735K(506816K), 0.0023853 secs] [Times: user=0.00 sys=0.00, real=0.00 secs] 
2020-10-27T22:13:58.929-0800: 52.257: [GC (Allocation Failure) 2020-10-27T22:13:58.929-0800: 52.257: [DefNew: 139844K->96K(157248K), 0.0020954 secs] 163511K->23763K(506816K), 0.0021728 secs] [Times: user=0.00 sys=0.00, real=0.01 secs] 
2020-10-27T22:13:59.022-0800: 52.350: [GC (Allocation Failure) 2020-10-27T22:13:59.022-0800: 52.350: [DefNew: 139872K->78K(157248K), 0.0021847 secs] 163539K->23745K(506816K), 0.0022779 secs] [Times: user=0.00 sys=0.00, real=0.00 secs] 
2020-10-27T22:13:59.115-0800: 52.444: [GC (Allocation Failure) 2020-10-27T22:13:59.115-0800: 52.444: [DefNew: 139854K->56K(157248K), 0.0020114 secs] 163521K->23722K(506816K), 0.0020935 secs] [Times: user=0.00 sys=0.00, real=0.00 secs] 
2020-10-27T22:13:59.209-0800: 52.537: [GC (Allocation Failure) 2020-10-27T22:13:59.209-0800: 52.537: [DefNew: 139832K->81K(157248K), 0.0022023 secs] 163498K->23748K(506816K), 0.0022833 secs] [Times: user=0.00 sys=0.00, real=0.01 secs] 
2020-10-27T22:13:59.302-0800: 52.631: [GC (Allocation Failure) 2020-10-27T22:13:59.302-0800: 52.631: [DefNew: 139857K->69K(157248K), 0.0021475 secs] 163524K->23736K(506816K), 0.0022244 secs] [Times: user=0.00 sys=0.00, real=0.00 secs] 
2020-10-27T22:13:59.521-0800: 52.849: [GC (Allocation Failure) 2020-10-27T22:13:59.521-0800: 52.849: [DefNew: 139845K->72K(157248K), 0.0022559 secs] 163512K->23739K(506816K), 0.0023283 secs] [Times: user=0.00 sys=0.00, real=0.00 secs] 
2020-10-27T22:13:59.613-0800: 52.941: [GC (Allocation Failure) 2020-10-27T22:13:59.613-0800: 52.941: [DefNew: 139848K->80K(157248K), 0.0022942 secs] 163515K->23747K(506816K), 0.0023842 secs] [Times: user=0.01 sys=0.00, real=0.00 secs] 
2020-10-27T22:13:59.711-0800: 53.039: [GC (Allocation Failure) 2020-10-27T22:13:59.711-0800: 53.039: [DefNew: 139856K->87K(157248K), 0.0020830 secs] 163523K->23754K(506816K), 0.0021508 secs] [Times: user=0.01 sys=0.00, real=0.00 secs] 
2020-10-27T22:13:59.803-0800: 53.131: [GC (Allocation Failure) 2020-10-27T22:13:59.803-0800: 53.131: [DefNew: 139863K->89K(157248K), 0.0024190 secs] 163530K->23756K(506816K), 0.0025000 secs] [Times: user=0.00 sys=0.00, real=0.00 secs] 
2020-10-27T22:13:59.896-0800: 53.224: [GC (Allocation Failure) 2020-10-27T22:13:59.896-0800: 53.224: [DefNew: 139865K->69K(157248K), 0.0021872 secs] 163532K->23736K(506816K), 0.0022628 secs] [Times: user=0.00 sys=0.00, real=0.00 secs] 
2020-10-27T22:13:59.990-0800: 53.318: [GC (Allocation Failure) 2020-10-27T22:13:59.990-0800: 53.318: [DefNew: 139845K->73K(157248K), 0.0023473 secs] 163512K->23741K(506816K), 0.0024255 secs] [Times: user=0.00 sys=0.00, real=0.00 secs] 
2020-10-27T22:14:00.086-0800: 53.414: [GC (Allocation Failure) 2020-10-27T22:14:00.086-0800: 53.414: [DefNew: 139849K->60K(157248K), 0.0020460 secs] 163517K->23728K(506816K), 0.0021162 secs] [Times: user=0.00 sys=0.00, real=0.00 secs] 
2020-10-27T22:14:00.180-0800: 53.508: [GC (Allocation Failure) 2020-10-27T22:14:00.180-0800: 53.508: [DefNew: 139836K->63K(157248K), 0.0020692 secs] 163504K->23732K(506816K), 0.0021358 secs] [Times: user=0.00 sys=0.00, real=0.00 secs] 
2020-10-27T22:14:00.274-0800: 53.602: [GC (Allocation Failure) 2020-10-27T22:14:00.274-0800: 53.602: [DefNew: 139839K->81K(157248K), 0.0020527 secs] 163508K->23749K(506816K), 0.0021305 secs] [Times: user=0.00 sys=0.00, real=0.00 secs] 
2020-10-27T22:14:00.370-0800: 53.698: [GC (Allocation Failure) 2020-10-27T22:14:00.370-0800: 53.698: [DefNew: 139857K->61K(157248K), 0.0020753 secs] 163525K->23730K(506816K), 0.0021878 secs] [Times: user=0.00 sys=0.00, real=0.00 secs] 
2020-10-27T22:14:00.465-0800: 53.793: [GC (Allocation Failure) 2020-10-27T22:14:00.465-0800: 53.793: [DefNew: 139837K->53K(157248K), 0.0021196 secs] 163506K->23721K(506816K), 0.0022044 secs] [Times: user=0.00 sys=0.00, real=0.00 secs] 
2020-10-27T22:14:00.560-0800: 53.889: [GC (Allocation Failure) 2020-10-27T22:14:00.560-0800: 53.889: [DefNew: 139829K->52K(157248K), 0.0020851 secs] 163497K->23720K(506816K), 0.0021611 secs] [Times: user=0.00 sys=0.00, real=0.00 secs] 
2020-10-27T22:14:00.653-0800: 53.981: [GC (Allocation Failure) 2020-10-27T22:14:00.653-0800: 53.982: [DefNew: 139828K->68K(157248K), 0.0020001 secs] 163496K->23736K(506816K), 0.0020669 secs] [Times: user=0.01 sys=0.00, real=0.00 secs] 
2020-10-27T22:14:00.746-0800: 54.074: [GC (Allocation Failure) 2020-10-27T22:14:00.746-0800: 54.074: [DefNew: 139844K->85K(157248K), 0.0023514 secs] 163512K->23753K(506816K), 0.0024430 secs] [Times: user=0.00 sys=0.00, real=0.00 secs] 
2020-10-27T22:14:00.841-0800: 54.169: [GC (Allocation Failure) 2020-10-27T22:14:00.841-0800: 54.169: [DefNew: 139861K->70K(157248K), 0.0021361 secs] 163529K->23738K(506816K), 0.0022114 secs] [Times: user=0.01 sys=0.00, real=0.00 secs] 
2020-10-27T22:14:00.940-0800: 54.269: [GC (Allocation Failure) 2020-10-27T22:14:00.940-0800: 54.269: [DefNew: 139846K->79K(157248K), 0.0021834 secs] 163514K->23747K(506816K), 0.0022635 secs] [Times: user=0.00 sys=0.00, real=0.00 secs] 
2020-10-27T22:14:01.037-0800: 54.366: [GC (Allocation Failure) 2020-10-27T22:14:01.037-0800: 54.366: [DefNew: 139855K->60K(157248K), 0.0020560 secs] 163523K->23728K(506816K), 0.0021237 secs] [Times: user=0.00 sys=0.00, real=0.00 secs] 
2020-10-27T22:14:01.141-0800: 54.469: [GC (Allocation Failure) 2020-10-27T22:14:01.141-0800: 54.469: [DefNew: 139836K->74K(157248K), 0.0021062 secs] 163504K->23742K(506816K), 0.0021837 secs] [Times: user=0.00 sys=0.00, real=0.00 secs] 
2020-10-27T22:14:01.237-0800: 54.565: [GC (Allocation Failure) 2020-10-27T22:14:01.237-0800: 54.565: [DefNew: 139850K->52K(157248K), 0.0020401 secs] 163518K->23720K(506816K), 0.0021160 secs] [Times: user=0.00 sys=0.00, real=0.00 secs] 
2020-10-27T22:14:01.330-0800: 54.659: [GC (Allocation Failure) 2020-10-27T22:14:01.330-0800: 54.659: [DefNew: 139828K->62K(157248K), 0.0021020 secs] 163496K->23731K(506816K), 0.0021720 secs] [Times: user=0.00 sys=0.00, real=0.00 secs] 
2020-10-27T22:14:01.430-0800: 54.758: [GC (Allocation Failure) 2020-10-27T22:14:01.430-0800: 54.758: [DefNew: 139838K->74K(157248K), 0.0021128 secs] 163507K->23744K(506816K), 0.0021851 secs] [Times: user=0.00 sys=0.00, real=0.00 secs] 
2020-10-27T22:14:01.532-0800: 54.861: [GC (Allocation Failure) 2020-10-27T22:14:01.532-0800: 54.861: [DefNew: 139850K->51K(157248K), 0.0020972 secs] 163520K->23721K(506816K), 0.0022042 secs] [Times: user=0.00 sys=0.00, real=0.00 secs] 
2020-10-27T22:14:01.631-0800: 54.959: [GC (Allocation Failure) 2020-10-27T22:14:01.631-0800: 54.959: [DefNew: 139827K->68K(157248K), 0.0024102 secs] 163497K->23738K(506816K), 0.0024862 secs] [Times: user=0.01 sys=0.00, real=0.00 secs] 
2020-10-27T22:14:01.730-0800: 55.058: [GC (Allocation Failure) 2020-10-27T22:14:01.730-0800: 55.058: [DefNew: 139844K->67K(157248K), 0.0022108 secs] 163514K->23737K(506816K), 0.0022914 secs] [Times: user=0.00 sys=0.00, real=0.00 secs] 
2020-10-27T22:14:01.825-0800: 55.153: [GC (Allocation Failure) 2020-10-27T22:14:01.825-0800: 55.153: [DefNew: 139843K->91K(157248K), 0.0022052 secs] 163513K->23761K(506816K), 0.0022805 secs] [Times: user=0.00 sys=0.00, real=0.00 secs] 
2020-10-27T22:14:01.924-0800: 55.252: [GC (Allocation Failure) 2020-10-27T22:14:01.924-0800: 55.252: [DefNew: 139867K->79K(157248K), 0.0020487 secs] 163537K->23749K(506816K), 0.0021237 secs] [Times: user=0.01 sys=0.00, real=0.00 secs] 
2020-10-27T22:14:02.020-0800: 55.348: [GC (Allocation Failure) 2020-10-27T22:14:02.020-0800: 55.348: [DefNew: 139855K->53K(157248K), 0.0020846 secs] 163525K->23724K(506816K), 0.0021559 secs] [Times: user=0.00 sys=0.00, real=0.00 secs] 
2020-10-27T22:14:02.115-0800: 55.443: [GC (Allocation Failure) 2020-10-27T22:14:02.115-0800: 55.443: [DefNew: 139829K->86K(157248K), 0.0021578 secs] 163500K->23757K(506816K), 0.0022493 secs] [Times: user=0.00 sys=0.00, real=0.00 secs] 
2020-10-27T22:14:02.215-0800: 55.544: [GC (Allocation Failure) 2020-10-27T22:14:02.215-0800: 55.544: [DefNew: 139862K->74K(157248K), 0.0023155 secs] 163533K->23744K(506816K), 0.0024105 secs] [Times: user=0.00 sys=0.00, real=0.00 secs] 
2020-10-27T22:14:02.313-0800: 55.641: [GC (Allocation Failure) 2020-10-27T22:14:02.313-0800: 55.641: [DefNew: 139850K->88K(157248K), 0.0022609 secs] 163520K->23758K(506816K), 0.0023425 secs] [Times: user=0.00 sys=0.00, real=0.00 secs] 
2020-10-27T22:14:02.417-0800: 55.745: [GC (Allocation Failure) 2020-10-27T22:14:02.417-0800: 55.745: [DefNew: 139864K->71K(157248K), 0.0021109 secs] 163534K->23742K(506816K), 0.0021882 secs] [Times: user=0.00 sys=0.00, real=0.00 secs] 
2020-10-27T22:14:02.513-0800: 55.841: [GC (Allocation Failure) 2020-10-27T22:14:02.513-0800: 55.841: [DefNew: 139846K->107K(157248K), 0.0021868 secs] 163516K->23777K(506816K), 0.0022628 secs] [Times: user=0.00 sys=0.00, real=0.00 secs] 
2020-10-27T22:14:02.611-0800: 55.939: [GC (Allocation Failure) 2020-10-27T22:14:02.611-0800: 55.939: [DefNew: 139883K->103K(157248K), 0.0020439 secs] 163553K->23774K(506816K), 0.0021120 secs] [Times: user=0.00 sys=0.00, real=0.00 secs] 
2020-10-27T22:14:02.714-0800: 56.042: [GC (Allocation Failure) 2020-10-27T22:14:02.714-0800: 56.042: [DefNew: 139879K->60K(157248K), 0.0020694 secs] 163550K->23731K(506816K), 0.0021617 secs] [Times: user=0.00 sys=0.00, real=0.00 secs] 
2020-10-27T22:14:02.816-0800: 56.144: [GC (Allocation Failure) 2020-10-27T22:14:02.816-0800: 56.144: [DefNew: 139836K->75K(157248K), 0.0023088 secs] 163507K->23746K(506816K), 0.0023879 secs] [Times: user=0.01 sys=0.00, real=0.00 secs] 
2020-10-27T22:14:02.921-0800: 56.249: [GC (Allocation Failure) 2020-10-27T22:14:02.921-0800: 56.249: [DefNew: 139851K->55K(157248K), 0.0020431 secs] 163522K->23726K(506816K), 0.0021238 secs] [Times: user=0.00 sys=0.00, real=0.00 secs] 
2020-10-27T22:14:03.020-0800: 56.348: [GC (Allocation Failure) 2020-10-27T22:14:03.020-0800: 56.348: [DefNew: 139831K->81K(157248K), 0.0022861 secs] 163502K->23751K(506816K), 0.0023740 secs] [Times: user=0.00 sys=0.00, real=0.00 secs] 
2020-10-27T22:14:03.122-0800: 56.450: [GC (Allocation Failure) 2020-10-27T22:14:03.122-0800: 56.450: [DefNew: 139857K->92K(157248K), 0.0022821 secs] 163527K->23762K(506816K), 0.0023634 secs] [Times: user=0.01 sys=0.00, real=0.00 secs] 
2020-10-27T22:14:03.222-0800: 56.551: [GC (Allocation Failure) 2020-10-27T22:14:03.223-0800: 56.551: [DefNew: 139868K->73K(157248K), 0.0022549 secs] 163538K->23743K(506816K), 0.0023267 secs] [Times: user=0.00 sys=0.00, real=0.00 secs] 
2020-10-27T22:14:03.320-0800: 56.648: [GC (Allocation Failure) 2020-10-27T22:14:03.320-0800: 56.648: [DefNew: 139849K->71K(157248K), 0.0021601 secs] 163519K->23742K(506816K), 0.0022586 secs] [Times: user=0.00 sys=0.00, real=0.00 secs] 
2020-10-27T22:14:03.417-0800: 56.745: [GC (Allocation Failure) 2020-10-27T22:14:03.417-0800: 56.745: [DefNew: 139823K->107K(157248K), 0.0020696 secs] 163494K->23777K(506816K), 0.0021406 secs] [Times: user=0.00 sys=0.00, real=0.00 secs] 
2020-10-27T22:14:03.511-0800: 56.839: [GC (Allocation Failure) 2020-10-27T22:14:03.511-0800: 56.839: [DefNew: 139883K->73K(157248K), 0.0023811 secs] 163553K->23744K(506816K), 0.0024625 secs] [Times: user=0.01 sys=0.00, real=0.00 secs] 
2020-10-27T22:14:03.604-0800: 56.933: [GC (Allocation Failure) 2020-10-27T22:14:03.604-0800: 56.933: [DefNew: 139849K->76K(157248K), 0.0022887 secs] 163520K->23747K(506816K), 0.0023653 secs] [Times: user=0.00 sys=0.00, real=0.00 secs] 
2020-10-27T22:14:03.701-0800: 57.029: [GC (Allocation Failure) 2020-10-27T22:14:03.701-0800: 57.029: [DefNew: 139852K->69K(157248K), 0.0020765 secs] 163523K->23740K(506816K), 0.0021465 secs] [Times: user=0.00 sys=0.00, real=0.00 secs] 
2020-10-27T22:14:03.797-0800: 57.126: [GC (Allocation Failure) 2020-10-27T22:14:03.797-0800: 57.126: [DefNew: 139845K->57K(157248K), 0.0024382 secs] 163516K->23730K(506816K), 0.0025301 secs] [Times: user=0.00 sys=0.00, real=0.01 secs] 
2020-10-27T22:14:03.906-0800: 57.234: [GC (Allocation Failure) 2020-10-27T22:14:03.906-0800: 57.234: [DefNew: 139833K->78K(157248K), 0.0025272 secs] 163506K->23751K(506816K), 0.0026104 secs] [Times: user=0.01 sys=0.00, real=0.00 secs] 
2020-10-27T22:14:04.006-0800: 57.335: [GC (Allocation Failure) 2020-10-27T22:14:04.006-0800: 57.335: [DefNew: 139854K->60K(157248K), 0.0024802 secs] 163527K->23733K(506816K), 0.0025632 secs] [Times: user=0.00 sys=0.00, real=0.00 secs] 
2020-10-27T22:14:04.107-0800: 57.435: [GC (Allocation Failure) 2020-10-27T22:14:04.107-0800: 57.435: [DefNew: 139836K->73K(157248K), 0.0029185 secs] 163509K->23746K(506816K), 0.0030082 secs] [Times: user=0.00 sys=0.00, real=0.01 secs] 
2020-10-27T22:14:04.208-0800: 57.536: [GC (Allocation Failure) 2020-10-27T22:14:04.208-0800: 57.536: [DefNew: 139849K->59K(157248K), 0.0021656 secs] 163522K->23732K(506816K), 0.0022421 secs] [Times: user=0.00 sys=0.00, real=0.01 secs] 
2020-10-27T22:14:04.303-0800: 57.631: [GC (Allocation Failure) 2020-10-27T22:14:04.303-0800: 57.631: [DefNew: 139835K->51K(157248K), 0.0020597 secs] 163508K->23725K(506816K), 0.0021419 secs] [Times: user=0.00 sys=0.00, real=0.00 secs] 
2020-10-27T22:14:04.402-0800: 57.730: [GC (Allocation Failure) 2020-10-27T22:14:04.402-0800: 57.730: [DefNew: 139827K->56K(157248K), 0.0021268 secs] 163501K->23729K(506816K), 0.0022010 secs] [Times: user=0.01 sys=0.00, real=0.00 secs] 
2020-10-27T22:14:04.504-0800: 57.832: [GC (Allocation Failure) 2020-10-27T22:14:04.504-0800: 57.832: [DefNew: 139832K->55K(157248K), 0.0021327 secs] 163505K->23728K(506816K), 0.0022186 secs] [Times: user=0.00 sys=0.00, real=0.00 secs] 
2020-10-27T22:14:04.600-0800: 57.928: [GC (Allocation Failure) 2020-10-27T22:14:04.600-0800: 57.928: [DefNew: 139831K->88K(157248K), 0.0020757 secs] 163504K->23762K(506816K), 0.0021447 secs] [Times: user=0.00 sys=0.00, real=0.00 secs] 
2020-10-27T22:14:04.705-0800: 58.033: [GC (Allocation Failure) 2020-10-27T22:14:04.705-0800: 58.034: [DefNew: 139864K->68K(157248K), 0.0024751 secs] 163538K->23741K(506816K), 0.0025610 secs] [Times: user=0.00 sys=0.00, real=0.00 secs] 
2020-10-27T22:14:04.813-0800: 58.142: [GC (Allocation Failure) 2020-10-27T22:14:04.813-0800: 58.142: [DefNew: 139844K->97K(157248K), 0.0024967 secs] 163517K->23770K(506816K), 0.0025814 secs] [Times: user=0.00 sys=0.00, real=0.00 secs] 
2020-10-27T22:14:04.928-0800: 58.256: [GC (Allocation Failure) 2020-10-27T22:14:04.928-0800: 58.256: [DefNew: 139873K->86K(157248K), 0.0020968 secs] 163546K->23759K(506816K), 0.0021803 secs] [Times: user=0.01 sys=0.00, real=0.01 secs] 
2020-10-27T22:14:05.039-0800: 58.367: [GC (Allocation Failure) 2020-10-27T22:14:05.039-0800: 58.367: [DefNew: 139862K->56K(157248K), 0.0022750 secs] 163535K->23730K(506816K), 0.0023625 secs] [Times: user=0.00 sys=0.00, real=0.01 secs] 
2020-10-27T22:14:05.148-0800: 58.476: [GC (Allocation Failure) 2020-10-27T22:14:05.148-0800: 58.476: [DefNew: 139832K->55K(157248K), 0.0025557 secs] 163506K->23728K(506816K), 0.0026437 secs] [Times: user=0.00 sys=0.00, real=0.01 secs] 
2020-10-27T22:14:05.260-0800: 58.589: [GC (Allocation Failure) 2020-10-27T22:14:05.260-0800: 58.589: [DefNew: 139831K->59K(157248K), 0.0023050 secs] 163504K->23732K(506816K), 0.0023809 secs] [Times: user=0.01 sys=0.00, real=0.00 secs] 
2020-10-27T22:14:05.360-0800: 58.688: [GC (Allocation Failure) 2020-10-27T22:14:05.360-0800: 58.688: [DefNew: 139835K->61K(157248K), 0.0021380 secs] 163508K->23734K(506816K), 0.0022151 secs] [Times: user=0.00 sys=0.00, real=0.00 secs] 
2020-10-27T22:14:05.457-0800: 58.785: [GC (Allocation Failure) 2020-10-27T22:14:05.457-0800: 58.785: [DefNew: 139837K->64K(157248K), 0.0021837 secs] 163510K->23737K(506816K), 0.0022655 secs] [Times: user=0.00 sys=0.00, real=0.00 secs] 
2020-10-27T22:14:05.555-0800: 58.883: [GC (Allocation Failure) 2020-10-27T22:14:05.555-0800: 58.883: [DefNew: 139840K->86K(157248K), 0.0020978 secs] 163513K->23759K(506816K), 0.0021649 secs] [Times: user=0.00 sys=0.00, real=0.00 secs] 
2020-10-27T22:14:05.651-0800: 58.979: [GC (Allocation Failure) 2020-10-27T22:14:05.651-0800: 58.979: [DefNew: 139862K->76K(157248K), 0.0020511 secs] 163535K->23749K(506816K), 0.0021198 secs] [Times: user=0.00 sys=0.00, real=0.00 secs] 
2020-10-27T22:14:05.749-0800: 59.077: [GC (Allocation Failure) 2020-10-27T22:14:05.749-0800: 59.077: [DefNew: 139852K->63K(157248K), 0.0020661 secs] 163525K->23736K(506816K), 0.0021367 secs] [Times: user=0.01 sys=0.00, real=0.01 secs] 
2020-10-27T22:14:05.843-0800: 59.172: [GC (Allocation Failure) 2020-10-27T22:14:05.843-0800: 59.172: [DefNew: 139839K->80K(157248K), 0.0022624 secs] 163512K->23753K(506816K), 0.0023498 secs] [Times: user=0.00 sys=0.00, real=0.00 secs] 
2020-10-27T22:14:05.944-0800: 59.273: [GC (Allocation Failure) 2020-10-27T22:14:05.944-0800: 59.273: [DefNew: 139856K->68K(157248K), 0.0020423 secs] 163529K->23741K(506816K), 0.0021085 secs] [Times: user=0.00 sys=0.00, real=0.00 secs] 
2020-10-27T22:14:06.044-0800: 59.372: [GC (Allocation Failure) 2020-10-27T22:14:06.044-0800: 59.372: [DefNew: 139844K->50K(157248K), 0.0020027 secs] 163517K->23723K(506816K), 0.0020819 secs] [Times: user=0.00 sys=0.00, real=0.00 secs] 
2020-10-27T22:14:06.143-0800: 59.471: [GC (Allocation Failure) 2020-10-27T22:14:06.143-0800: 59.471: [DefNew: 139826K->68K(157248K), 0.0020916 secs] 163499K->23742K(506816K), 0.0021747 secs] [Times: user=0.00 sys=0.00, real=0.00 secs] 
2020-10-27T22:14:06.244-0800: 59.572: [GC (Allocation Failure) 2020-10-27T22:14:06.244-0800: 59.572: [DefNew: 139844K->80K(157248K), 0.0022775 secs] 163518K->23753K(506816K), 0.0023534 secs] [Times: user=0.01 sys=0.00, real=0.00 secs] 
2020-10-27T22:14:06.342-0800: 59.670: [GC (Allocation Failure) 2020-10-27T22:14:06.342-0800: 59.670: [DefNew: 139856K->70K(157248K), 0.0023960 secs] 163529K->23743K(506816K), 0.0024893 secs] [Times: user=0.00 sys=0.00, real=0.00 secs] 
2020-10-27T22:14:06.439-0800: 59.767: [GC (Allocation Failure) 2020-10-27T22:14:06.439-0800: 59.767: [DefNew: 139846K->75K(157248K), 0.0023147 secs] 163519K->23748K(506816K), 0.0023981 secs] [Times: user=0.00 sys=0.00, real=0.01 secs] 
2020-10-27T22:14:06.544-0800: 59.872: [GC (Allocation Failure) 2020-10-27T22:14:06.544-0800: 59.872: [DefNew: 139851K->73K(157248K), 0.0021640 secs] 163524K->23746K(506816K), 0.0022448 secs] [Times: user=0.00 sys=0.00, real=0.00 secs] 
2020-10-27T22:14:06.639-0800: 59.967: [GC (Allocation Failure) 2020-10-27T22:14:06.639-0800: 59.967: [DefNew: 139849K->93K(157248K), 0.0021496 secs] 163522K->23767K(506816K), 0.0022234 secs] [Times: user=0.00 sys=0.00, real=0.01 secs] 
2020-10-27T22:14:06.738-0800: 60.066: [GC (Allocation Failure) 2020-10-27T22:14:06.738-0800: 60.066: [DefNew: 139869K->73K(157248K), 0.0023278 secs] 163543K->23747K(506816K), 0.0024141 secs] [Times: user=0.00 sys=0.00, real=0.01 secs] 
2020-10-27T22:14:06.841-0800: 60.169: [GC (Allocation Failure) 2020-10-27T22:14:06.841-0800: 60.169: [DefNew: 139849K->66K(157248K), 0.0022258 secs] 163523K->23740K(506816K), 0.0023103 secs] [Times: user=0.01 sys=0.00, real=0.00 secs] 
2020-10-27T22:14:06.939-0800: 60.267: [GC (Allocation Failure) 2020-10-27T22:14:06.939-0800: 60.267: [DefNew: 139842K->87K(157248K), 0.0024130 secs] 163516K->23760K(506816K), 0.0025048 secs] [Times: user=0.00 sys=0.00, real=0.01 secs] 
2020-10-27T22:14:07.038-0800: 60.366: [GC (Allocation Failure) 2020-10-27T22:14:07.038-0800: 60.366: [DefNew: 139863K->85K(157248K), 0.0021187 secs] 163536K->23759K(506816K), 0.0021861 secs] [Times: user=0.00 sys=0.00, real=0.01 secs] 
2020-10-27T22:14:07.134-0800: 60.462: [GC (Allocation Failure) 2020-10-27T22:14:07.134-0800: 60.462: [DefNew: 139861K->68K(157248K), 0.0022321 secs] 163535K->23742K(506816K), 0.0023104 secs] [Times: user=0.00 sys=0.00, real=0.00 secs] 
2020-10-27T22:14:07.241-0800: 60.569: [GC (Allocation Failure) 2020-10-27T22:14:07.241-0800: 60.569: [DefNew: 139844K->62K(157248K), 0.0023761 secs] 163518K->23735K(506816K), 0.0024563 secs] [Times: user=0.00 sys=0.00, real=0.00 secs] 
2020-10-27T22:14:07.343-0800: 60.671: [GC (Allocation Failure) 2020-10-27T22:14:07.343-0800: 60.671: [DefNew: 139838K->67K(157248K), 0.0021709 secs] 163511K->23741K(506816K), 0.0022526 secs] [Times: user=0.00 sys=0.00, real=0.00 secs] 
2020-10-27T22:14:07.438-0800: 60.766: [GC (Allocation Failure) 2020-10-27T22:14:07.438-0800: 60.766: [DefNew: 139843K->72K(157248K), 0.0020633 secs] 163517K->23745K(506816K), 0.0021388 secs] [Times: user=0.00 sys=0.00, real=0.01 secs] 
2020-10-27T22:14:07.538-0800: 60.867: [GC (Allocation Failure) 2020-10-27T22:14:07.538-0800: 60.867: [DefNew: 139848K->82K(157248K), 0.0024291 secs] 163521K->23756K(506816K), 0.0025145 secs] [Times: user=0.01 sys=0.00, real=0.01 secs] 
2020-10-27T22:14:07.647-0800: 60.976: [GC (Allocation Failure) 2020-10-27T22:14:07.647-0800: 60.976: [DefNew: 139858K->59K(157248K), 0.0024772 secs] 163532K->23733K(506816K), 0.0025642 secs] [Times: user=0.00 sys=0.00, real=0.01 secs] 
2020-10-27T22:14:07.753-0800: 61.081: [GC (Allocation Failure) 2020-10-27T22:14:07.753-0800: 61.081: [DefNew: 139835K->71K(157248K), 0.0020366 secs] 163509K->23745K(506816K), 0.0021064 secs] [Times: user=0.00 sys=0.00, real=0.00 secs] 
2020-10-27T22:14:07.854-0800: 61.182: [GC (Allocation Failure) 2020-10-27T22:14:07.854-0800: 61.182: [DefNew: 139847K->73K(157248K), 0.0022167 secs] 163521K->23747K(506816K), 0.0023013 secs] [Times: user=0.00 sys=0.00, real=0.00 secs] 
2020-10-27T22:14:07.953-0800: 61.281: [GC (Allocation Failure) 2020-10-27T22:14:07.953-0800: 61.281: [DefNew: 139849K->86K(157248K), 0.0023419 secs] 163523K->23760K(506816K), 0.0024238 secs] [Times: user=0.01 sys=0.00, real=0.00 secs] 
2020-10-27T22:14:08.051-0800: 61.379: [GC (Allocation Failure) 2020-10-27T22:14:08.051-0800: 61.379: [DefNew: 139862K->98K(157248K), 0.0021011 secs] 163536K->23772K(506816K), 0.0021734 secs] [Times: user=0.00 sys=0.00, real=0.00 secs] 
2020-10-27T22:14:08.166-0800: 61.494: [GC (Allocation Failure) 2020-10-27T22:14:08.166-0800: 61.494: [DefNew: 139874K->85K(157248K), 0.0027718 secs] 163548K->23759K(506816K), 0.0028580 secs] [Times: user=0.00 sys=0.00, real=0.00 secs] 
2020-10-27T22:14:08.269-0800: 61.597: [GC (Allocation Failure) 2020-10-27T22:14:08.269-0800: 61.597: [DefNew: 139861K->57K(157248K), 0.0020160 secs] 163535K->23731K(506816K), 0.0020912 secs] [Times: user=0.01 sys=0.00, real=0.01 secs] 
2020-10-27T22:14:08.367-0800: 61.695: [GC (Allocation Failure) 2020-10-27T22:14:08.367-0800: 61.695: [DefNew: 139833K->70K(157248K), 0.0021282 secs] 163507K->23744K(506816K), 0.0022084 secs] [Times: user=0.00 sys=0.00, real=0.00 secs] 
2020-10-27T22:14:08.461-0800: 61.790: [GC (Allocation Failure) 2020-10-27T22:14:08.462-0800: 61.790: [DefNew: 139846K->69K(157248K), 0.0020730 secs] 163520K->23743K(506816K), 0.0021401 secs] [Times: user=0.00 sys=0.00, real=0.00 secs] 
2020-10-27T22:14:08.561-0800: 61.889: [GC (Allocation Failure) 2020-10-27T22:14:08.561-0800: 61.889: [DefNew: 139845K->79K(157248K), 0.0021964 secs] 163519K->23754K(506816K), 0.0023502 secs] [Times: user=0.00 sys=0.00, real=0.00 secs] 
2020-10-27T22:14:08.674-0800: 62.002: [GC (Allocation Failure) 2020-10-27T22:14:08.674-0800: 62.003: [DefNew: 139855K->80K(157248K), 0.0022369 secs] 163530K->23754K(506816K), 0.0023131 secs] [Times: user=0.00 sys=0.00, real=0.00 secs] 
2020-10-27T22:14:08.781-0800: 62.109: [GC (Allocation Failure) 2020-10-27T22:14:08.781-0800: 62.109: [DefNew: 139856K->50K(157248K), 0.0022854 secs] 163530K->23725K(506816K), 0.0023687 secs] [Times: user=0.00 sys=0.00, real=0.00 secs] 
2020-10-27T22:14:08.878-0800: 62.206: [GC (Allocation Failure) 2020-10-27T22:14:08.878-0800: 62.206: [DefNew: 139826K->92K(157248K), 0.0022477 secs] 163501K->23766K(506816K), 0.0023277 secs] [Times: user=0.01 sys=0.00, real=0.01 secs] 
2020-10-27T22:14:08.974-0800: 62.302: [GC (Allocation Failure) 2020-10-27T22:14:08.974-0800: 62.302: [DefNew: 139868K->96K(157248K), 0.0019995 secs] 163542K->23771K(506816K), 0.0020699 secs] [Times: user=0.00 sys=0.00, real=0.00 secs] 
2020-10-27T22:14:09.081-0800: 62.409: [GC (Allocation Failure) 2020-10-27T22:14:09.081-0800: 62.409: [DefNew: 139872K->74K(157248K), 0.0023876 secs] 163547K->23748K(506816K), 0.0024745 secs] [Times: user=0.01 sys=0.00, real=0.00 secs] 
2020-10-27T22:14:09.178-0800: 62.506: [GC (Allocation Failure) 2020-10-27T22:14:09.178-0800: 62.506: [DefNew: 139850K->62K(157248K), 0.0021582 secs] 163524K->23737K(506816K), 0.0022369 secs] [Times: user=0.00 sys=0.00, real=0.01 secs] 
2020-10-27T22:14:09.281-0800: 62.609: [GC (Allocation Failure) 2020-10-27T22:14:09.281-0800: 62.609: [DefNew: 139838K->67K(157248K), 0.0023493 secs] 163513K->23742K(506816K), 0.0024372 secs] [Times: user=0.01 sys=0.00, real=0.00 secs] 
2020-10-27T22:14:09.375-0800: 62.703: [GC (Allocation Failure) 2020-10-27T22:14:09.375-0800: 62.703: [DefNew: 139843K->88K(157248K), 0.0021007 secs] 163518K->23763K(506816K), 0.0021677 secs] [Times: user=0.00 sys=0.00, real=0.00 secs] 
2020-10-27T22:14:09.477-0800: 62.805: [GC (Allocation Failure) 2020-10-27T22:14:09.477-0800: 62.805: [DefNew: 139864K->80K(157248K), 0.0021428 secs] 163539K->23755K(506816K), 0.0022124 secs] [Times: user=0.00 sys=0.00, real=0.00 secs] 
2020-10-27T22:14:09.584-0800: 62.912: [GC (Allocation Failure) 2020-10-27T22:14:09.584-0800: 62.912: [DefNew: 139856K->86K(157248K), 0.0021573 secs] 163531K->23762K(506816K), 0.0022380 secs] [Times: user=0.00 sys=0.00, real=0.00 secs] 
2020-10-27T22:14:09.683-0800: 63.011: [GC (Allocation Failure) 2020-10-27T22:14:09.683-0800: 63.011: [DefNew: 139862K->82K(157248K), 0.0023120 secs] 163538K->23757K(506816K), 0.0023913 secs] [Times: user=0.00 sys=0.00, real=0.00 secs] 
2020-10-27T22:14:09.782-0800: 63.110: [GC (Allocation Failure) 2020-10-27T22:14:09.782-0800: 63.110: [DefNew: 139858K->52K(157248K), 0.0023205 secs] 163533K->23728K(506816K), 0.0024096 secs] [Times: user=0.00 sys=0.00, real=0.00 secs] 
2020-10-27T22:14:09.876-0800: 63.204: [GC (Allocation Failure) 2020-10-27T22:14:09.876-0800: 63.204: [DefNew: 139828K->74K(157248K), 0.0020777 secs] 163504K->23749K(506816K), 0.0021622 secs] [Times: user=0.00 sys=0.00, real=0.00 secs] 
2020-10-27T22:14:09.970-0800: 63.298: [GC (Allocation Failure) 2020-10-27T22:14:09.970-0800: 63.298: [DefNew: 139850K->77K(157248K), 0.0025653 secs] 163525K->23752K(506816K), 0.0026561 secs] [Times: user=0.01 sys=0.00, real=0.00 secs] 
2020-10-27T22:14:10.069-0800: 63.397: [GC (Allocation Failure) 2020-10-27T22:14:10.069-0800: 63.397: [DefNew: 139853K->72K(157248K), 0.0021901 secs] 163528K->23747K(506816K), 0.0023371 secs] [Times: user=0.00 sys=0.00, real=0.01 secs] 
2020-10-27T22:14:10.165-0800: 63.493: [GC (Allocation Failure) 2020-10-27T22:14:10.165-0800: 63.493: [DefNew: 139848K->74K(157248K), 0.0021839 secs] 163523K->23750K(506816K), 0.0022651 secs] [Times: user=0.00 sys=0.00, real=0.00 secs] 
2020-10-27T22:14:10.265-0800: 63.593: [GC (Allocation Failure) 2020-10-27T22:14:10.265-0800: 63.594: [DefNew: 139850K->66K(157248K), 0.0020894 secs] 163526K->23741K(506816K), 0.0021584 secs] [Times: user=0.00 sys=0.00, real=0.00 secs] 
2020-10-27T22:14:10.361-0800: 63.689: [GC (Allocation Failure) 2020-10-27T22:14:10.361-0800: 63.689: [DefNew: 139834K->51K(157248K), 0.0020203 secs] 163510K->23726K(506816K), 0.0020877 secs] [Times: user=0.00 sys=0.00, real=0.00 secs] 
2020-10-27T22:14:10.455-0800: 63.783: [GC (Allocation Failure) 2020-10-27T22:14:10.455-0800: 63.783: [DefNew: 139827K->57K(157248K), 0.0021248 secs] 163502K->23733K(506816K), 0.0022047 secs] [Times: user=0.00 sys=0.00, real=0.00 secs] 
2020-10-27T22:14:10.552-0800: 63.880: [GC (Allocation Failure) 2020-10-27T22:14:10.552-0800: 63.880: [DefNew: 139833K->73K(157248K), 0.0023334 secs] 163509K->23749K(506816K), 0.0024153 secs] [Times: user=0.00 sys=0.00, real=0.00 secs] 
2020-10-27T22:14:10.647-0800: 63.975: [GC (Allocation Failure) 2020-10-27T22:14:10.647-0800: 63.976: [DefNew: 139849K->84K(157248K), 0.0025423 secs] 163525K->23759K(506816K), 0.0026289 secs] [Times: user=0.00 sys=0.00, real=0.01 secs] 
2020-10-27T22:14:10.748-0800: 64.076: [GC (Allocation Failure) 2020-10-27T22:14:10.748-0800: 64.076: [DefNew: 139860K->62K(157248K), 0.0022093 secs] 163535K->23738K(506816K), 0.0022869 secs] [Times: user=0.00 sys=0.00, real=0.01 secs] 
2020-10-27T22:14:10.845-0800: 64.173: [GC (Allocation Failure) 2020-10-27T22:14:10.845-0800: 64.173: [DefNew: 139838K->54K(157248K), 0.0020425 secs] 163514K->23730K(506816K), 0.0021110 secs] [Times: user=0.00 sys=0.00, real=0.00 secs] 
2020-10-27T22:14:10.944-0800: 64.273: [GC (Allocation Failure) 2020-10-27T22:14:10.944-0800: 64.273: [DefNew: 139830K->54K(157248K), 0.0022020 secs] 163506K->23730K(506816K), 0.0022778 secs] [Times: user=0.00 sys=0.00, real=0.00 secs] 
2020-10-27T22:14:11.046-0800: 64.374: [GC (Allocation Failure) 2020-10-27T22:14:11.046-0800: 64.374: [DefNew: 139830K->94K(157248K), 0.0024326 secs] 163506K->23770K(506816K), 0.0025170 secs] [Times: user=0.00 sys=0.00, real=0.00 secs] 
2020-10-27T22:14:11.144-0800: 64.472: [GC (Allocation Failure) 2020-10-27T22:14:11.144-0800: 64.472: [DefNew: 139870K->61K(157248K), 0.0021479 secs] 163546K->23737K(506816K), 0.0022269 secs] [Times: user=0.00 sys=0.00, real=0.00 secs] 
2020-10-27T22:14:11.244-0800: 64.572: [GC (Allocation Failure) 2020-10-27T22:14:11.244-0800: 64.572: [DefNew: 139837K->87K(157248K), 0.0021771 secs] 163513K->23763K(506816K), 0.0022559 secs] [Times: user=0.00 sys=0.00, real=0.00 secs] 
2020-10-27T22:14:11.341-0800: 64.669: [GC (Allocation Failure) 2020-10-27T22:14:11.341-0800: 64.669: [DefNew: 139863K->73K(157248K), 0.0022319 secs] 163539K->23749K(506816K), 0.0023011 secs] [Times: user=0.00 sys=0.00, real=0.00 secs] 
2020-10-27T22:14:11.439-0800: 64.768: [GC (Allocation Failure) 2020-10-27T22:14:11.440-0800: 64.768: [DefNew: 139849K->78K(157248K), 0.0020944 secs] 163525K->23753K(506816K), 0.0021626 secs] [Times: user=0.00 sys=0.00, real=0.01 secs] 
2020-10-27T22:14:11.541-0800: 64.869: [GC (Allocation Failure) 2020-10-27T22:14:11.541-0800: 64.869: [DefNew: 139854K->79K(157248K), 0.0021085 secs] 163529K->23754K(506816K), 0.0021791 secs] [Times: user=0.00 sys=0.00, real=0.00 secs] 
2020-10-27T22:14:13.079-0800: 66.407: [GC (Allocation Failure) 2020-10-27T22:14:13.079-0800: 66.407: [DefNew: 139855K->74K(157248K), 0.0020619 secs] 163530K->23749K(506816K), 0.0021407 secs] [Times: user=0.00 sys=0.00, real=0.01 secs] 
2020-10-27T22:14:13.166-0800: 66.494: [GC (Allocation Failure) 2020-10-27T22:14:13.166-0800: 66.494: [DefNew: 139850K->69K(157248K), 0.0021703 secs] 163525K->23745K(506816K), 0.0022463 secs] [Times: user=0.00 sys=0.00, real=0.00 secs] 
2020-10-27T22:14:13.266-0800: 66.594: [GC (Allocation Failure) 2020-10-27T22:14:13.266-0800: 66.594: [DefNew: 139845K->75K(157248K), 0.0022722 secs] 163521K->23750K(506816K), 0.0023507 secs] [Times: user=0.00 sys=0.00, real=0.00 secs] 
2020-10-27T22:14:13.362-0800: 66.690: [GC (Allocation Failure) 2020-10-27T22:14:13.362-0800: 66.690: [DefNew: 139795K->85K(157248K), 0.0025091 secs] 163471K->23761K(506816K), 0.0025917 secs] [Times: user=0.00 sys=0.00, real=0.00 secs] 
2020-10-27T22:14:13.453-0800: 66.781: [GC (Allocation Failure) 2020-10-27T22:14:13.453-0800: 66.781: [DefNew: 139861K->94K(157248K), 0.0022625 secs] 163537K->23771K(506816K), 0.0023413 secs] [Times: user=0.01 sys=0.00, real=0.00 secs] 
2020-10-27T22:14:13.556-0800: 66.884: [GC (Allocation Failure) 2020-10-27T22:14:13.556-0800: 66.884: [DefNew: 139870K->79K(157248K), 0.0020954 secs] 163547K->23756K(506816K), 0.0021633 secs] [Times: user=0.00 sys=0.00, real=0.00 secs] 
2020-10-27T22:14:13.650-0800: 66.979: [GC (Allocation Failure) 2020-10-27T22:14:13.650-0800: 66.979: [DefNew: 139855K->81K(157248K), 0.0022096 secs] 163532K->23758K(506816K), 0.0022835 secs] [Times: user=0.00 sys=0.00, real=0.00 secs] 
2020-10-27T22:14:13.745-0800: 67.073: [GC (Allocation Failure) 2020-10-27T22:14:13.745-0800: 67.073: [DefNew: 139857K->75K(157248K), 0.0023695 secs] 163534K->23752K(506816K), 0.0024585 secs] [Times: user=0.00 sys=0.00, real=0.00 secs] 
2020-10-27T22:14:13.842-0800: 67.170: [GC (Allocation Failure) 2020-10-27T22:14:13.842-0800: 67.170: [DefNew: 139851K->83K(157248K), 0.0022224 secs] 163528K->23760K(506816K), 0.0023078 secs] [Times: user=0.01 sys=0.00, real=0.00 secs] 
2020-10-27T22:14:14.425-0800: 67.753: [GC (Allocation Failure) 2020-10-27T22:14:14.425-0800: 67.753: [DefNew: 139859K->79K(157248K), 0.0022751 secs] 163536K->23758K(506816K), 0.0023731 secs] [Times: user=0.00 sys=0.00, real=0.00 secs] 
2020-10-27T22:14:14.513-0800: 67.841: [GC (Allocation Failure) 2020-10-27T22:14:14.513-0800: 67.841: [DefNew: 139855K->62K(157248K), 0.0023296 secs] 163534K->23740K(506816K), 0.0024737 secs] [Times: user=0.00 sys=0.00, real=0.00 secs] 
2020-10-27T22:14:14.609-0800: 67.937: [GC (Allocation Failure) 2020-10-27T22:14:14.609-0800: 67.937: [DefNew: 139838K->61K(157248K), 0.0022155 secs] 163516K->23739K(506816K), 0.0023036 secs] [Times: user=0.00 sys=0.00, real=0.01 secs] 
2020-10-27T22:14:14.704-0800: 68.032: [GC (Allocation Failure) 2020-10-27T22:14:14.704-0800: 68.032: [DefNew: 139837K->96K(157248K), 0.0022118 secs] 163515K->23774K(506816K), 0.0022973 secs] [Times: user=0.00 sys=0.00, real=0.00 secs] 
2020-10-27T22:14:14.799-0800: 68.127: [GC (Allocation Failure) 2020-10-27T22:14:14.799-0800: 68.127: [DefNew: 139872K->62K(157248K), 0.0022682 secs] 163550K->23741K(506816K), 0.0023586 secs] [Times: user=0.01 sys=0.00, real=0.01 secs] 
2020-10-27T22:14:14.897-0800: 68.225: [GC (Allocation Failure) 2020-10-27T22:14:14.897-0800: 68.225: [DefNew: 139838K->77K(157248K), 0.0021303 secs] 163517K->23755K(506816K), 0.0022385 secs] [Times: user=0.00 sys=0.00, real=0.00 secs] 
2020-10-27T22:14:14.997-0800: 68.325: [GC (Allocation Failure) 2020-10-27T22:14:14.997-0800: 68.326: [DefNew: 139853K->78K(157248K), 0.0022465 secs] 163531K->23756K(506816K), 0.0023311 secs] [Times: user=0.00 sys=0.00, real=0.01 secs] 
2020-10-27T22:14:15.102-0800: 68.430: [GC (Allocation Failure) 2020-10-27T22:14:15.102-0800: 68.430: [DefNew: 139854K->83K(157248K), 0.0022471 secs] 163532K->23761K(506816K), 0.0023549 secs] [Times: user=0.00 sys=0.00, real=0.00 secs] 
2020-10-27T22:14:15.204-0800: 68.532: [GC (Allocation Failure) 2020-10-27T22:14:15.204-0800: 68.532: [DefNew: 139859K->80K(157248K), 0.0021901 secs] 163537K->23758K(506816K), 0.0022869 secs] [Times: user=0.00 sys=0.00, real=0.00 secs] 
2020-10-27T22:14:15.727-0800: 69.055: [GC (Allocation Failure) 2020-10-27T22:14:15.727-0800: 69.055: [DefNew: 139856K->87K(157248K), 0.0021181 secs] 163534K->23766K(506816K), 0.0022086 secs] [Times: user=0.01 sys=0.00, real=0.01 secs] 
2020-10-27T22:14:15.820-0800: 69.149: [GC (Allocation Failure) 2020-10-27T22:14:15.821-0800: 69.149: [DefNew: 139863K->79K(157248K), 0.0022063 secs] 163542K->23758K(506816K), 0.0022921 secs] [Times: user=0.00 sys=0.00, real=0.00 secs] 
2020-10-27T22:14:15.919-0800: 69.247: [GC (Allocation Failure) 2020-10-27T22:14:15.919-0800: 69.247: [DefNew: 139855K->74K(157248K), 0.0021715 secs] 163534K->23754K(506816K), 0.0022623 secs] [Times: user=0.00 sys=0.00, real=0.01 secs] 
2020-10-27T22:14:16.031-0800: 69.359: [GC (Allocation Failure) 2020-10-27T22:14:16.031-0800: 69.359: [DefNew: 139850K->82K(157248K), 0.0020344 secs] 163530K->23762K(506816K), 0.0021168 secs] [Times: user=0.00 sys=0.00, real=0.00 secs] 
2020-10-27T22:14:16.127-0800: 69.455: [GC (Allocation Failure) 2020-10-27T22:14:16.127-0800: 69.455: [DefNew: 139858K->68K(157248K), 0.0020197 secs] 163538K->23747K(506816K), 0.0021002 secs] [Times: user=0.00 sys=0.00, real=0.00 secs] 
2020-10-27T22:14:16.223-0800: 69.551: [GC (Allocation Failure) 2020-10-27T22:14:16.223-0800: 69.551: [DefNew: 139844K->68K(157248K), 0.0020652 secs] 163523K->23748K(506816K), 0.0021425 secs] [Times: user=0.00 sys=0.00, real=0.00 secs] 
2020-10-27T22:14:16.321-0800: 69.649: [GC (Allocation Failure) 2020-10-27T22:14:16.321-0800: 69.649: [DefNew: 139844K->60K(157248K), 0.0024943 secs] 163524K->23740K(506816K), 0.0025801 secs] [Times: user=0.00 sys=0.00, real=0.00 secs] 
2020-10-27T22:14:16.963-0800: 70.291: [GC (Allocation Failure) 2020-10-27T22:14:16.963-0800: 70.291: [DefNew: 139836K->73K(157248K), 0.0019498 secs] 163516K->23753K(506816K), 0.0020349 secs] [Times: user=0.01 sys=0.00, real=0.00 secs] 
2020-10-27T22:14:17.052-0800: 70.380: [GC (Allocation Failure) 2020-10-27T22:14:17.052-0800: 70.380: [DefNew: 139849K->76K(157248K), 0.0025264 secs] 163529K->23756K(506816K), 0.0026277 secs] [Times: user=0.00 sys=0.00, real=0.00 secs] 
2020-10-27T22:14:17.148-0800: 70.476: [GC (Allocation Failure) 2020-10-27T22:14:17.148-0800: 70.476: [DefNew: 139852K->88K(157248K), 0.0024343 secs] 163532K->23768K(506816K), 0.0025247 secs] [Times: user=0.00 sys=0.00, real=0.01 secs] 
2020-10-27T22:14:17.242-0800: 70.570: [GC (Allocation Failure) 2020-10-27T22:14:17.242-0800: 70.570: [DefNew: 139864K->78K(157248K), 0.0021002 secs] 163544K->23757K(506816K), 0.0021794 secs] [Times: user=0.01 sys=0.00, real=0.00 secs] 
2020-10-27T22:14:17.336-0800: 70.664: [GC (Allocation Failure) 2020-10-27T22:14:17.336-0800: 70.664: [DefNew: 139854K->79K(157248K), 0.0022363 secs] 163533K->23759K(506816K), 0.0023307 secs] [Times: user=0.00 sys=0.00, real=0.00 secs] 
2020-10-27T22:14:17.433-0800: 70.761: [GC (Allocation Failure) 2020-10-27T22:14:17.433-0800: 70.761: [DefNew: 139855K->84K(157248K), 0.0022228 secs] 163535K->23763K(506816K), 0.0023149 secs] [Times: user=0.00 sys=0.00, real=0.00 secs] 
2020-10-27T22:14:17.528-0800: 70.856: [GC (Allocation Failure) 2020-10-27T22:14:17.528-0800: 70.856: [DefNew: 139860K->72K(157248K), 0.0020142 secs] 163539K->23751K(506816K), 0.0020914 secs] [Times: user=0.00 sys=0.00, real=0.01 secs] 
2020-10-27T22:14:18.180-0800: 71.508: [GC (Allocation Failure) 2020-10-27T22:14:18.180-0800: 71.508: [DefNew: 139848K->68K(157248K), 0.0022738 secs] 163527K->23748K(506816K), 0.0023571 secs] [Times: user=0.01 sys=0.00, real=0.00 secs] 
2020-10-27T22:14:18.267-0800: 71.595: [GC (Allocation Failure) 2020-10-27T22:14:18.267-0800: 71.595: [DefNew: 139844K->56K(157248K), 0.0024584 secs] 163524K->23735K(506816K), 0.0025564 secs] [Times: user=0.01 sys=0.00, real=0.00 secs] 
2020-10-27T22:14:18.360-0800: 71.688: [GC (Allocation Failure) 2020-10-27T22:14:18.360-0800: 71.688: [DefNew: 139832K->74K(157248K), 0.0023195 secs] 163511K->23753K(506816K), 0.0024083 secs] [Times: user=0.00 sys=0.00, real=0.00 secs] 
2020-10-27T22:14:18.454-0800: 71.782: [GC (Allocation Failure) 2020-10-27T22:14:18.454-0800: 71.782: [DefNew: 139850K->87K(157248K), 0.0026319 secs] 163529K->23766K(506816K), 0.0027252 secs] [Times: user=0.00 sys=0.00, real=0.00 secs] 
2020-10-27T22:14:18.545-0800: 71.874: [GC (Allocation Failure) 2020-10-27T22:14:18.546-0800: 71.874: [DefNew: 139825K->76K(157248K), 0.0023024 secs] 163505K->23755K(506816K), 0.0023975 secs] [Times: user=0.00 sys=0.00, real=0.00 secs] 
2020-10-27T22:14:18.637-0800: 71.965: [GC (Allocation Failure) 2020-10-27T22:14:18.637-0800: 71.965: [DefNew: 139852K->126K(157248K), 0.0026134 secs] 163531K->23806K(506816K), 0.0027125 secs] [Times: user=0.01 sys=0.00, real=0.00 secs] 
2020-10-27T22:14:18.728-0800: 72.056: [GC (Allocation Failure) 2020-10-27T22:14:18.728-0800: 72.056: [DefNew: 139902K->73K(157248K), 0.0023160 secs] 163582K->23753K(506816K), 0.0024034 secs] [Times: user=0.00 sys=0.00, real=0.01 secs] 
2020-10-27T22:14:18.823-0800: 72.151: [GC (Allocation Failure) 2020-10-27T22:14:18.823-0800: 72.151: [DefNew: 139849K->97K(157248K), 0.0021649 secs] 163529K->23777K(506816K), 0.0022527 secs] [Times: user=0.00 sys=0.00, real=0.00 secs] 
2020-10-27T22:14:19.344-0800: 72.672: [GC (Allocation Failure) 2020-10-27T22:14:19.344-0800: 72.672: [DefNew: 139873K->55K(157248K), 0.0019868 secs] 163553K->23735K(506816K), 0.0020699 secs] [Times: user=0.00 sys=0.00, real=0.00 secs] 
2020-10-27T22:14:19.433-0800: 72.761: [GC (Allocation Failure) 2020-10-27T22:14:19.433-0800: 72.761: [DefNew: 139831K->66K(157248K), 0.0022787 secs] 163511K->23746K(506816K), 0.0023679 secs] [Times: user=0.00 sys=0.00, real=0.00 secs] 
2020-10-27T22:14:19.524-0800: 72.852: [GC (Allocation Failure) 2020-10-27T22:14:19.524-0800: 72.852: [DefNew: 139842K->110K(157248K), 0.0022700 secs] 163522K->23790K(506816K), 0.0023560 secs] [Times: user=0.01 sys=0.00, real=0.00 secs] 
2020-10-27T22:14:19.616-0800: 72.944: [GC (Allocation Failure) 2020-10-27T22:14:19.616-0800: 72.944: [DefNew: 139886K->67K(157248K), 0.0020414 secs] 163566K->23746K(506816K), 0.0021188 secs] [Times: user=0.00 sys=0.00, real=0.00 secs] 
2020-10-27T22:14:19.706-0800: 73.034: [GC (Allocation Failure) 2020-10-27T22:14:19.706-0800: 73.034: [DefNew: 139843K->75K(157248K), 0.0022334 secs] 163522K->23755K(506816K), 0.0023194 secs] [Times: user=0.00 sys=0.00, real=0.00 secs] 
2020-10-27T22:14:19.798-0800: 73.126: [GC (Allocation Failure) 2020-10-27T22:14:19.798-0800: 73.126: [DefNew: 139851K->99K(157248K), 0.0023514 secs] 163531K->23779K(506816K), 0.0024474 secs] [Times: user=0.00 sys=0.00, real=0.01 secs] 
2020-10-27T22:14:19.890-0800: 73.218: [GC (Allocation Failure) 2020-10-27T22:14:19.890-0800: 73.218: [DefNew: 139875K->82K(157248K), 0.0023604 secs] 163555K->23762K(506816K), 0.0024565 secs] [Times: user=0.01 sys=0.00, real=0.00 secs] 
2020-10-27T22:14:19.980-0800: 73.308: [GC (Allocation Failure) 2020-10-27T22:14:19.980-0800: 73.308: [DefNew: 139858K->81K(157248K), 0.0022980 secs] 163538K->23761K(506816K), 0.0023943 secs] [Times: user=0.00 sys=0.00, real=0.00 secs] 
2020-10-27T22:14:20.075-0800: 73.403: [GC (Allocation Failure) 2020-10-27T22:14:20.075-0800: 73.403: [DefNew: 139857K->59K(157248K), 0.0022598 secs] 163537K->23739K(506816K), 0.0023744 secs] [Times: user=0.00 sys=0.00, real=0.00 secs] 
2020-10-27T22:14:20.177-0800: 73.505: [GC (Allocation Failure) 2020-10-27T22:14:20.177-0800: 73.505: [DefNew: 139835K->53K(157248K), 0.0023723 secs] 163515K->23733K(506816K), 0.0024642 secs] [Times: user=0.00 sys=0.00, real=0.00 secs] 
2020-10-27T22:14:20.592-0800: 73.920: [GC (Allocation Failure) 2020-10-27T22:14:20.592-0800: 73.920: [DefNew: 139829K->86K(157248K), 0.0020161 secs] 163509K->23765K(506816K), 0.0020940 secs] [Times: user=0.00 sys=0.00, real=0.00 secs] 
2020-10-27T22:14:20.687-0800: 74.015: [GC (Allocation Failure) 2020-10-27T22:14:20.687-0800: 74.015: [DefNew: 139862K->116K(157248K), 0.0023998 secs] 163541K->23796K(506816K), 0.0024880 secs] [Times: user=0.00 sys=0.00, real=0.01 secs] 
2020-10-27T22:14:20.780-0800: 74.108: [GC (Allocation Failure) 2020-10-27T22:14:20.780-0800: 74.108: [DefNew: 139892K->95K(157248K), 0.0024111 secs] 163572K->23775K(506816K), 0.0025034 secs] [Times: user=0.00 sys=0.00, real=0.00 secs] 
2020-10-27T22:14:20.873-0800: 74.201: [GC (Allocation Failure) 2020-10-27T22:14:20.873-0800: 74.201: [DefNew: 139871K->56K(157248K), 0.0021930 secs] 163551K->23738K(506816K), 0.0022820 secs] [Times: user=0.01 sys=0.00, real=0.00 secs] 
2020-10-27T22:14:20.965-0800: 74.293: [GC (Allocation Failure) 2020-10-27T22:14:20.965-0800: 74.293: [DefNew: 139832K->83K(157248K), 0.0022806 secs] 163514K->23765K(506816K), 0.0023683 secs] [Times: user=0.01 sys=0.00, real=0.00 secs] 
2020-10-27T22:14:21.057-0800: 74.385: [GC (Allocation Failure) 2020-10-27T22:14:21.057-0800: 74.385: [DefNew: 139859K->82K(157248K), 0.0023938 secs] 163541K->23764K(506816K), 0.0024951 secs] [Times: user=0.00 sys=0.00, real=0.00 secs] 
2020-10-27T22:14:21.150-0800: 74.478: [GC (Allocation Failure) 2020-10-27T22:14:21.150-0800: 74.478: [DefNew: 139858K->52K(157248K), 0.0020709 secs] 163540K->23733K(506816K), 0.0021612 secs] [Times: user=0.00 sys=0.00, real=0.00 secs] 
2020-10-27T22:14:21.243-0800: 74.571: [GC (Allocation Failure) 2020-10-27T22:14:21.243-0800: 74.571: [DefNew: 139828K->91K(157248K), 0.0022921 secs] 163509K->23772K(506816K), 0.0024333 secs] [Times: user=0.00 sys=0.00, real=0.00 secs] 
2020-10-27T22:14:21.342-0800: 74.670: [GC (Allocation Failure) 2020-10-27T22:14:21.342-0800: 74.670: [DefNew: 139867K->70K(157248K), 0.0022169 secs] 163548K->23752K(506816K), 0.0023031 secs] [Times: user=0.01 sys=0.00, real=0.00 secs] 
2020-10-27T22:14:21.835-0800: 75.163: [GC (Allocation Failure) 2020-10-27T22:14:21.835-0800: 75.163: [DefNew: 139846K->58K(157248K), 0.0018545 secs] 163528K->23740K(506816K), 0.0019300 secs] [Times: user=0.00 sys=0.00, real=0.00 secs] 
2020-10-27T22:14:21.923-0800: 75.251: [GC (Allocation Failure) 2020-10-27T22:14:21.923-0800: 75.251: [DefNew: 139834K->63K(157248K), 0.0021902 secs] 163516K->23744K(506816K), 0.0023050 secs] [Times: user=0.00 sys=0.00, real=0.00 secs] 
2020-10-27T22:14:22.017-0800: 75.345: [GC (Allocation Failure) 2020-10-27T22:14:22.017-0800: 75.345: [DefNew: 139839K->100K(157248K), 0.0022490 secs] 163520K->23781K(506816K), 0.0023426 secs] [Times: user=0.00 sys=0.00, real=0.00 secs] 
2020-10-27T22:14:22.107-0800: 75.435: [GC (Allocation Failure) 2020-10-27T22:14:22.107-0800: 75.435: [DefNew: 139876K->71K(157248K), 0.0021509 secs] 163557K->23753K(506816K), 0.0022395 secs] [Times: user=0.00 sys=0.00, real=0.01 secs] 
2020-10-27T22:14:22.200-0800: 75.528: [GC (Allocation Failure) 2020-10-27T22:14:22.200-0800: 75.528: [DefNew: 139847K->53K(157248K), 0.0020988 secs] 163529K->23735K(506816K), 0.0022172 secs] [Times: user=0.00 sys=0.00, real=0.00 secs] 
2020-10-27T22:14:22.294-0800: 75.622: [GC (Allocation Failure) 2020-10-27T22:14:22.294-0800: 75.622: [DefNew: 139829K->80K(157248K), 0.0021189 secs] 163511K->23762K(506816K), 0.0022067 secs] [Times: user=0.00 sys=0.00, real=0.00 secs] 
2020-10-27T22:14:22.385-0800: 75.713: [GC (Allocation Failure) 2020-10-27T22:14:22.385-0800: 75.713: [DefNew: 139856K->56K(157248K), 0.0021073 secs] 163538K->23738K(506816K), 0.0021989 secs] [Times: user=0.00 sys=0.00, real=0.00 secs] 
2020-10-27T22:14:22.478-0800: 75.806: [GC (Allocation Failure) 2020-10-27T22:14:22.478-0800: 75.806: [DefNew: 139832K->76K(157248K), 0.0021573 secs] 163514K->23758K(506816K), 0.0022448 secs] [Times: user=0.00 sys=0.00, real=0.01 secs] 
2020-10-27T22:14:22.571-0800: 75.899: [GC (Allocation Failure) 2020-10-27T22:14:22.571-0800: 75.899: [DefNew: 139852K->58K(157248K), 0.0020672 secs] 163534K->23741K(506816K), 0.0021586 secs] [Times: user=0.00 sys=0.00, real=0.00 secs] 
2020-10-27T22:14:22.665-0800: 75.993: [GC (Allocation Failure) 2020-10-27T22:14:22.665-0800: 75.993: [DefNew: 139834K->70K(157248K), 0.0019902 secs] 163517K->23752K(506816K), 0.0020728 secs] [Times: user=0.00 sys=0.00, real=0.00 secs] 
2020-10-27T22:14:22.759-0800: 76.087: [GC (Allocation Failure) 2020-10-27T22:14:22.759-0800: 76.087: [DefNew: 139846K->69K(157248K), 0.0021591 secs] 163528K->23751K(506816K), 0.0022498 secs] [Times: user=0.00 sys=0.00, real=0.01 secs] 
2020-10-27T22:14:23.177-0800: 76.505: [GC (Allocation Failure) 2020-10-27T22:14:23.177-0800: 76.505: [DefNew: 139845K->93K(157248K), 0.0023518 secs] 163527K->23775K(506816K), 0.0024471 secs] [Times: user=0.00 sys=0.00, real=0.01 secs] 
2020-10-27T22:14:23.271-0800: 76.599: [GC (Allocation Failure) 2020-10-27T22:14:23.271-0800: 76.599: [DefNew: 139869K->72K(157248K), 0.0022212 secs] 163551K->23754K(506816K), 0.0023105 secs] [Times: user=0.00 sys=0.00, real=0.00 secs] 
2020-10-27T22:14:23.365-0800: 76.693: [GC (Allocation Failure) 2020-10-27T22:14:23.365-0800: 76.693: [DefNew: 139848K->58K(157248K), 0.0021914 secs] 163530K->23741K(506816K), 0.0022790 secs] [Times: user=0.00 sys=0.00, real=0.00 secs] 
2020-10-27T22:14:23.456-0800: 76.784: [GC (Allocation Failure) 2020-10-27T22:14:23.456-0800: 76.784: [DefNew: 139834K->54K(157248K), 0.0020946 secs] 163517K->23736K(506816K), 0.0021794 secs] [Times: user=0.00 sys=0.00, real=0.00 secs] 
2020-10-27T22:14:23.548-0800: 76.876: [GC (Allocation Failure) 2020-10-27T22:14:23.548-0800: 76.876: [DefNew: 139830K->76K(157248K), 0.0024733 secs] 163512K->23759K(506816K), 0.0025688 secs] [Times: user=0.01 sys=0.00, real=0.01 secs] 
2020-10-27T22:14:23.642-0800: 76.970: [GC (Allocation Failure) 2020-10-27T22:14:23.642-0800: 76.970: [DefNew: 139852K->75K(157248K), 0.0023222 secs] 163535K->23758K(506816K), 0.0024075 secs] [Times: user=0.00 sys=0.00, real=0.00 secs] 
2020-10-27T22:14:23.735-0800: 77.063: [GC (Allocation Failure) 2020-10-27T22:14:23.735-0800: 77.063: [DefNew: 139851K->76K(157248K), 0.0021682 secs] 163534K->23759K(506816K), 0.0022669 secs] [Times: user=0.00 sys=0.00, real=0.00 secs] 
2020-10-27T22:14:23.831-0800: 77.159: [GC (Allocation Failure) 2020-10-27T22:14:23.831-0800: 77.159: [DefNew: 139852K->55K(157248K), 0.0020988 secs] 163535K->23738K(506816K), 0.0021871 secs] [Times: user=0.00 sys=0.00, real=0.00 secs] 
2020-10-27T22:14:23.928-0800: 77.256: [GC (Allocation Failure) 2020-10-27T22:14:23.928-0800: 77.256: [DefNew: 139831K->80K(157248K), 0.0021445 secs] 163514K->23762K(506816K), 0.0022275 secs] [Times: user=0.00 sys=0.00, real=0.01 secs] 
2020-10-27T22:14:24.022-0800: 77.350: [GC (Allocation Failure) 2020-10-27T22:14:24.022-0800: 77.350: [DefNew: 139856K->65K(157248K), 0.0021881 secs] 163538K->23747K(506816K), 0.0022742 secs] [Times: user=0.01 sys=0.00, real=0.00 secs] 
2020-10-27T22:14:24.117-0800: 77.445: [GC (Allocation Failure) 2020-10-27T22:14:24.118-0800: 77.446: [DefNew: 139841K->78K(157248K), 0.0024711 secs] 163523K->23761K(506816K), 0.0025659 secs] [Times: user=0.00 sys=0.00, real=0.01 secs] 
2020-10-27T22:14:24.547-0800: 77.875: [GC (Allocation Failure) 2020-10-27T22:14:24.547-0800: 77.875: [DefNew: 139854K->79K(157248K), 0.0022235 secs] 163537K->23761K(506816K), 0.0023148 secs] [Times: user=0.01 sys=0.00, real=0.00 secs] 
2020-10-27T22:14:24.646-0800: 77.974: [GC (Allocation Failure) 2020-10-27T22:14:24.646-0800: 77.974: [DefNew: 139855K->80K(157248K), 0.0019853 secs] 163537K->23763K(506816K), 0.0021224 secs] [Times: user=0.00 sys=0.00, real=0.00 secs] 
2020-10-27T22:14:24.739-0800: 78.067: [GC (Allocation Failure) 2020-10-27T22:14:24.739-0800: 78.067: [DefNew: 139856K->52K(157248K), 0.0021100 secs] 163539K->23735K(506816K), 0.0021979 secs] [Times: user=0.00 sys=0.00, real=0.01 secs] 
2020-10-27T22:14:24.834-0800: 78.161: [GC (Allocation Failure) 2020-10-27T22:14:24.834-0800: 78.162: [DefNew: 139828K->53K(157248K), 0.0020678 secs] 163511K->23735K(506816K), 0.0021558 secs] [Times: user=0.01 sys=0.00, real=0.00 secs] 
2020-10-27T22:14:24.930-0800: 78.258: [GC (Allocation Failure) 2020-10-27T22:14:24.930-0800: 78.258: [DefNew: 139829K->65K(157248K), 0.0022852 secs] 163511K->23747K(506816K), 0.0023746 secs] [Times: user=0.01 sys=0.00, real=0.00 secs] 
2020-10-27T22:14:25.023-0800: 78.351: [GC (Allocation Failure) 2020-10-27T22:14:25.023-0800: 78.351: [DefNew: 139841K->77K(157248K), 0.0020207 secs] 163523K->23760K(506816K), 0.0021004 secs] [Times: user=0.00 sys=0.00, real=0.00 secs] 
2020-10-27T22:14:25.116-0800: 78.444: [GC (Allocation Failure) 2020-10-27T22:14:25.116-0800: 78.444: [DefNew: 139853K->82K(157248K), 0.0022326 secs] 163536K->23765K(506816K), 0.0023220 secs] [Times: user=0.00 sys=0.00, real=0.00 secs] 
2020-10-27T22:14:25.209-0800: 78.536: [GC (Allocation Failure) 2020-10-27T22:14:25.209-0800: 78.537: [DefNew: 139858K->66K(157248K), 0.0023529 secs] 163541K->23748K(506816K), 0.0024406 secs] [Times: user=0.01 sys=0.00, real=0.01 secs] 
2020-10-27T22:14:25.305-0800: 78.633: [GC (Allocation Failure) 2020-10-27T22:14:25.305-0800: 78.633: [DefNew: 139842K->76K(157248K), 0.0023440 secs] 163524K->23758K(506816K), 0.0024355 secs] [Times: user=0.00 sys=0.00, real=0.00 secs] 
2020-10-27T22:14:25.398-0800: 78.726: [GC (Allocation Failure) 2020-10-27T22:14:25.398-0800: 78.726: [DefNew: 139852K->78K(157248K), 0.0022711 secs] 163534K->23761K(506816K), 0.0023649 secs] [Times: user=0.01 sys=0.00, real=0.01 secs] 
2020-10-27T22:14:25.849-0800: 79.177: [GC (Allocation Failure) 2020-10-27T22:14:25.849-0800: 79.177: [DefNew: 139854K->75K(157248K), 0.0020506 secs] 163537K->23758K(506816K), 0.0021542 secs] [Times: user=0.00 sys=0.00, real=0.01 secs] 
2020-10-27T22:14:25.944-0800: 79.272: [GC (Allocation Failure) 2020-10-27T22:14:25.944-0800: 79.272: [DefNew: 139851K->71K(157248K), 0.0020872 secs] 163534K->23753K(506816K), 0.0021682 secs] [Times: user=0.00 sys=0.00, real=0.00 secs] 
2020-10-27T22:14:26.044-0800: 79.371: [GC (Allocation Failure) 2020-10-27T22:14:26.044-0800: 79.372: [DefNew: 139847K->58K(157248K), 0.0020888 secs] 163529K->23740K(506816K), 0.0021777 secs] [Times: user=0.00 sys=0.00, real=0.00 secs] 
2020-10-27T22:14:26.146-0800: 79.474: [GC (Allocation Failure) 2020-10-27T22:14:26.146-0800: 79.474: [DefNew: 139834K->73K(157248K), 0.0022164 secs] 163516K->23756K(506816K), 0.0023010 secs] [Times: user=0.00 sys=0.01, real=0.00 secs] 
2020-10-27T22:14:26.253-0800: 79.580: [GC (Allocation Failure) 2020-10-27T22:14:26.253-0800: 79.581: [DefNew: 139849K->67K(157248K), 0.0025079 secs] 163532K->23750K(506816K), 0.0026138 secs] [Times: user=0.01 sys=0.00, real=0.00 secs] 
2020-10-27T22:14:26.396-0800: 79.724: [GC (Allocation Failure) 2020-10-27T22:14:26.396-0800: 79.724: [DefNew: 139843K->80K(157248K), 0.0022224 secs] 163526K->23762K(506816K), 0.0023160 secs] [Times: user=0.01 sys=0.00, real=0.00 secs] 
2020-10-27T22:14:26.532-0800: 79.860: [GC (Allocation Failure) 2020-10-27T22:14:26.532-0800: 79.860: [DefNew: 139856K->72K(157248K), 0.0021541 secs] 163538K->23755K(506816K), 0.0022416 secs] [Times: user=0.01 sys=0.00, real=0.00 secs] 
2020-10-27T22:14:26.665-0800: 79.993: [GC (Allocation Failure) 2020-10-27T22:14:26.665-0800: 79.993: [DefNew: 139848K->64K(157248K), 0.0021987 secs] 163531K->23747K(506816K), 0.0023097 secs] [Times: user=0.00 sys=0.00, real=0.00 secs] 
2020-10-27T22:14:26.791-0800: 80.119: [GC (Allocation Failure) 2020-10-27T22:14:26.791-0800: 80.119: [DefNew: 139840K->65K(157248K), 0.0025518 secs] 163523K->23748K(506816K), 0.0026739 secs] [Times: user=0.01 sys=0.00, real=0.00 secs] 
2020-10-27T22:14:31.498-0800: 84.826: [GC (Allocation Failure) 2020-10-27T22:14:31.498-0800: 84.826: [DefNew: 139841K->55K(157248K), 0.0021759 secs] 163524K->23738K(506816K), 0.0022597 secs] [Times: user=0.00 sys=0.00, real=0.01 secs] 
2020-10-27T22:14:31.591-0800: 84.919: [GC (Allocation Failure) 2020-10-27T22:14:31.591-0800: 84.919: [DefNew: 139831K->60K(157248K), 0.0021605 secs] 163514K->23742K(506816K), 0.0022505 secs] [Times: user=0.00 sys=0.00, real=0.00 secs] 
2020-10-27T22:14:31.688-0800: 85.016: [GC (Allocation Failure) 2020-10-27T22:14:31.688-0800: 85.016: [DefNew: 139836K->80K(157248K), 0.0024420 secs] 163518K->23762K(506816K), 0.0025394 secs] [Times: user=0.00 sys=0.00, real=0.01 secs] 
2020-10-27T22:14:31.785-0800: 85.113: [GC (Allocation Failure) 2020-10-27T22:14:31.785-0800: 85.113: [DefNew: 139856K->62K(157248K), 0.0021583 secs] 163538K->23745K(506816K), 0.0022472 secs] [Times: user=0.01 sys=0.00, real=0.00 secs] 
2020-10-27T22:14:31.877-0800: 85.205: [GC (Allocation Failure) 2020-10-27T22:14:31.877-0800: 85.205: [DefNew: 139838K->91K(157248K), 0.0020982 secs] 163521K->23773K(506816K), 0.0021778 secs] [Times: user=0.01 sys=0.00, real=0.01 secs] 
2020-10-27T22:14:31.969-0800: 85.297: [GC (Allocation Failure) 2020-10-27T22:14:31.969-0800: 85.297: [DefNew: 139867K->76K(157248K), 0.0023253 secs] 163549K->23759K(506816K), 0.0024208 secs] [Times: user=0.00 sys=0.00, real=0.01 secs] 
2020-10-27T22:14:32.062-0800: 85.390: [GC (Allocation Failure) 2020-10-27T22:14:32.062-0800: 85.390: [DefNew: 139852K->73K(157248K), 0.0024072 secs] 163535K->23756K(506816K), 0.0024951 secs] [Times: user=0.00 sys=0.00, real=0.00 secs] 
2020-10-27T22:14:32.156-0800: 85.484: [GC (Allocation Failure) 2020-10-27T22:14:32.156-0800: 85.484: [DefNew: 139849K->73K(157248K), 0.0021562 secs] 163532K->23756K(506816K), 0.0022475 secs] [Times: user=0.00 sys=0.00, real=0.00 secs] 
2020-10-27T22:14:32.249-0800: 85.577: [GC (Allocation Failure) 2020-10-27T22:14:32.249-0800: 85.577: [DefNew: 139849K->72K(157248K), 0.0022159 secs] 163532K->23755K(506816K), 0.0023121 secs] [Times: user=0.00 sys=0.00, real=0.01 secs] 
2020-10-27T22:14:32.346-0800: 85.674: [GC (Allocation Failure) 2020-10-27T22:14:32.346-0800: 85.674: [DefNew: 139848K->63K(157248K), 0.0020806 secs] 163531K->23746K(506816K), 0.0021679 secs] [Times: user=0.00 sys=0.00, real=0.00 secs] 
2020-10-27T22:14:32.446-0800: 85.774: [GC (Allocation Failure) 2020-10-27T22:14:32.446-0800: 85.774: [DefNew: 139839K->61K(157248K), 0.0021154 secs] 163522K->23744K(506816K), 0.0022187 secs] [Times: user=0.00 sys=0.00, real=0.00 secs] 
2020-10-27T22:14:32.551-0800: 85.879: [GC (Allocation Failure) 2020-10-27T22:14:32.551-0800: 85.879: [DefNew: 139837K->58K(157248K), 0.0021981 secs] 163520K->23740K(506816K), 0.0023466 secs] [Times: user=0.00 sys=0.00, real=0.00 secs] 
2020-10-27T22:14:32.647-0800: 85.974: [GC (Allocation Failure) 2020-10-27T22:14:32.647-0800: 85.974: [DefNew: 139834K->106K(157248K), 0.0021676 secs] 163516K->23789K(506816K), 0.0022602 secs] [Times: user=0.00 sys=0.00, real=0.00 secs] 
2020-10-27T22:14:32.740-0800: 86.068: [GC (Allocation Failure) 2020-10-27T22:14:32.740-0800: 86.068: [DefNew: 139882K->79K(157248K), 0.0022215 secs] 163565K->23762K(506816K), 0.0023177 secs] [Times: user=0.00 sys=0.00, real=0.00 secs] 
2020-10-27T22:14:32.860-0800: 86.188: [GC (Allocation Failure) 2020-10-27T22:14:32.860-0800: 86.188: [DefNew: 139855K->64K(157248K), 0.0024886 secs] 163538K->23747K(506816K), 0.0025848 secs] [Times: user=0.00 sys=0.00, real=0.00 secs] 
2020-10-27T22:14:32.968-0800: 86.296: [GC (Allocation Failure) 2020-10-27T22:14:32.968-0800: 86.296: [DefNew: 139840K->68K(157248K), 0.0020436 secs] 163523K->23751K(506816K), 0.0021741 secs] [Times: user=0.00 sys=0.00, real=0.01 secs] 
2020-10-27T22:14:33.065-0800: 86.393: [GC (Allocation Failure) 2020-10-27T22:14:33.065-0800: 86.393: [DefNew: 139844K->67K(157248K), 0.0020475 secs] 163527K->23750K(506816K), 0.0021263 secs] [Times: user=0.00 sys=0.00, real=0.00 secs] 
2020-10-27T22:14:33.158-0800: 86.486: [GC (Allocation Failure) 2020-10-27T22:14:33.158-0800: 86.486: [DefNew: 139843K->76K(157248K), 0.0022613 secs] 163526K->23759K(506816K), 0.0023641 secs] [Times: user=0.00 sys=0.00, real=0.01 secs] 
2020-10-27T22:14:33.254-0800: 86.582: [GC (Allocation Failure) 2020-10-27T22:14:33.255-0800: 86.582: [DefNew: 139852K->79K(157248K), 0.0031583 secs] 163535K->23762K(506816K), 0.0032580 secs] [Times: user=0.01 sys=0.00, real=0.00 secs] 
2020-10-27T22:14:33.348-0800: 86.675: [GC (Allocation Failure) 2020-10-27T22:14:33.348-0800: 86.676: [DefNew: 139855K->85K(157248K), 0.0021771 secs] 163538K->23769K(506816K), 0.0022618 secs] [Times: user=0.00 sys=0.00, real=0.01 secs] 
2020-10-27T22:14:33.959-0800: 87.287: [GC (Allocation Failure) 2020-10-27T22:14:33.959-0800: 87.287: [DefNew: 139861K->66K(157248K), 0.0020572 secs] 163545K->23749K(506816K), 0.0021574 secs] [Times: user=0.00 sys=0.00, real=0.01 secs] 
2020-10-27T22:14:34.055-0800: 87.383: [GC (Allocation Failure) 2020-10-27T22:14:34.055-0800: 87.383: [DefNew: 139842K->73K(157248K), 0.0033456 secs] 163525K->23756K(506816K), 0.0035352 secs] [Times: user=0.01 sys=0.00, real=0.00 secs] 
2020-10-27T22:14:34.159-0800: 87.487: [GC (Allocation Failure) 2020-10-27T22:14:34.159-0800: 87.487: [DefNew: 139849K->93K(157248K), 0.0020458 secs] 163532K->23776K(506816K), 0.0021239 secs] [Times: user=0.00 sys=0.00, real=0.01 secs] 
2020-10-27T22:14:34.263-0800: 87.591: [GC (Allocation Failure) 2020-10-27T22:14:34.263-0800: 87.591: [DefNew: 139869K->67K(157248K), 0.0029638 secs] 163552K->23750K(506816K), 0.0031521 secs] [Times: user=0.00 sys=0.00, real=0.00 secs] 
2020-10-27T22:14:34.368-0800: 87.696: [GC (Allocation Failure) 2020-10-27T22:14:34.368-0800: 87.696: [DefNew: 139843K->89K(157248K), 0.0022736 secs] 163526K->23772K(506816K), 0.0023637 secs] [Times: user=0.00 sys=0.00, real=0.01 secs] 
2020-10-27T22:14:34.473-0800: 87.801: [GC (Allocation Failure) 2020-10-27T22:14:34.473-0800: 87.801: [DefNew: 139865K->73K(157248K), 0.0021882 secs] 163548K->23756K(506816K), 0.0022788 secs] [Times: user=0.00 sys=0.00, real=0.00 secs] 
2020-10-27T22:14:34.570-0800: 87.898: [GC (Allocation Failure) 2020-10-27T22:14:34.570-0800: 87.898: [DefNew: 139849K->54K(157248K), 0.0020590 secs] 163532K->23738K(506816K), 0.0021580 secs] [Times: user=0.00 sys=0.00, real=0.00 secs] 
2020-10-27T22:14:34.663-0800: 87.991: [GC (Allocation Failure) 2020-10-27T22:14:34.663-0800: 87.991: [DefNew: 139830K->73K(157248K), 0.0024443 secs] 163514K->23756K(506816K), 0.0025431 secs] [Times: user=0.00 sys=0.00, real=0.00 secs] 
2020-10-27T22:14:34.759-0800: 88.087: [GC (Allocation Failure) 2020-10-27T22:14:34.759-0800: 88.087: [DefNew: 139849K->61K(157248K), 0.0026335 secs] 163532K->23744K(506816K), 0.0028209 secs] [Times: user=0.00 sys=0.00, real=0.01 secs] 
2020-10-27T22:14:34.858-0800: 88.186: [GC (Allocation Failure) 2020-10-27T22:14:34.858-0800: 88.186: [DefNew: 139837K->52K(157248K), 0.0018969 secs] 163520K->23735K(506816K), 0.0019715 secs] [Times: user=0.00 sys=0.00, real=0.01 secs] 
2020-10-27T22:14:35.184-0800: 88.512: [GC (Allocation Failure) 2020-10-27T22:14:35.184-0800: 88.512: [DefNew: 139828K->67K(157248K), 0.0019444 secs] 163511K->23751K(506816K), 0.0020159 secs] [Times: user=0.00 sys=0.00, real=0.00 secs] 
2020-10-27T22:14:35.277-0800: 88.605: [GC (Allocation Failure) 2020-10-27T22:14:35.278-0800: 88.605: [DefNew: 139843K->72K(157248K), 0.0030968 secs] 163527K->23756K(506816K), 0.0032780 secs] [Times: user=0.01 sys=0.00, real=0.01 secs] 
2020-10-27T22:14:35.382-0800: 88.710: [GC (Allocation Failure) 2020-10-27T22:14:35.382-0800: 88.710: [DefNew: 139848K->63K(157248K), 0.0021112 secs] 163532K->23746K(506816K), 0.0022039 secs] [Times: user=0.00 sys=0.00, real=0.00 secs] 
2020-10-27T22:14:35.482-0800: 88.810: [GC (Allocation Failure) 2020-10-27T22:14:35.482-0800: 88.810: [DefNew: 139839K->84K(157248K), 0.0020602 secs] 163522K->23767K(506816K), 0.0021395 secs] [Times: user=0.01 sys=0.00, real=0.00 secs] 
2020-10-27T22:14:35.629-0800: 88.957: [GC (Allocation Failure) 2020-10-27T22:14:35.629-0800: 88.957: [DefNew: 139860K->70K(157248K), 0.0022835 secs] 163543K->23753K(506816K), 0.0023955 secs] [Times: user=0.00 sys=0.00, real=0.01 secs] 
2020-10-27T22:14:35.771-0800: 89.099: [GC (Allocation Failure) 2020-10-27T22:14:35.771-0800: 89.099: [DefNew: 139846K->68K(157248K), 0.0031098 secs] 163529K->23752K(506816K), 0.0032769 secs] [Times: user=0.00 sys=0.00, real=0.00 secs] 
2020-10-27T22:14:35.897-0800: 89.225: [GC (Allocation Failure) 2020-10-27T22:14:35.897-0800: 89.225: [DefNew: 139844K->55K(157248K), 0.0032879 secs] 163528K->23738K(506816K), 0.0033885 secs] [Times: user=0.00 sys=0.00, real=0.01 secs] 
Heap
 def new generation   total 157248K, used 44670K [0x00000007a0000000, 0x00000007aaaa0000, 0x00000007aaaa0000)
  eden space 139776K,  31% used [0x00000007a0000000, 0x00000007a2b91be0, 0x00000007a8880000)
  from space 17472K,   0% used [0x00000007a9990000, 0x00000007a999dc38, 0x00000007aaaa0000)
  to   space 17472K,   0% used [0x00000007a8880000, 0x00000007a8880000, 0x00000007a9990000)
 tenured generation   total 349568K, used 23683K [0x00000007aaaa0000, 0x00000007c0000000, 0x00000007c0000000)
   the space 349568K,   6% used [0x00000007aaaa0000, 0x00000007ac1c0dc0, 0x00000007ac1c0e00, 0x00000007c0000000)
 Metaspace       used 36691K, capacity 38700K, committed 39088K, reserved 1083392K
  class space    used 4591K, capacity 4933K, committed 5040K, reserved 1048576K
