Java HotSpot(TM) 64-Bit Server VM (25.251-b08) for bsd-amd64 JRE (1.8.0_251-b08), built on Mar 12 2020 02:36:37 by "java_re" with gcc 4.2.1 (Based on Apple Inc. build 5658) (LLVM build 2336.11.00)
Memory: 4k page, physical 33554432k(1026816k free)

/proc/meminfo:

CommandLine flags: -XX:InitialHeapSize=536870912 -XX:MaxHeapSize=536870912 -XX:MaxNewSize=178958336 -XX:MaxTenuringThreshold=6 -XX:NewSize=178958336 -XX:OldPLABSize=16 -XX:OldSize=357912576 -XX:+PrintGC -XX:+PrintGCDateStamps -XX:+PrintGCDetails -XX:+PrintGCTimeStamps -XX:+UseCompressedClassPointers -XX:+UseCompressedOops -XX:+UseConcMarkSweepGC -XX:+UseParNewGC 
2020-10-27T21:49:34.434-0800: 0.147: [GC (Allocation Failure) 2020-10-27T21:49:34.434-0800: 0.147: [ParNew: 139776K->17471K(157248K), 0.0153268 secs] 139776K->42354K(506816K), 0.0154470 secs] [Times: user=0.04 sys=0.06, real=0.01 secs] 
2020-10-27T21:49:34.466-0800: 0.180: [GC (Allocation Failure) 2020-10-27T21:49:34.466-0800: 0.180: [ParNew: 157247K->17472K(157248K), 0.0204734 secs] 182130K->91901K(506816K), 0.0205614 secs] [Times: user=0.04 sys=0.10, real=0.02 secs] 
2020-10-27T21:49:34.501-0800: 0.215: [GC (Allocation Failure) 2020-10-27T21:49:34.501-0800: 0.215: [ParNew: 157248K->17471K(157248K), 0.0238758 secs] 231677K->133923K(506816K), 0.0239627 secs] [Times: user=0.16 sys=0.01, real=0.02 secs] 
2020-10-27T21:49:34.538-0800: 0.252: [GC (Allocation Failure) 2020-10-27T21:49:34.538-0800: 0.252: [ParNew: 157132K->17469K(157248K), 0.0256904 secs] 273584K->182288K(506816K), 0.0257746 secs] [Times: user=0.18 sys=0.01, real=0.03 secs] 
2020-10-27T21:49:34.578-0800: 0.291: [GC (Allocation Failure) 2020-10-27T21:49:34.578-0800: 0.291: [ParNew: 157111K->17471K(157248K), 0.0258859 secs] 321930K->229822K(506816K), 0.0259674 secs] [Times: user=0.18 sys=0.02, real=0.03 secs] 
2020-10-27T21:49:34.604-0800: 0.317: [GC (CMS Initial Mark) [1 CMS-initial-mark: 212351K(349568K)] 230386K(506816K), 0.0002504 secs] [Times: user=0.00 sys=0.00, real=0.00 secs] 
2020-10-27T21:49:34.604-0800: 0.318: [CMS-concurrent-mark-start]
2020-10-27T21:49:34.606-0800: 0.319: [CMS-concurrent-mark: 0.002/0.002 secs] [Times: user=0.00 sys=0.00, real=0.00 secs] 
2020-10-27T21:49:34.606-0800: 0.319: [CMS-concurrent-preclean-start]
2020-10-27T21:49:34.606-0800: 0.320: [CMS-concurrent-preclean: 0.001/0.001 secs] [Times: user=0.01 sys=0.00, real=0.00 secs] 
2020-10-27T21:49:34.606-0800: 0.320: [CMS-concurrent-abortable-preclean-start]
2020-10-27T21:49:34.617-0800: 0.331: [GC (Allocation Failure) 2020-10-27T21:49:34.617-0800: 0.331: [ParNew: 157247K->17471K(157248K), 0.0305447 secs] 369598K->285087K(506816K), 0.0306344 secs] [Times: user=0.21 sys=0.01, real=0.03 secs] 
2020-10-27T21:49:34.661-0800: 0.375: [GC (Allocation Failure) 2020-10-27T21:49:34.661-0800: 0.375: [ParNew: 157247K->17471K(157248K), 0.0238732 secs] 424863K->328413K(506816K), 0.0239618 secs] [Times: user=0.17 sys=0.02, real=0.02 secs] 
2020-10-27T21:49:34.699-0800: 0.412: [GC (Allocation Failure) 2020-10-27T21:49:34.699-0800: 0.412: [ParNew: 157247K->157247K(157248K), 0.0000181 secs]2020-10-27T21:49:34.699-0800: 0.412: [CMS2020-10-27T21:49:34.699-0800: 0.412: [CMS-concurrent-abortable-preclean: 0.003/0.092 secs] [Times: user=0.42 sys=0.03, real=0.09 secs] 
 (concurrent mode failure): 310942K->260205K(349568K), 0.0286151 secs] 468189K->260205K(506816K), [Metaspace: 2737K->2737K(1056768K)], 0.0287306 secs] [Times: user=0.03 sys=0.00, real=0.03 secs] 
2020-10-27T21:49:34.741-0800: 0.454: [GC (Allocation Failure) 2020-10-27T21:49:34.741-0800: 0.454: [ParNew: 139776K->17470K(157248K), 0.0044751 secs] 399981K->307084K(506816K), 0.0045629 secs] [Times: user=0.03 sys=0.00, real=0.00 secs] 
2020-10-27T21:49:34.745-0800: 0.459: [GC (CMS Initial Mark) [1 CMS-initial-mark: 289613K(349568K)] 309916K(506816K), 0.0001855 secs] [Times: user=0.00 sys=0.00, real=0.00 secs] 
2020-10-27T21:49:34.746-0800: 0.459: [CMS-concurrent-mark-start]
2020-10-27T21:49:34.747-0800: 0.460: [CMS-concurrent-mark: 0.001/0.001 secs] [Times: user=0.00 sys=0.00, real=0.00 secs] 
2020-10-27T21:49:34.747-0800: 0.460: [CMS-concurrent-preclean-start]
2020-10-27T21:49:34.747-0800: 0.461: [CMS-concurrent-preclean: 0.000/0.000 secs] [Times: user=0.01 sys=0.00, real=0.00 secs] 
2020-10-27T21:49:34.747-0800: 0.461: [CMS-concurrent-abortable-preclean-start]
2020-10-27T21:49:34.759-0800: 0.473: [GC (Allocation Failure) 2020-10-27T21:49:34.759-0800: 0.473: [ParNew: 157246K->17471K(157248K), 0.0155325 secs] 446860K->351894K(506816K), 0.0156094 secs] [Times: user=0.11 sys=0.01, real=0.02 secs] 
2020-10-27T21:49:34.775-0800: 0.488: [CMS-concurrent-abortable-preclean: 0.000/0.027 secs] [Times: user=0.12 sys=0.01, real=0.03 secs] 
2020-10-27T21:49:34.775-0800: 0.488: [GC (CMS Final Remark) [YG occupancy: 17717 K (157248 K)]2020-10-27T21:49:34.775-0800: 0.488: [Rescan (parallel) , 0.0002159 secs]2020-10-27T21:49:34.775-0800: 0.489: [weak refs processing, 0.0000106 secs]2020-10-27T21:49:34.775-0800: 0.489: [class unloading, 0.0001507 secs]2020-10-27T21:49:34.775-0800: 0.489: [scrub symbol table, 0.0002410 secs]2020-10-27T21:49:34.775-0800: 0.489: [scrub string table, 0.0001471 secs][1 CMS-remark: 334422K(349568K)] 352140K(506816K), 0.0008523 secs] [Times: user=0.00 sys=0.00, real=0.00 secs] 
2020-10-27T21:49:34.776-0800: 0.489: [CMS-concurrent-sweep-start]
2020-10-27T21:49:34.776-0800: 0.490: [CMS-concurrent-sweep: 0.000/0.000 secs] [Times: user=0.00 sys=0.00, real=0.00 secs] 
2020-10-27T21:49:34.776-0800: 0.490: [CMS-concurrent-reset-start]
2020-10-27T21:49:34.776-0800: 0.490: [CMS-concurrent-reset: 0.000/0.000 secs] [Times: user=0.00 sys=0.00, real=0.00 secs] 
2020-10-27T21:49:34.789-0800: 0.502: [GC (Allocation Failure) 2020-10-27T21:49:34.789-0800: 0.502: [ParNew: 157247K->157247K(157248K), 0.0000165 secs]2020-10-27T21:49:34.789-0800: 0.503: [CMS: 302343K->298123K(349568K), 0.0288057 secs] 459591K->298123K(506816K), [Metaspace: 2737K->2737K(1056768K)], 0.0289170 secs] [Times: user=0.03 sys=0.00, real=0.03 secs] 
2020-10-27T21:49:34.818-0800: 0.532: [GC (CMS Initial Mark) [1 CMS-initial-mark: 298123K(349568K)] 298267K(506816K), 0.0001947 secs] [Times: user=0.00 sys=0.00, real=0.00 secs] 
2020-10-27T21:49:34.818-0800: 0.532: [CMS-concurrent-mark-start]
2020-10-27T21:49:34.819-0800: 0.533: [CMS-concurrent-mark: 0.001/0.001 secs] [Times: user=0.00 sys=0.00, real=0.00 secs] 
2020-10-27T21:49:34.819-0800: 0.533: [CMS-concurrent-preclean-start]
2020-10-27T21:49:34.820-0800: 0.533: [CMS-concurrent-preclean: 0.000/0.000 secs] [Times: user=0.00 sys=0.00, real=0.01 secs] 
2020-10-27T21:49:34.820-0800: 0.533: [CMS-concurrent-abortable-preclean-start]
2020-10-27T21:49:34.832-0800: 0.546: [GC (Allocation Failure) 2020-10-27T21:49:34.832-0800: 0.546: [ParNew: 139776K->17471K(157248K), 0.0038942 secs] 437899K->342038K(506816K), 0.0039702 secs] [Times: user=0.02 sys=0.00, real=0.00 secs] 
2020-10-27T21:49:34.849-0800: 0.563: [GC (Allocation Failure) 2020-10-27T21:49:34.849-0800: 0.563: [ParNew: 157247K->157247K(157248K), 0.0000171 secs]2020-10-27T21:49:34.849-0800: 0.563: [CMS2020-10-27T21:49:34.849-0800: 0.563: [CMS-concurrent-abortable-preclean: 0.002/0.030 secs] [Times: user=0.06 sys=0.00, real=0.02 secs] 
 (concurrent mode failure): 324567K->314035K(349568K), 0.0296018 secs] 481814K->314035K(506816K), [Metaspace: 2737K->2737K(1056768K)], 0.0297140 secs] [Times: user=0.03 sys=0.00, real=0.03 secs] 
2020-10-27T21:49:34.893-0800: 0.607: [GC (Allocation Failure) 2020-10-27T21:49:34.893-0800: 0.607: [ParNew: 139458K->17471K(157248K), 0.0106572 secs] 453493K->366128K(506816K), 0.0107337 secs] [Times: user=0.07 sys=0.00, real=0.01 secs] 
2020-10-27T21:49:34.904-0800: 0.617: [GC (CMS Initial Mark) [1 CMS-initial-mark: 348656K(349568K)] 369216K(506816K), 0.0001581 secs] [Times: user=0.00 sys=0.00, real=0.00 secs] 
2020-10-27T21:49:34.904-0800: 0.618: [CMS-concurrent-mark-start]
2020-10-27T21:49:34.905-0800: 0.619: [CMS-concurrent-mark: 0.001/0.001 secs] [Times: user=0.01 sys=0.00, real=0.00 secs] 
2020-10-27T21:49:34.905-0800: 0.619: [CMS-concurrent-preclean-start]
2020-10-27T21:49:34.906-0800: 0.619: [CMS-concurrent-preclean: 0.000/0.000 secs] [Times: user=0.00 sys=0.00, real=0.00 secs] 
2020-10-27T21:49:34.906-0800: 0.619: [CMS-concurrent-abortable-preclean-start]
2020-10-27T21:49:34.906-0800: 0.619: [CMS-concurrent-abortable-preclean: 0.000/0.000 secs] [Times: user=0.00 sys=0.00, real=0.00 secs] 
2020-10-27T21:49:34.906-0800: 0.619: [GC (CMS Final Remark) [YG occupancy: 38275 K (157248 K)]2020-10-27T21:49:34.906-0800: 0.619: [Rescan (parallel) , 0.0002241 secs]2020-10-27T21:49:34.906-0800: 0.620: [weak refs processing, 0.0000112 secs]2020-10-27T21:49:34.906-0800: 0.620: [class unloading, 0.0001424 secs]2020-10-27T21:49:34.906-0800: 0.620: [scrub symbol table, 0.0002194 secs]2020-10-27T21:49:34.906-0800: 0.620: [scrub string table, 0.0001435 secs][1 CMS-remark: 348656K(349568K)] 386932K(506816K), 0.0007914 secs] [Times: user=0.00 sys=0.00, real=0.00 secs] 
2020-10-27T21:49:34.907-0800: 0.620: [CMS-concurrent-sweep-start]
2020-10-27T21:49:34.907-0800: 0.621: [CMS-concurrent-sweep: 0.000/0.000 secs] [Times: user=0.00 sys=0.00, real=0.00 secs] 
2020-10-27T21:49:34.907-0800: 0.621: [CMS-concurrent-reset-start]
2020-10-27T21:49:34.907-0800: 0.621: [CMS-concurrent-reset: 0.000/0.000 secs] [Times: user=0.00 sys=0.00, real=0.00 secs] 
2020-10-27T21:49:34.918-0800: 0.632: [GC (Allocation Failure) 2020-10-27T21:49:34.918-0800: 0.632: [ParNew (promotion failed): 156724K->156723K(157248K), 0.0055342 secs]2020-10-27T21:49:34.924-0800: 0.637: [CMS: 328331K->323143K(349568K), 0.0278306 secs] 453244K->323143K(506816K), [Metaspace: 2737K->2737K(1056768K)], 0.0334757 secs] [Times: user=0.07 sys=0.01, real=0.04 secs] 
2020-10-27T21:49:34.952-0800: 0.665: [GC (CMS Initial Mark) [1 CMS-initial-mark: 323143K(349568K)] 323706K(506816K), 0.0001328 secs] [Times: user=0.00 sys=0.00, real=0.00 secs] 
2020-10-27T21:49:34.952-0800: 0.666: [CMS-concurrent-mark-start]
2020-10-27T21:49:34.953-0800: 0.667: [CMS-concurrent-mark: 0.001/0.001 secs] [Times: user=0.00 sys=0.00, real=0.00 secs] 
2020-10-27T21:49:34.953-0800: 0.667: [CMS-concurrent-preclean-start]
2020-10-27T21:49:34.954-0800: 0.667: [CMS-concurrent-preclean: 0.000/0.000 secs] [Times: user=0.00 sys=0.00, real=0.00 secs] 
2020-10-27T21:49:34.954-0800: 0.667: [CMS-concurrent-abortable-preclean-start]
2020-10-27T21:49:34.965-0800: 0.679: [GC (Allocation Failure) 2020-10-27T21:49:34.965-0800: 0.679: [ParNew: 139776K->139776K(157248K), 0.0000169 secs]2020-10-27T21:49:34.965-0800: 0.679: [CMS2020-10-27T21:49:34.965-0800: 0.679: [CMS-concurrent-abortable-preclean: 0.000/0.011 secs] [Times: user=0.01 sys=0.00, real=0.01 secs] 
 (concurrent mode failure): 323143K->328966K(349568K), 0.0277389 secs] 462919K->328966K(506816K), [Metaspace: 2737K->2737K(1056768K)], 0.0278407 secs] [Times: user=0.03 sys=0.00, real=0.03 secs] 
2020-10-27T21:49:35.008-0800: 0.722: [GC (Allocation Failure) 2020-10-27T21:49:35.008-0800: 0.722: [ParNew: 139776K->139776K(157248K), 0.0000176 secs]2020-10-27T21:49:35.009-0800: 0.722: [CMS: 328966K->334597K(349568K), 0.0277603 secs] 468742K->334597K(506816K), [Metaspace: 2737K->2737K(1056768K)], 0.0278660 secs] [Times: user=0.03 sys=0.00, real=0.03 secs] 
2020-10-27T21:49:35.036-0800: 0.750: [GC (CMS Initial Mark) [1 CMS-initial-mark: 334597K(349568K)] 334885K(506816K), 0.0001569 secs] [Times: user=0.00 sys=0.00, real=0.00 secs] 
2020-10-27T21:49:35.037-0800: 0.750: [CMS-concurrent-mark-start]
2020-10-27T21:49:35.038-0800: 0.751: [CMS-concurrent-mark: 0.001/0.001 secs] [Times: user=0.00 sys=0.00, real=0.00 secs] 
2020-10-27T21:49:35.038-0800: 0.751: [CMS-concurrent-preclean-start]
2020-10-27T21:49:35.038-0800: 0.752: [CMS-concurrent-preclean: 0.001/0.001 secs] [Times: user=0.01 sys=0.00, real=0.00 secs] 
2020-10-27T21:49:35.038-0800: 0.752: [CMS-concurrent-abortable-preclean-start]
2020-10-27T21:49:35.038-0800: 0.752: [CMS-concurrent-abortable-preclean: 0.000/0.000 secs] [Times: user=0.00 sys=0.00, real=0.00 secs] 
2020-10-27T21:49:35.038-0800: 0.752: [GC (CMS Final Remark) [YG occupancy: 20637 K (157248 K)]2020-10-27T21:49:35.038-0800: 0.752: [Rescan (parallel) , 0.0001872 secs]2020-10-27T21:49:35.039-0800: 0.752: [weak refs processing, 0.0000089 secs]2020-10-27T21:49:35.039-0800: 0.752: [class unloading, 0.0001396 secs]2020-10-27T21:49:35.039-0800: 0.752: [scrub symbol table, 0.0002232 secs]2020-10-27T21:49:35.039-0800: 0.753: [scrub string table, 0.0001495 secs][1 CMS-remark: 334597K(349568K)] 355234K(506816K), 0.0007759 secs] [Times: user=0.00 sys=0.00, real=0.00 secs] 
2020-10-27T21:49:35.039-0800: 0.753: [CMS-concurrent-sweep-start]
2020-10-27T21:49:35.040-0800: 0.753: [CMS-concurrent-sweep: 0.000/0.000 secs] [Times: user=0.00 sys=0.00, real=0.01 secs] 
2020-10-27T21:49:35.040-0800: 0.753: [CMS-concurrent-reset-start]
2020-10-27T21:49:35.040-0800: 0.753: [CMS-concurrent-reset: 0.000/0.000 secs] [Times: user=0.00 sys=0.00, real=0.00 secs] 
2020-10-27T21:49:35.051-0800: 0.764: [GC (Allocation Failure) 2020-10-27T21:49:35.051-0800: 0.764: [ParNew: 139774K->139774K(157248K), 0.0000165 secs]2020-10-27T21:49:35.051-0800: 0.765: [CMS: 334325K->341673K(349568K), 0.0343677 secs] 474099K->341673K(506816K), [Metaspace: 2737K->2737K(1056768K)], 0.0344769 secs] [Times: user=0.03 sys=0.00, real=0.03 secs] 
2020-10-27T21:49:35.086-0800: 0.799: [GC (CMS Initial Mark) [1 CMS-initial-mark: 341673K(349568K)] 344455K(506816K), 0.0001692 secs] [Times: user=0.00 sys=0.00, real=0.00 secs] 
2020-10-27T21:49:35.086-0800: 0.799: [CMS-concurrent-mark-start]
2020-10-27T21:49:35.087-0800: 0.801: [CMS-concurrent-mark: 0.001/0.001 secs] [Times: user=0.01 sys=0.00, real=0.00 secs] 
2020-10-27T21:49:35.087-0800: 0.801: [CMS-concurrent-preclean-start]
2020-10-27T21:49:35.087-0800: 0.801: [CMS-concurrent-preclean: 0.000/0.000 secs] [Times: user=0.00 sys=0.00, real=0.00 secs] 
2020-10-27T21:49:35.087-0800: 0.801: [CMS-concurrent-abortable-preclean-start]
2020-10-27T21:49:35.087-0800: 0.801: [CMS-concurrent-abortable-preclean: 0.000/0.000 secs] [Times: user=0.00 sys=0.00, real=0.00 secs] 
2020-10-27T21:49:35.088-0800: 0.801: [GC (CMS Final Remark) [YG occupancy: 15985 K (157248 K)]2020-10-27T21:49:35.088-0800: 0.801: [Rescan (parallel) , 0.0001754 secs]2020-10-27T21:49:35.088-0800: 0.801: [weak refs processing, 0.0000113 secs]2020-10-27T21:49:35.088-0800: 0.801: [class unloading, 0.0001407 secs]2020-10-27T21:49:35.088-0800: 0.801: [scrub symbol table, 0.0002157 secs]2020-10-27T21:49:35.088-0800: 0.802: [scrub string table, 0.0001491 secs][1 CMS-remark: 341673K(349568K)] 357659K(506816K), 0.0007514 secs] [Times: user=0.00 sys=0.00, real=0.00 secs] 
2020-10-27T21:49:35.088-0800: 0.802: [CMS-concurrent-sweep-start]
2020-10-27T21:49:35.089-0800: 0.802: [CMS-concurrent-sweep: 0.000/0.000 secs] [Times: user=0.00 sys=0.00, real=0.00 secs] 
2020-10-27T21:49:35.089-0800: 0.802: [CMS-concurrent-reset-start]
2020-10-27T21:49:35.089-0800: 0.803: [CMS-concurrent-reset: 0.000/0.000 secs] [Times: user=0.00 sys=0.00, real=0.00 secs] 
2020-10-27T21:49:35.100-0800: 0.814: [GC (Allocation Failure) 2020-10-27T21:49:35.100-0800: 0.814: [ParNew: 139776K->139776K(157248K), 0.0000162 secs]2020-10-27T21:49:35.100-0800: 0.814: [CMS: 341213K->349012K(349568K), 0.0355946 secs] 480989K->352426K(506816K), [Metaspace: 2737K->2737K(1056768K)], 0.0356984 secs] [Times: user=0.04 sys=0.00, real=0.03 secs] 
2020-10-27T21:49:35.136-0800: 0.850: [GC (CMS Initial Mark) [1 CMS-initial-mark: 349012K(349568K)] 355806K(506816K), 0.0002149 secs] [Times: user=0.00 sys=0.00, real=0.00 secs] 
2020-10-27T21:49:35.136-0800: 0.850: [CMS-concurrent-mark-start]
2020-10-27T21:49:35.138-0800: 0.851: [CMS-concurrent-mark: 0.001/0.001 secs] [Times: user=0.00 sys=0.00, real=0.00 secs] 
2020-10-27T21:49:35.138-0800: 0.851: [CMS-concurrent-preclean-start]
2020-10-27T21:49:35.139-0800: 0.853: [CMS-concurrent-preclean: 0.001/0.001 secs] [Times: user=0.00 sys=0.00, real=0.00 secs] 
2020-10-27T21:49:35.139-0800: 0.853: [CMS-concurrent-abortable-preclean-start]
2020-10-27T21:49:35.139-0800: 0.853: [CMS-concurrent-abortable-preclean: 0.000/0.000 secs] [Times: user=0.00 sys=0.00, real=0.00 secs] 
2020-10-27T21:49:35.139-0800: 0.853: [GC (CMS Final Remark) [YG occupancy: 29970 K (157248 K)]2020-10-27T21:49:35.139-0800: 0.853: [Rescan (parallel) , 0.0008757 secs]2020-10-27T21:49:35.140-0800: 0.854: [weak refs processing, 0.0000127 secs]2020-10-27T21:49:35.140-0800: 0.854: [class unloading, 0.0001522 secs]2020-10-27T21:49:35.140-0800: 0.854: [scrub symbol table, 0.0002258 secs]2020-10-27T21:49:35.140-0800: 0.854: [scrub string table, 0.0001479 secs][1 CMS-remark: 349012K(349568K)] 378983K(506816K), 0.0014823 secs] [Times: user=0.01 sys=0.00, real=0.01 secs] 
2020-10-27T21:49:35.141-0800: 0.854: [CMS-concurrent-sweep-start]
2020-10-27T21:49:35.141-0800: 0.855: [CMS-concurrent-sweep: 0.000/0.000 secs] [Times: user=0.00 sys=0.00, real=0.00 secs] 
2020-10-27T21:49:35.141-0800: 0.855: [CMS-concurrent-reset-start]
2020-10-27T21:49:35.141-0800: 0.855: [CMS-concurrent-reset: 0.000/0.000 secs] [Times: user=0.00 sys=0.00, real=0.00 secs] 
2020-10-27T21:49:35.154-0800: 0.867: [GC (Allocation Failure) 2020-10-27T21:49:35.154-0800: 0.867: [ParNew: 157128K->157128K(157248K), 0.0000167 secs]2020-10-27T21:49:35.154-0800: 0.867: [CMS: 348604K->349308K(349568K), 0.0344658 secs] 505732K->354324K(506816K), [Metaspace: 2737K->2737K(1056768K)], 0.0345676 secs] [Times: user=0.03 sys=0.00, real=0.03 secs] 
2020-10-27T21:49:35.188-0800: 0.902: [GC (CMS Initial Mark) [1 CMS-initial-mark: 349308K(349568K)] 357290K(506816K), 0.0001408 secs] [Times: user=0.00 sys=0.00, real=0.00 secs] 
2020-10-27T21:49:35.189-0800: 0.902: [CMS-concurrent-mark-start]
2020-10-27T21:49:35.190-0800: 0.903: [CMS-concurrent-mark: 0.001/0.001 secs] [Times: user=0.01 sys=0.00, real=0.01 secs] 
2020-10-27T21:49:35.190-0800: 0.903: [CMS-concurrent-preclean-start]
2020-10-27T21:49:35.191-0800: 0.905: [CMS-concurrent-preclean: 0.001/0.001 secs] [Times: user=0.00 sys=0.00, real=0.00 secs] 
2020-10-27T21:49:35.191-0800: 0.905: [CMS-concurrent-abortable-preclean-start]
2020-10-27T21:49:35.191-0800: 0.905: [CMS-concurrent-abortable-preclean: 0.000/0.000 secs] [Times: user=0.00 sys=0.00, real=0.00 secs] 
2020-10-27T21:49:35.191-0800: 0.905: [GC (CMS Final Remark) [YG occupancy: 38420 K (157248 K)]2020-10-27T21:49:35.191-0800: 0.905: [Rescan (parallel) , 0.0002420 secs]2020-10-27T21:49:35.192-0800: 0.905: [weak refs processing, 0.0000116 secs]2020-10-27T21:49:35.192-0800: 0.905: [class unloading, 0.0001386 secs]2020-10-27T21:49:35.192-0800: 0.905: [scrub symbol table, 0.0002189 secs]2020-10-27T21:49:35.192-0800: 0.906: [scrub string table, 0.0001424 secs][1 CMS-remark: 349308K(349568K)] 387728K(506816K), 0.0008121 secs] [Times: user=0.00 sys=0.00, real=0.00 secs] 
2020-10-27T21:49:35.192-0800: 0.906: [CMS-concurrent-sweep-start]
2020-10-27T21:49:35.193-0800: 0.906: [CMS-concurrent-sweep: 0.000/0.000 secs] [Times: user=0.00 sys=0.00, real=0.00 secs] 
2020-10-27T21:49:35.193-0800: 0.906: [CMS-concurrent-reset-start]
2020-10-27T21:49:35.193-0800: 0.907: [CMS-concurrent-reset: 0.000/0.000 secs] [Times: user=0.00 sys=0.00, real=0.00 secs] 
2020-10-27T21:49:35.204-0800: 0.918: [GC (Allocation Failure) 2020-10-27T21:49:35.204-0800: 0.918: [ParNew: 156866K->156866K(157248K), 0.0000175 secs]2020-10-27T21:49:35.204-0800: 0.918: [CMS: 348567K->349503K(349568K), 0.0359777 secs] 505433K->363804K(506816K), [Metaspace: 2737K->2737K(1056768K)], 0.0360888 secs] [Times: user=0.03 sys=0.00, real=0.04 secs] 
2020-10-27T21:49:35.240-0800: 0.954: [GC (CMS Initial Mark) [1 CMS-initial-mark: 349503K(349568K)] 364261K(506816K), 0.0001756 secs] [Times: user=0.00 sys=0.00, real=0.00 secs] 
2020-10-27T21:49:35.241-0800: 0.954: [CMS-concurrent-mark-start]
2020-10-27T21:49:35.242-0800: 0.955: [CMS-concurrent-mark: 0.001/0.001 secs] [Times: user=0.00 sys=0.00, real=0.00 secs] 
2020-10-27T21:49:35.242-0800: 0.955: [CMS-concurrent-preclean-start]
2020-10-27T21:49:35.243-0800: 0.957: [CMS-concurrent-preclean: 0.001/0.001 secs] [Times: user=0.01 sys=0.00, real=0.00 secs] 
2020-10-27T21:49:35.243-0800: 0.957: [CMS-concurrent-abortable-preclean-start]
2020-10-27T21:49:35.243-0800: 0.957: [CMS-concurrent-abortable-preclean: 0.000/0.000 secs] [Times: user=0.00 sys=0.00, real=0.00 secs] 
2020-10-27T21:49:35.243-0800: 0.957: [GC (CMS Final Remark) [YG occupancy: 44314 K (157248 K)]2020-10-27T21:49:35.243-0800: 0.957: [Rescan (parallel) , 0.0002217 secs]2020-10-27T21:49:35.244-0800: 0.957: [weak refs processing, 0.0000114 secs]2020-10-27T21:49:35.244-0800: 0.957: [class unloading, 0.0001410 secs]2020-10-27T21:49:35.244-0800: 0.957: [scrub symbol table, 0.0002216 secs]2020-10-27T21:49:35.244-0800: 0.957: [scrub string table, 0.0001442 secs][1 CMS-remark: 349503K(349568K)] 393818K(506816K), 0.0007917 secs] [Times: user=0.00 sys=0.00, real=0.00 secs] 
2020-10-27T21:49:35.244-0800: 0.958: [CMS-concurrent-sweep-start]
2020-10-27T21:49:35.245-0800: 0.958: [CMS-concurrent-sweep: 0.000/0.000 secs] [Times: user=0.00 sys=0.00, real=0.00 secs] 
2020-10-27T21:49:35.245-0800: 0.958: [CMS-concurrent-reset-start]
2020-10-27T21:49:35.245-0800: 0.958: [CMS-concurrent-reset: 0.000/0.000 secs] [Times: user=0.00 sys=0.00, real=0.00 secs] 
2020-10-27T21:49:35.254-0800: 0.968: [GC (Allocation Failure) 2020-10-27T21:49:35.255-0800: 0.968: [ParNew: 156939K->156939K(157248K), 0.0000172 secs]2020-10-27T21:49:35.255-0800: 0.968: [CMS: 348868K->349467K(349568K), 0.0362254 secs] 505808K->360974K(506816K), [Metaspace: 2737K->2737K(1056768K)], 0.0363312 secs] [Times: user=0.04 sys=0.00, real=0.04 secs] 
2020-10-27T21:49:35.291-0800: 1.005: [GC (CMS Initial Mark) [1 CMS-initial-mark: 349467K(349568K)] 361555K(506816K), 0.0001662 secs] [Times: user=0.00 sys=0.00, real=0.00 secs] 
2020-10-27T21:49:35.291-0800: 1.005: [CMS-concurrent-mark-start]
2020-10-27T21:49:35.292-0800: 1.006: [CMS-concurrent-mark: 0.001/0.001 secs] [Times: user=0.00 sys=0.00, real=0.00 secs] 
2020-10-27T21:49:35.293-0800: 1.006: [CMS-concurrent-preclean-start]
2020-10-27T21:49:35.294-0800: 1.007: [CMS-concurrent-preclean: 0.001/0.001 secs] [Times: user=0.00 sys=0.00, real=0.00 secs] 
2020-10-27T21:49:35.294-0800: 1.007: [CMS-concurrent-abortable-preclean-start]
2020-10-27T21:49:35.294-0800: 1.007: [CMS-concurrent-abortable-preclean: 0.000/0.000 secs] [Times: user=0.00 sys=0.00, real=0.00 secs] 
2020-10-27T21:49:35.294-0800: 1.007: [GC (CMS Final Remark) [YG occupancy: 42931 K (157248 K)]2020-10-27T21:49:35.294-0800: 1.007: [Rescan (parallel) , 0.0004777 secs]2020-10-27T21:49:35.294-0800: 1.008: [weak refs processing, 0.0000119 secs]2020-10-27T21:49:35.294-0800: 1.008: [class unloading, 0.0001402 secs]2020-10-27T21:49:35.295-0800: 1.008: [scrub symbol table, 0.0002185 secs]2020-10-27T21:49:35.295-0800: 1.008: [scrub string table, 0.0001435 secs][1 CMS-remark: 349467K(349568K)] 392398K(506816K), 0.0010465 secs] [Times: user=0.00 sys=0.00, real=0.00 secs] 
2020-10-27T21:49:35.295-0800: 1.009: [CMS-concurrent-sweep-start]
2020-10-27T21:49:35.296-0800: 1.009: [CMS-concurrent-sweep: 0.000/0.000 secs] [Times: user=0.00 sys=0.00, real=0.00 secs] 
2020-10-27T21:49:35.296-0800: 1.009: [CMS-concurrent-reset-start]
2020-10-27T21:49:35.296-0800: 1.009: [CMS-concurrent-reset: 0.000/0.000 secs] [Times: user=0.01 sys=0.00, real=0.00 secs] 
2020-10-27T21:49:35.306-0800: 1.020: [GC (Allocation Failure) 2020-10-27T21:49:35.306-0800: 1.020: [ParNew: 157152K->157152K(157248K), 0.0000165 secs]2020-10-27T21:49:35.306-0800: 1.020: [CMS: 348907K->349554K(349568K), 0.0354470 secs] 506060K->362221K(506816K), [Metaspace: 2737K->2737K(1056768K)], 0.0355487 secs] [Times: user=0.03 sys=0.00, real=0.04 secs] 
2020-10-27T21:49:35.342-0800: 1.055: [GC (CMS Initial Mark) [1 CMS-initial-mark: 349554K(349568K)] 365127K(506816K), 0.0001759 secs] [Times: user=0.00 sys=0.00, real=0.00 secs] 
2020-10-27T21:49:35.342-0800: 1.055: [CMS-concurrent-mark-start]
2020-10-27T21:49:35.343-0800: 1.057: [CMS-concurrent-mark: 0.001/0.001 secs] [Times: user=0.00 sys=0.00, real=0.00 secs] 
2020-10-27T21:49:35.343-0800: 1.057: [CMS-concurrent-preclean-start]
2020-10-27T21:49:35.345-0800: 1.058: [CMS-concurrent-preclean: 0.001/0.001 secs] [Times: user=0.01 sys=0.00, real=0.00 secs] 
2020-10-27T21:49:35.345-0800: 1.058: [CMS-concurrent-abortable-preclean-start]
2020-10-27T21:49:35.345-0800: 1.058: [CMS-concurrent-abortable-preclean: 0.000/0.000 secs] [Times: user=0.00 sys=0.00, real=0.00 secs] 
2020-10-27T21:49:35.345-0800: 1.058: [GC (CMS Final Remark) [YG occupancy: 38724 K (157248 K)]2020-10-27T21:49:35.345-0800: 1.058: [Rescan (parallel) , 0.0002349 secs]2020-10-27T21:49:35.345-0800: 1.059: [weak refs processing, 0.0000133 secs]2020-10-27T21:49:35.345-0800: 1.059: [class unloading, 0.0001469 secs]2020-10-27T21:49:35.345-0800: 1.059: [scrub symbol table, 0.0002288 secs]2020-10-27T21:49:35.346-0800: 1.059: [scrub string table, 0.0001479 secs][1 CMS-remark: 349554K(349568K)] 388278K(506816K), 0.0008435 secs] [Times: user=0.00 sys=0.00, real=0.00 secs] 
2020-10-27T21:49:35.346-0800: 1.059: [CMS-concurrent-sweep-start]
2020-10-27T21:49:35.346-0800: 1.060: [CMS-concurrent-sweep: 0.000/0.000 secs] [Times: user=0.00 sys=0.00, real=0.00 secs] 
2020-10-27T21:49:35.346-0800: 1.060: [CMS-concurrent-reset-start]
2020-10-27T21:49:35.347-0800: 1.060: [CMS-concurrent-reset: 0.000/0.000 secs] [Times: user=0.00 sys=0.00, real=0.00 secs] 
2020-10-27T21:49:35.357-0800: 1.071: [GC (Allocation Failure) 2020-10-27T21:49:35.357-0800: 1.071: [ParNew: 157155K->157155K(157248K), 0.0000170 secs]2020-10-27T21:49:35.357-0800: 1.071: [CMS: 348986K->349383K(349568K), 0.0342765 secs] 506141K->356349K(506816K), [Metaspace: 2737K->2737K(1056768K)], 0.0343741 secs] [Times: user=0.04 sys=0.00, real=0.04 secs] 
2020-10-27T21:49:35.392-0800: 1.105: [GC (CMS Initial Mark) [1 CMS-initial-mark: 349383K(349568K)] 359251K(506816K), 0.0001793 secs] [Times: user=0.00 sys=0.00, real=0.00 secs] 
2020-10-27T21:49:35.392-0800: 1.105: [CMS-concurrent-mark-start]
Heap
 par new generation   total 157248K, used 12664K [0x00000007a0000000, 0x00000007aaaa0000, 0x00000007aaaa0000)
  eden space 139776K,   9% used [0x00000007a0000000, 0x00000007a0c5e178, 0x00000007a8880000)
  from space 17472K,   0% used [0x00000007a8880000, 0x00000007a8880000, 0x00000007a9990000)
  to   space 17472K,   0% used [0x00000007a9990000, 0x00000007a9990000, 0x00000007aaaa0000)
 concurrent mark-sweep generation total 349568K, used 349383K [0x00000007aaaa0000, 0x00000007c0000000, 0x00000007c0000000)
 Metaspace       used 2743K, capacity 4486K, committed 4864K, reserved 1056768K
  class space    used 297K, capacity 386K, committed 512K, reserved 1048576K
