Java HotSpot(TM) 64-Bit Server VM (25.251-b08) for bsd-amd64 JRE (1.8.0_251-b08), built on Mar 12 2020 02:36:37 by "java_re" with gcc 4.2.1 (Based on Apple Inc. build 5658) (LLVM build 2336.11.00)
Memory: 4k page, physical 33554432k(1178640k free)

/proc/meminfo:

CommandLine flags: -XX:InitialHeapSize=536870912 -XX:MaxHeapSize=536870912 -XX:+PrintGC -XX:+PrintGCDateStamps -XX:+PrintGCDetails -XX:+PrintGCTimeStamps -XX:+UseCompressedClassPointers -XX:+UseCompressedOops -XX:+UseSerialGC 
2020-10-27T21:18:39.965-0800: 0.136: [GC (Allocation Failure) 2020-10-27T21:18:39.966-0800: 0.136: [DefNew: 139355K->17472K(157248K), 0.0257935 secs] 139355K->49012K(506816K), 0.0259138 secs] [Times: user=0.02 sys=0.01, real=0.03 secs] 
2020-10-27T21:18:40.009-0800: 0.180: [GC (Allocation Failure) 2020-10-27T21:18:40.009-0800: 0.180: [DefNew: 157248K->17471K(157248K), 0.0317772 secs] 188788K->95151K(506816K), 0.0318594 secs] [Times: user=0.02 sys=0.01, real=0.04 secs] 
2020-10-27T21:18:40.057-0800: 0.227: [GC (Allocation Failure) 2020-10-27T21:18:40.057-0800: 0.227: [DefNew: 157247K->17471K(157248K), 0.0263185 secs] 234927K->145865K(506816K), 0.0264187 secs] [Times: user=0.01 sys=0.01, real=0.03 secs] 
2020-10-27T21:18:40.098-0800: 0.269: [GC (Allocation Failure) 2020-10-27T21:18:40.098-0800: 0.269: [DefNew: 157247K->17470K(157248K), 0.0250938 secs] 285641K->194002K(506816K), 0.0251738 secs] [Times: user=0.02 sys=0.01, real=0.03 secs] 
2020-10-27T21:18:40.139-0800: 0.309: [GC (Allocation Failure) 2020-10-27T21:18:40.139-0800: 0.309: [DefNew: 157246K->17469K(157248K), 0.0226764 secs] 333778K->237364K(506816K), 0.0227604 secs] [Times: user=0.02 sys=0.01, real=0.03 secs] 
2020-10-27T21:18:40.176-0800: 0.346: [GC (Allocation Failure) 2020-10-27T21:18:40.176-0800: 0.346: [DefNew: 157245K->17471K(157248K), 0.0259475 secs] 377140K->287675K(506816K), 0.0260337 secs] [Times: user=0.02 sys=0.02, real=0.03 secs] 
2020-10-27T21:18:40.215-0800: 0.386: [GC (Allocation Failure) 2020-10-27T21:18:40.215-0800: 0.386: [DefNew: 157247K->17472K(157248K), 0.0252780 secs] 427451K->336768K(506816K), 0.0253666 secs] [Times: user=0.02 sys=0.01, real=0.03 secs] 
2020-10-27T21:18:40.255-0800: 0.426: [GC (Allocation Failure) 2020-10-27T21:18:40.255-0800: 0.426: [DefNew: 157248K->157248K(157248K), 0.0000158 secs]2020-10-27T21:18:40.255-0800: 0.426: [Tenured: 319296K->268521K(349568K), 0.0274612 secs] 476544K->268521K(506816K), [Metaspace: 2737K->2737K(1056768K)], 0.0275815 secs] [Times: user=0.03 sys=0.00, real=0.03 secs] 
2020-10-27T21:18:40.295-0800: 0.466: [GC (Allocation Failure) 2020-10-27T21:18:40.295-0800: 0.466: [DefNew: 139776K->17470K(157248K), 0.0041320 secs] 408297K->313903K(506816K), 0.0042055 secs] [Times: user=0.00 sys=0.00, real=0.00 secs] 
2020-10-27T21:18:40.313-0800: 0.483: [GC (Allocation Failure) 2020-10-27T21:18:40.313-0800: 0.483: [DefNew: 157246K->157246K(157248K), 0.0000160 secs]2020-10-27T21:18:40.313-0800: 0.483: [Tenured: 296433K->300176K(349568K), 0.0267637 secs] 453679K->300176K(506816K), [Metaspace: 2737K->2737K(1056768K)], 0.0268722 secs] [Times: user=0.02 sys=0.00, real=0.02 secs] 
2020-10-27T21:18:40.354-0800: 0.525: [GC (Allocation Failure) 2020-10-27T21:18:40.354-0800: 0.525: [DefNew: 139776K->17471K(157248K), 0.0071302 secs] 439952K->344248K(506816K), 0.0072098 secs] [Times: user=0.01 sys=0.00, real=0.01 secs] 
2020-10-27T21:18:40.375-0800: 0.546: [GC (Allocation Failure) 2020-10-27T21:18:40.375-0800: 0.546: [DefNew: 156930K->156930K(157248K), 0.0000163 secs]2020-10-27T21:18:40.375-0800: 0.546: [Tenured: 326776K->311511K(349568K), 0.0289302 secs] 483706K->311511K(506816K), [Metaspace: 2737K->2737K(1056768K)], 0.0290511 secs] [Times: user=0.03 sys=0.00, real=0.03 secs] 
2020-10-27T21:18:40.418-0800: 0.589: [GC (Allocation Failure) 2020-10-27T21:18:40.418-0800: 0.589: [DefNew: 139776K->139776K(157248K), 0.0000167 secs]2020-10-27T21:18:40.418-0800: 0.589: [Tenured: 311511K->309224K(349568K), 0.0301004 secs] 451287K->309224K(506816K), [Metaspace: 2737K->2737K(1056768K)], 0.0302103 secs] [Times: user=0.03 sys=0.00, real=0.03 secs] 
2020-10-27T21:18:40.461-0800: 0.631: [GC (Allocation Failure) 2020-10-27T21:18:40.461-0800: 0.631: [DefNew: 139776K->139776K(157248K), 0.0000152 secs]2020-10-27T21:18:40.461-0800: 0.631: [Tenured: 309224K->337210K(349568K), 0.0245068 secs] 449000K->337210K(506816K), [Metaspace: 2737K->2737K(1056768K)], 0.0246199 secs] [Times: user=0.03 sys=0.00, real=0.02 secs] 
2020-10-27T21:18:40.499-0800: 0.669: [GC (Allocation Failure) 2020-10-27T21:18:40.499-0800: 0.669: [DefNew: 139776K->139776K(157248K), 0.0000141 secs]2020-10-27T21:18:40.499-0800: 0.669: [Tenured: 337210K->344479K(349568K), 0.0305891 secs] 476986K->344479K(506816K), [Metaspace: 2737K->2737K(1056768K)], 0.0306805 secs] [Times: user=0.03 sys=0.00, real=0.03 secs] 
2020-10-27T21:18:40.543-0800: 0.714: [GC (Allocation Failure) 2020-10-27T21:18:40.544-0800: 0.714: [DefNew: 139776K->139776K(157248K), 0.0000140 secs]2020-10-27T21:18:40.544-0800: 0.714: [Tenured: 344479K->349121K(349568K), 0.0322919 secs] 484255K->353627K(506816K), [Metaspace: 2737K->2737K(1056768K)], 0.0323880 secs] [Times: user=0.03 sys=0.00, real=0.03 secs] 
2020-10-27T21:18:40.592-0800: 0.763: [Full GC (Allocation Failure) 2020-10-27T21:18:40.592-0800: 0.763: [Tenured: 349401K->333751K(349568K), 0.0322788 secs] 506476K->333751K(506816K), [Metaspace: 2737K->2737K(1056768K)], 0.0323608 secs] [Times: user=0.03 sys=0.01, real=0.03 secs] 
2020-10-27T21:18:40.638-0800: 0.808: [GC (Allocation Failure) 2020-10-27T21:18:40.638-0800: 0.809: [DefNew: 139776K->139776K(157248K), 0.0000151 secs]2020-10-27T21:18:40.638-0800: 0.809: [Tenured: 333751K->349272K(349568K), 0.0223601 secs] 473527K->355939K(506816K), [Metaspace: 2737K->2737K(1056768K)], 0.0224691 secs] [Times: user=0.02 sys=0.00, real=0.03 secs] 
2020-10-27T21:18:40.675-0800: 0.846: [Full GC (Allocation Failure) 2020-10-27T21:18:40.675-0800: 0.846: [Tenured: 349272K->349425K(349568K), 0.0288576 secs] 505936K->361082K(506816K), [Metaspace: 2737K->2737K(1056768K)], 0.0289424 secs] [Times: user=0.03 sys=0.00, real=0.03 secs] 
2020-10-27T21:18:40.719-0800: 0.890: [Full GC (Allocation Failure) 2020-10-27T21:18:40.719-0800: 0.890: [Tenured: 349425K->349386K(349568K), 0.0307228 secs] 506188K->357099K(506816K), [Metaspace: 2737K->2737K(1056768K)], 0.0308178 secs] [Times: user=0.03 sys=0.00, real=0.04 secs] 
2020-10-27T21:18:40.765-0800: 0.936: [Full GC (Allocation Failure) 2020-10-27T21:18:40.765-0800: 0.936: [Tenured: 349386K->342121K(349568K), 0.0326007 secs] 506615K->342121K(506816K), [Metaspace: 2737K->2737K(1056768K)], 0.0326840 secs] [Times: user=0.03 sys=0.00, real=0.03 secs] 
2020-10-27T21:18:40.812-0800: 0.983: [GC (Allocation Failure) 2020-10-27T21:18:40.812-0800: 0.983: [DefNew: 139776K->139776K(157248K), 0.0000139 secs]2020-10-27T21:18:40.812-0800: 0.983: [Tenured: 342121K->349560K(349568K), 0.0203414 secs] 481897K->360532K(506816K), [Metaspace: 2737K->2737K(1056768K)], 0.0204352 secs] [Times: user=0.02 sys=0.00, real=0.02 secs] 
2020-10-27T21:18:40.848-0800: 1.019: [Full GC (Allocation Failure) 2020-10-27T21:18:40.848-0800: 1.019: [Tenured: 349560K->349549K(349568K), 0.0282146 secs] 506770K->360877K(506816K), [Metaspace: 2737K->2737K(1056768K)], 0.0283023 secs] [Times: user=0.03 sys=0.00, real=0.03 secs] 
2020-10-27T21:18:40.891-0800: 1.062: [Full GC (Allocation Failure) 2020-10-27T21:18:40.891-0800: 1.062: [Tenured: 349549K->349209K(349568K), 0.0305085 secs] 506537K->367673K(506816K), [Metaspace: 2737K->2737K(1056768K)], 0.0306113 secs] [Times: user=0.03 sys=0.00, real=0.03 secs] 
Heap
 def new generation   total 157248K, used 24798K [0x00000007a0000000, 0x00000007aaaa0000, 0x00000007aaaa0000)
  eden space 139776K,  17% used [0x00000007a0000000, 0x00000007a1837990, 0x00000007a8880000)
  from space 17472K,   0% used [0x00000007a9990000, 0x00000007a9990000, 0x00000007aaaa0000)
  to   space 17472K,   0% used [0x00000007a8880000, 0x00000007a8880000, 0x00000007a9990000)
 tenured generation   total 349568K, used 349209K [0x00000007aaaa0000, 0x00000007c0000000, 0x00000007c0000000)
   the space 349568K,  99% used [0x00000007aaaa0000, 0x00000007bffa66b0, 0x00000007bffa6800, 0x00000007c0000000)
 Metaspace       used 2744K, capacity 4486K, committed 4864K, reserved 1056768K
  class space    used 297K, capacity 386K, committed 512K, reserved 1048576K
